Archive member included to satisfy reference by file (symbol)

../Lab_0_post_lab_bsp/\libhal_bsp.a(alt_load.o)
                              ../Lab_0_post_lab_bsp//obj/HAL/src/crt0.o (alt_load)
../Lab_0_post_lab_bsp/\libhal_bsp.a(alt_main.o)
                              ../Lab_0_post_lab_bsp//obj/HAL/src/crt0.o (alt_main)
../Lab_0_post_lab_bsp/\libhal_bsp.a(alt_sys_init.o)
                              ../Lab_0_post_lab_bsp/\libhal_bsp.a(alt_main.o) (alt_irq_init)
../Lab_0_post_lab_bsp/\libhal_bsp.a(altera_avalon_jtag_uart_fd.o)
                              ../Lab_0_post_lab_bsp/\libhal_bsp.a(alt_sys_init.o) (altera_avalon_jtag_uart_read_fd)
../Lab_0_post_lab_bsp/\libhal_bsp.a(altera_avalon_jtag_uart_init.o)
                              ../Lab_0_post_lab_bsp/\libhal_bsp.a(alt_sys_init.o) (altera_avalon_jtag_uart_init)
../Lab_0_post_lab_bsp/\libhal_bsp.a(altera_avalon_jtag_uart_ioctl.o)
                              ../Lab_0_post_lab_bsp/\libhal_bsp.a(altera_avalon_jtag_uart_fd.o) (altera_avalon_jtag_uart_ioctl)
../Lab_0_post_lab_bsp/\libhal_bsp.a(altera_avalon_jtag_uart_read.o)
                              ../Lab_0_post_lab_bsp/\libhal_bsp.a(altera_avalon_jtag_uart_fd.o) (altera_avalon_jtag_uart_read)
../Lab_0_post_lab_bsp/\libhal_bsp.a(altera_avalon_jtag_uart_write.o)
                              ../Lab_0_post_lab_bsp/\libhal_bsp.a(altera_avalon_jtag_uart_fd.o) (altera_avalon_jtag_uart_write)
../Lab_0_post_lab_bsp/\libhal_bsp.a(altera_avalon_lcd_16207.o)
                              ../Lab_0_post_lab_bsp/\libhal_bsp.a(alt_sys_init.o) (altera_avalon_lcd_16207_init)
../Lab_0_post_lab_bsp/\libhal_bsp.a(altera_avalon_lcd_16207_fd.o)
                              ../Lab_0_post_lab_bsp/\libhal_bsp.a(alt_sys_init.o) (altera_avalon_lcd_16207_write_fd)
../Lab_0_post_lab_bsp/\libhal_bsp.a(altera_avalon_timer_sc.o)
                              ../Lab_0_post_lab_bsp/\libhal_bsp.a(alt_sys_init.o) (alt_avalon_timer_sc_init)
../Lab_0_post_lab_bsp/\libhal_bsp.a(altera_avalon_uart_fd.o)
                              ../Lab_0_post_lab_bsp/\libhal_bsp.a(alt_sys_init.o) (altera_avalon_uart_read_fd)
../Lab_0_post_lab_bsp/\libhal_bsp.a(altera_avalon_uart_init.o)
                              ../Lab_0_post_lab_bsp/\libhal_bsp.a(alt_sys_init.o) (altera_avalon_uart_init)
../Lab_0_post_lab_bsp/\libhal_bsp.a(altera_avalon_uart_read.o)
                              ../Lab_0_post_lab_bsp/\libhal_bsp.a(altera_avalon_uart_fd.o) (altera_avalon_uart_read)
../Lab_0_post_lab_bsp/\libhal_bsp.a(altera_avalon_uart_write.o)
                              ../Lab_0_post_lab_bsp/\libhal_bsp.a(altera_avalon_uart_fd.o) (altera_avalon_uart_write)
../Lab_0_post_lab_bsp/\libhal_bsp.a(alt_alarm_start.o)
                              ../Lab_0_post_lab_bsp/\libhal_bsp.a(altera_avalon_jtag_uart_init.o) (alt_alarm_start)
../Lab_0_post_lab_bsp/\libhal_bsp.a(alt_close.o)
                              ../Lab_0_post_lab_bsp/\libhal_bsp.a(alt_main.o) (close)
../Lab_0_post_lab_bsp/\libhal_bsp.a(alt_dcache_flush_all.o)
                              ../Lab_0_post_lab_bsp/\libhal_bsp.a(alt_load.o) (alt_dcache_flush_all)
../Lab_0_post_lab_bsp/\libhal_bsp.a(alt_dev.o)
                              ../Lab_0_post_lab_bsp/\libhal_bsp.a(alt_sys_init.o) (alt_dev_list)
../Lab_0_post_lab_bsp/\libhal_bsp.a(alt_dev_llist_insert.o)
                              ../Lab_0_post_lab_bsp/\libhal_bsp.a(alt_sys_init.o) (alt_dev_llist_insert)
../Lab_0_post_lab_bsp/\libhal_bsp.a(alt_do_ctors.o)
                              ../Lab_0_post_lab_bsp/\libhal_bsp.a(alt_main.o) (_do_ctors)
../Lab_0_post_lab_bsp/\libhal_bsp.a(alt_do_dtors.o)
                              ../Lab_0_post_lab_bsp/\libhal_bsp.a(alt_main.o) (_do_dtors)
../Lab_0_post_lab_bsp/\libhal_bsp.a(alt_errno.o)
                              ../Lab_0_post_lab_bsp/\libhal_bsp.a(altera_avalon_uart_read.o) (alt_errno)
../Lab_0_post_lab_bsp/\libhal_bsp.a(alt_icache_flush_all.o)
                              ../Lab_0_post_lab_bsp/\libhal_bsp.a(alt_load.o) (alt_icache_flush_all)
../Lab_0_post_lab_bsp/\libhal_bsp.a(alt_io_redirect.o)
                              ../Lab_0_post_lab_bsp/\libhal_bsp.a(alt_main.o) (alt_io_redirect)
../Lab_0_post_lab_bsp/\libhal_bsp.a(alt_irq_register.o)
                              ../Lab_0_post_lab_bsp/\libhal_bsp.a(altera_avalon_jtag_uart_init.o) (alt_irq_register)
../Lab_0_post_lab_bsp/\libhal_bsp.a(alt_irq_vars.o)
                              ../Lab_0_post_lab_bsp/\libhal_bsp.a(alt_irq_register.o) (alt_irq_active)
../Lab_0_post_lab_bsp/\libhal_bsp.a(alt_open.o)
                              ../Lab_0_post_lab_bsp/\libhal_bsp.a(alt_io_redirect.o) (open)
../Lab_0_post_lab_bsp/\libhal_bsp.a(alt_release_fd.o)
                              ../Lab_0_post_lab_bsp/\libhal_bsp.a(alt_close.o) (alt_release_fd)
../Lab_0_post_lab_bsp/\libhal_bsp.a(alt_tick.o)
[...]
Memory Configuration

Name             Origin             Length             Attributes
reset            0x0000000000800000 0x0000000000000020
sdram_0          0x0000000000800020 0x00000000007fffe0
*default*        0x0000000000000000 0xffffffffffffffff

Linker script and memory map

LOAD ../Lab_0_post_lab_bsp//obj/HAL/src/crt0.o
LOAD obj/default/hello_world.o
LOAD c:/software/altera/15.1/nios2eds/bin/gnu/h-x86_64-mingw32/bin/../lib/gcc/nios2-elf/4.9.2/../../../../../H-x86_64-mingw32/nios2-elf/lib\libstdc++.a
LOAD c:/software/altera/15.1/nios2eds/bin/gnu/h-x86_64-mingw32/bin/../lib/gcc/nios2-elf/4.9.2/../../../../../H-x86_64-mingw32/nios2-elf/lib\libm.a
LOAD c:/software/altera/15.1/nios2eds/bin/gnu/h-x86_64-mingw32/bin/../lib/gcc/nios2-elf/4.9.2\libgcc.a
START GROUP
LOAD c:/software/altera/15.1/nios2eds/bin/gnu/h-x86_64-mingw32/bin/../lib/gcc/nios2-elf/4.9.2/../../../../../H-x86_64-mingw32/nios2-elf/lib\libc.a
LOAD c:/software/altera/15.1/nios2eds/bin/gnu/h-x86_64-mingw32/bin/../lib/gcc/nios2-elf/4.9.2\libgcc.a
LOAD ../Lab_0_post_lab_bsp/\libhal_bsp.a
LOAD c:/software/altera/15.1/nios2eds/bin/gnu/h-x86_64-mingw32/bin/../lib/gcc/nios2-elf/4.9.2/../../../../../H-x86_64-mingw32/nios2-elf/lib\libm.a
END GROUP
LOAD c:/software/altera/15.1/nios2eds/bin/gnu/h-x86_64-mingw32/bin/../lib/gcc/nios2-elf/4.9.2\libgcc.a
                0x0000000000800000                __alt_mem_sdram_0 = 0x800000

.entry          0x0000000000800000       0x20
 *(.entry)
 .entry         0x0000000000800000       0x20 ../Lab_0_post_lab_bsp//obj/HAL/src/crt0.o
                0x0000000000800000                __reset

.exceptions     0x0000000000800020      0x224
                0x0000000000800020                PROVIDE (__ram_exceptions_start, ABSOLUTE (.))
                0x0000000000800020                . = ALIGN (0x20)
 *(.irq)
 *(.exceptions.entry.label)
 .exceptions.entry.label
                0x0000000000800020        0x0 ../Lab_0_post_lab_bsp/\libhal_bsp.a(alt_irq_entry.o)
                0x0000000000800020                alt_irq_entry
 .exceptions.entry.label
                0x0000000000800020        0x0 ../Lab_0_post_lab_bsp/\libhal_bsp.a(alt_exception_entry.o)
                0x0000000000800020                alt_exception
 *(.exceptions.entry.user)
 *(.exceptions.entry.ecc_fatal)
 *(.exceptions.entry)
 .exceptions.entry
                0x0000000000800020       0x54 ../Lab_0_post_lab_bsp/\libhal_bsp.a(alt_exception_entry.o)
 *(.exceptions.irqtest.user)
 *(.exceptions.irqtest)
 .exceptions.irqtest
                0x0000000000800074       0x10 ../Lab_0_post_lab_bsp/\libhal_bsp.a(alt_irq_entry.o)
 *(.exceptions.irqhandler.user)
 *(.exceptions.irqhandler)
 .exceptions.irqhandler
                0x0000000000800084        0x4 ../Lab_0_post_lab_bsp/\libhal_bsp.a(alt_irq_entry.o)
 *(.exceptions.irqreturn.user)
 *(.exceptions.irqreturn)
 .exceptions.irqreturn
                0x0000000000800088        0x4 ../Lab_0_post_lab_bsp/\libhal_bsp.a(alt_irq_entry.o)
 *(.exceptions.notirq.label)
 .exceptions.notirq.label
                0x000000000080008c        0x0 ../Lab_0_post_lab_bsp/\libhal_bsp.a(alt_irq_entry.o)
 *(.exceptions.notirq.user)
 *(.exceptions.notirq)
 .exceptions.notirq
                0x000000000080008c        0x8 ../Lab_0_post_lab_bsp/\libhal_bsp.a(alt_exception_entry.o)
 *(.exceptions.soft.user)
 *(.exceptions.soft)
 *(.exceptions.unknown.user)
 *(.exceptions.unknown)
 .exceptions.unknown
                0x0000000000800094       0x14 ../Lab_0_post_lab_bsp/\libhal_bsp.a(alt_exception_entry.o)
 *(.exceptions.exit.label)
 .exceptions.exit.label
                0x00000000008000a8        0x0 ../Lab_0_post_lab_bsp/\libhal_bsp.a(alt_irq_entry.o)
 .exceptions.exit.label
                0x00000000008000a8        0x0 ../Lab_0_post_lab_bsp/\libhal_bsp.a(alt_exception_entry.o)
 *(.exceptions.exit.user)
 *(.exceptions.exit)
 .exceptions.exit
                0x00000000008000a8       0x54 ../Lab_0_post_lab_bsp/\libhal_bsp.a(alt_exception_entry.o)
 *(.exceptions)
 .exceptions    0x00000000008000fc       0xd4 ../Lab_0_post_lab_bsp/\libhal_bsp.a(alt_irq_handler.o)
                0x00000000008000fc                alt_irq_handler
 .exceptions    0x00000000008001d0       0x74 ../Lab_0_post_lab_bsp/\libhal_bsp.a(alt_instruction_exception_entry.o)
                0x00000000008001d0                alt_instruction_exception_entry
                0x0000000000800244                PROVIDE (__ram_exceptions_end, ABSOLUTE (.))
                0x0000000000800020                PROVIDE (__flash_exceptions_start, LOADADDR (.exceptions))

.text           0x0000000000800244     0x3eec
                0x0000000000800244                PROVIDE (stext, ABSOLUTE (.))
 *(.interp)
 *(.hash)
 *(.dynsym)
 *(.dynstr)
 *(.gnu.version)
 *(.gnu.version_d)
 *(.gnu.version_r)
 *(.rel.init)
 *(.rela.init)
 *(.rel.text .rel.text.* .rel.gnu.linkonce.t.*)
 *(.rela.text .rela.text.* .rela.gnu.linkonce.t.*)
 *(.rel.fini)
 *(.rela.fini)
 *(.rel.rodata .rel.rodata.* .rel.gnu.linkonce.r.*)
 *(.rela.rodata .rela.rodata.* .rela.gnu.linkonce.r.*)
 *(.rel.data .rel.data.* .rel.gnu.linkonce.d.*)
 *(.rela.data .rela.data.* .rela.gnu.linkonce.d.*)
 *(.rel.tdata .rel.tdata.* .rel.gnu.linkonce.td.*)
 *(.rela.tdata .rela.tdata.* .rela.gnu.linkonce.td.*)
 *(.rel.tbss .rel.tbss.* .rel.gnu.linkonce.tb.*)
 *(.rela.tbss .rela.tbss.* .rela.gnu.linkonce.tb.*)
 *(.rel.ctors)
 *(.rela.ctors)
 *(.rel.dtors)
 *(.rela.dtors)
 *(.rel.got)
 *(.rela.got)
 *(.rel.sdata .rel.sdata.* .rel.gnu.linkonce.s.*)
 *(.rela.sdata .rela.sdata.* .rela.gnu.linkonce.s.*)
 *(.rel.sbss .rel.sbss.* .rel.gnu.linkonce.sb.*)
 *(.rela.sbss .rela.sbss.* .rela.gnu.linkonce.sb.*)
 *(.rel.sdata2 .rel.sdata2.* .rel.gnu.linkonce.s2.*)
 *(.rela.sdata2 .rela.sdata2.* .rela.gnu.linkonce.s2.*)
 *(.rel.sbss2 .rel.sbss2.* .rel.gnu.linkonce.sb2.*)
 *(.rela.sbss2 .rela.sbss2.* .rela.gnu.linkonce.sb2.*)
 *(.rel.bss .rel.bss.* .rel.gnu.linkonce.b.*)
 *(.rela.bss .rela.bss.* .rela.gnu.linkonce.b.*)
 *(.rel.plt)
 *(.rela.plt)
 *(.rel.dyn)
 *(.init)
 *(.plt)
 *(.text .stub .text.* .gnu.linkonce.t.*)
 .text          0x0000000000800244       0x4c ../Lab_0_post_lab_bsp//obj/HAL/src/crt0.o
                0x0000000000800244                _start
 .text          0x0000000000800290       0x40 obj/default/hello_world.o
                0x0000000000800290                main
 .text          0x00000000008002d0       0xe4 ../Lab_0_post_lab_bsp/\libhal_bsp.a(alt_load.o)
                0x0000000000800334                alt_load
 .text          0x00000000008003b4       0x78 ../Lab_0_post_lab_bsp/\libhal_bsp.a(alt_main.o)
                0x00000000008003b4                alt_main
 .text          0x000000000080042c      0x11c ../Lab_0_post_lab_bsp/\libhal_bsp.a(alt_sys_init.o)
                0x0000000000800464                alt_irq_init
                0x0000000000800498                alt_sys_init
 .text          0x0000000000800548      0x164 ../Lab_0_post_lab_bsp/\libhal_bsp.a(altera_avalon_jtag_uart_fd.o)
                0x0000000000800548                altera_avalon_jtag_uart_read_fd
                0x00000000008005a8                altera_avalon_jtag_uart_write_fd
                0x0000000000800608                altera_avalon_jtag_uart_close_fd
                0x0000000000800658                altera_avalon_jtag_uart_ioctl_fd
 .text          0x00000000008006ac      0x3d0 ../Lab_0_post_lab_bsp/\libhal_bsp.a(altera_avalon_jtag_uart_init.o)
                0x00000000008006ac                altera_avalon_jtag_uart_init
                0x0000000000800a14                altera_avalon_jtag_uart_close
 .text          0x0000000000800a7c       0xec ../Lab_0_post_lab_bsp/\libhal_bsp.a(altera_avalon_jtag_uart_ioctl.o)
                0x0000000000800a7c                altera_avalon_jtag_uart_ioctl
 .text          0x0000000000800b68      0x20c ../Lab_0_post_lab_bsp/\libhal_bsp.a(altera_avalon_jtag_uart_read.o)
                0x0000000000800b68                altera_avalon_jtag_uart_read
 .text          0x0000000000800d74      0x218 ../Lab_0_post_lab_bsp/\libhal_bsp.a(altera_avalon_jtag_uart_write.o)
                0x0000000000800d74                altera_avalon_jtag_uart_write
 .text          0x0000000000800f8c      0xe70 ../Lab_0_post_lab_bsp/\libhal_bsp.a(altera_avalon_lcd_16207.o)
                0x0000000000801730                altera_avalon_lcd_16207_write
                0x0000000000801cc4                altera_avalon_lcd_16207_init
 .text          0x0000000000801dfc       0x60 ../Lab_0_post_lab_bsp/\libhal_bsp.a(altera_avalon_lcd_16207_fd.o)
                0x0000000000801dfc                altera_avalon_lcd_16207_write_fd
 .text          0x0000000000801e5c       0xf8 ../Lab_0_post_lab_bsp/\libhal_bsp.a(altera_avalon_timer_sc.o)
                0x0000000000801ed4                alt_avalon_timer_sc_init
 .text          0x0000000000801f54      0x110 ../Lab_0_post_lab_bsp/\libhal_bsp.a(altera_avalon_uart_fd.o)
                0x0000000000801f54                altera_avalon_uart_read_fd
                0x0000000000801fb4                altera_avalon_uart_write_fd
                0x0000000000802014                altera_avalon_uart_close_fd
 .text          0x0000000000802064      0x3b4 ../Lab_0_post_lab_bsp/\libhal_bsp.a(altera_avalon_uart_init.o)
                0x0000000000802064                altera_avalon_uart_init
                0x00000000008023c4                altera_avalon_uart_close
 .text          0x0000000000802418      0x22c ../Lab_0_post_lab_bsp/\libhal_bsp.a(altera_avalon_uart_read.o)
                0x0000000000802468                altera_avalon_uart_read
 .text          0x0000000000802644      0x1fc ../Lab_0_post_lab_bsp/\libhal_bsp.a(altera_avalon_uart_write.o)
                0x0000000000802694                altera_avalon_uart_write
 .text          0x0000000000802840      0x140 ../Lab_0_post_lab_bsp/\libhal_bsp.a(alt_alarm_start.o)
                0x0000000000802840                alt_alarm_start
 .text          0x0000000000802980      0x120 ../Lab_0_post_lab_bsp/\libhal_bsp.a(alt_close.o)
                0x00000000008029d0                close
 .text          0x0000000000802aa0       0x44 ../Lab_0_post_lab_bsp/\libhal_bsp.a(alt_dcache_flush_all.o)
                0x0000000000802aa0                alt_dcache_flush_all
 .text          0x0000000000802ae4       0x2c ../Lab_0_post_lab_bsp/\libhal_bsp.a(alt_dev.o)
 .text          0x0000000000802b10       0xf4 ../Lab_0_post_lab_bsp/\libhal_bsp.a(alt_dev_llist_insert.o)
                0x0000000000802b60                alt_dev_llist_insert
 .text          0x0000000000802c04       0x5c ../Lab_0_post_lab_bsp/\libhal_bsp.a(alt_do_ctors.o)
                0x0000000000802c04                _do_ctors
 .text          0x0000000000802c60       0x5c ../Lab_0_post_lab_bsp/\libhal_bsp.a(alt_do_dtors.o)
                0x0000000000802c60                _do_dtors
 .text          0x0000000000802cbc        0x0 ../Lab_0_post_lab_bsp/\libhal_bsp.a(alt_errno.o)
 .text          0x0000000000802cbc       0x30 ../Lab_0_post_lab_bsp/\libhal_bsp.a(alt_icache_flush_all.o)
                0x0000000000802cbc                alt_icache_flush_all
 .text          0x0000000000802cec      0x138 ../Lab_0_post_lab_bsp/\libhal_bsp.a(alt_io_redirect.o)
                0x0000000000802dac                alt_io_redirect
 .text          0x0000000000802e24      0x1b0 ../Lab_0_post_lab_bsp/\libhal_bsp.a(alt_irq_register.o)
                0x0000000000802e24                alt_irq_register
 .text          0x0000000000802fd4        0x0 ../Lab_0_post_lab_bsp/\libhal_bsp.a(alt_irq_vars.o)
 .text          0x0000000000802fd4      0x274 ../Lab_0_post_lab_bsp/\libhal_bsp.a(alt_open.o)
                0x00000000008030f0                open
 .text          0x0000000000803248       0x60 ../Lab_0_post_lab_bsp/\libhal_bsp.a(alt_release_fd.o)
                0x0000000000803248                alt_release_fd
 .text          0x00000000008032a8      0x19c ../Lab_0_post_lab_bsp/\libhal_bsp.a(alt_tick.o)
                0x00000000008032a8                alt_alarm_stop
                0x0000000000803340                alt_tick
 .text          0x0000000000803444       0x30 ../Lab_0_post_lab_bsp/\libhal_bsp.a(alt_usleep.o)
                0x0000000000803444                usleep
 .text          0x0000000000803474       0x20 ../Lab_0_post_lab_bsp/\libhal_bsp.a(altera_nios2_gen2_irq.o)
                0x0000000000803474                altera_nios2_gen2_irq_init
 .text          0x0000000000803494      0x158 ../Lab_0_post_lab_bsp/\libhal_bsp.a(alt_busy_sleep.o)
                0x0000000000803494                alt_busy_sleep
 .text          0x00000000008035ec       0x90 ../Lab_0_post_lab_bsp/\libhal_bsp.a(alt_find_dev.o)
                0x00000000008035ec                alt_find_dev
 .text          0x000000000080367c      0x114 ../Lab_0_post_lab_bsp/\libhal_bsp.a(alt_find_file.o)
                0x000000000080367c                alt_find_file
 .text          0x0000000000803790       0xb4 ../Lab_0_post_lab_bsp/\libhal_bsp.a(alt_get_fd.o)
                0x0000000000803790                alt_get_fd
 .text          0x0000000000803844       0x8c ../Lab_0_post_lab_bsp/\libhal_bsp.a(alt_icache_flush.o)
                0x0000000000803844                alt_icache_flush
 .text          0x00000000008038d0        0x0 ../Lab_0_post_lab_bsp/\libhal_bsp.a(alt_irq_entry.o)
 .text          0x00000000008038d0        0x0 ../Lab_0_post_lab_bsp/\libhal_bsp.a(alt_irq_handler.o)
 .text          0x00000000008038d0        0x0 ../Lab_0_post_lab_bsp/\libhal_bsp.a(alt_exception_entry.o)
 .text          0x00000000008038d0       0x9c ../Lab_0_post_lab_bsp/\libhal_bsp.a(alt_instruction_exception_entry.o)
                0x00000000008038d0                alt_exception_cause_generated_bad_addr
 .text          0x000000000080396c        0x0 c:/software/altera/15.1/nios2eds/bin/gnu/h-x86_64-mingw32/bin/../lib/gcc/nios2-elf/4.9.2/../../../../../H-x86_64-mingw32/nios2-elf/lib\libc.a(lib_a-atexit.o)
 .text.atexit   0x000000000080396c       0x14 c:/software/altera/15.1/nios2eds/bin/gnu/h-x86_64-mingw32/bin/../lib/gcc/nios2-elf/4.9.2/../../../../../H-x86_64-mingw32/nios2-elf/lib\libc.a(lib_a-atexit.o)
                0x000000000080396c                atexit
 .text          0x0000000000803980        0x0 c:/software/altera/15.1/nios2eds/bin/gnu/h-x86_64-mingw32/bin/../lib/gcc/nios2-elf/4.9.2/../../../../../H-x86_64-mingw32/nios2-elf/lib\libc.a(lib_a-ctype_.o)
 .text          0x0000000000803980        0x0 c:/software/altera/15.1/nios2eds/bin/gnu/h-x86_64-mingw32/bin/../lib/gcc/nios2-elf/4.9.2/../../../../../H-x86_64-mingw32/nios2-elf/lib\libc.a(lib_a-exit.o)
 .text.exit     0x0000000000803980       0x38 c:/software/altera/15.1/nios2eds/bin/gnu/h-x86_64-mingw32/bin/../lib/gcc/nios2-elf/4.9.2/../../../../../H-x86_64-mingw32/nios2-elf/lib\libc.a(lib_a-exit.o)
                0x0000000000803980                exit
 .text          0x00000000008039b8        0x0 c:/software/altera/15.1/nios2eds/bin/gnu/h-x86_64-mingw32/bin/../lib/gcc/nios2-elf/4.9.2/../../../../../H-x86_64-mingw32/nios2-elf/lib\libc.a(lib_a-impure.o)
 .text          0x00000000008039b8        0x0 c:/software/altera/15.1/nios2eds/bin/gnu/h-x86_64-mingw32/bin/../lib/gcc/nios2-elf/4.9.2/../../../../../H-x86_64-mingw32/nios2-elf/lib\libc.a(lib_a-int_errno.o)
 .text          0x00000000008039b8        0x0 c:/software/altera/15.1/nios2eds/bin/gnu/h-x86_64-mingw32/bin/../lib/gcc/nios2-elf/4.9.2/../../../../../H-x86_64-mingw32/nios2-elf/lib\libc.a(lib_a-memcmp.o)
 .text.memcmp   0x00000000008039b8       0x7c c:/software/altera/15.1/nios2eds/bin/gnu/h-x86_64-mingw32/bin/../lib/gcc/nios2-elf/4.9.2/../../../../../H-x86_64-mingw32/nios2-elf/lib\libc.a(lib_a-memcmp.o)
                0x00000000008039b8                memcmp
 .text          0x0000000000803a34        0x0 c:/software/altera/15.1/nios2eds/bin/gnu/h-x86_64-mingw32/bin/../lib/gcc/nios2-elf/4.9.2/../../../../../H-x86_64-mingw32/nios2-elf/lib\libc.a(lib_a-memcpy.o)
 .text.memcpy   0x0000000000803a34      0x138 c:/software/altera/15.1/nios2eds/bin/gnu/h-x86_64-mingw32/bin/../lib/gcc/nios2-elf/4.9.2/../../../../../H-x86_64-mingw32/nios2-elf/lib\libc.a(lib_a-memcpy.o)
                0x0000000000803a34                memcpy
 .text          0x0000000000803b6c        0x0 c:/software/altera/15.1/nios2eds/bin/gnu/h-x86_64-mingw32/bin/../lib/gcc/nios2-elf/4.9.2/../../../../../H-x86_64-mingw32/nios2-elf/lib\libc.a(lib_a-memset.o)
 .text.memset   0x0000000000803b6c      0x124 c:/software/altera/15.1/nios2eds/bin/gnu/h-x86_64-mingw32/bin/../lib/gcc/nios2-elf/4.9.2/../../../../../H-x86_64-mingw32/nios2-elf/lib\libc.a(lib_a-memset.o)
                0x0000000000803b6c                memset
 .text          0x0000000000803c90        0x0 c:/software/altera/15.1/nios2eds/bin/gnu/h-x86_64-mingw32/bin/../lib/gcc/nios2-elf/4.9.2/../../../../../H-x86_64-mingw32/nios2-elf/lib\libc.a(lib_a-strlen.o)
 .text.strlen   0x0000000000803c90       0x98 c:/software/altera/15.1/nios2eds/bin/gnu/h-x86_64-mingw32/bin/../lib/gcc/nios2-elf/4.9.2/../../../../../H-x86_64-mingw32/nios2-elf/lib\libc.a(lib_a-strlen.o)
                0x0000000000803c90                strlen
 .text          0x0000000000803d28        0x0 c:/software/altera/15.1/nios2eds/bin/gnu/h-x86_64-mingw32/bin/../lib/gcc/nios2-elf/4.9.2/../../../../../H-x86_64-mingw32/nios2-elf/lib\libc.a(lib_a-__atexit.o)
 .text.__register_exitproc
                0x0000000000803d28      0x114 c:/software/altera/15.1/nios2eds/bin/gnu/h-x86_64-mingw32/bin/../lib/gcc/nios2-elf/4.9.2/../../../../../H-x86_64-mingw32/nios2-elf/lib\libc.a(lib_a-__atexit.o)
                0x0000000000803d28                __register_exitproc
 .text          0x0000000000803e3c        0x0 c:/software/altera/15.1/nios2eds/bin/gnu/h-x86_64-mingw32/bin/../lib/gcc/nios2-elf/4.9.2/../../../../../H-x86_64-mingw32/nios2-elf/lib\libc.a(lib_a-__call_atexit.o)
 .text.__call_exitprocs
                0x0000000000803e3c      0x194 c:/software/altera/15.1/nios2eds/bin/gnu/h-x86_64-mingw32/bin/../lib/gcc/nios2-elf/4.9.2/../../../../../H-x86_64-mingw32/nios2-elf/lib\libc.a(lib_a-__call_atexit.o)
                0x0000000000803e3c                __call_exitprocs
 .text          0x0000000000803fd0      0x12c c:/software/altera/15.1/nios2eds/bin/gnu/h-x86_64-mingw32/bin/../lib/gcc/nios2-elf/4.9.2\libgcc.a(lib2-divmod.o)
                0x000000000080403c                __divsi3
                0x0000000000804090                __modsi3
                0x00000000008040ec                __udivsi3
                0x00000000008040f4                __umodsi3
 .text          0x00000000008040fc       0x34 ../Lab_0_post_lab_bsp/\libhal_bsp.a(alt_exit.o)
                0x00000000008040fc                _exit
 *(.gnu.warning.*)
 *(.fini)
                0x0000000000804130                PROVIDE (__etext, ABSOLUTE (.))
                0x0000000000804130                PROVIDE (_etext, ABSOLUTE (.))
                0x0000000000804130                PROVIDE (etext, ABSOLUTE (.))
 *(.eh_frame_hdr)
                0x0000000000804130                . = ALIGN (0x4)
                0x0000000000804130                PROVIDE (__preinit_array_start, ABSOLUTE (.))
 *(.preinit_array)
                0x0000000000804130                PROVIDE (__preinit_array_end, ABSOLUTE (.))
                0x0000000000804130                PROVIDE (__init_array_start, ABSOLUTE (.))
 *(.init_array)
                0x0000000000804130                PROVIDE (__init_array_end, ABSOLUTE (.))
                0x0000000000804130                PROVIDE (__fini_array_start, ABSOLUTE (.))
 *(.fini_array)
                0x0000000000804130                PROVIDE (__fini_array_end, ABSOLUTE (.))
 *(.eh_frame)
 *(.gcc_except_table .gcc_except_table.*)
 *(.dynamic)
                0x0000000000804130                PROVIDE (__CTOR_LIST__, ABSOLUTE (.))
 *(.ctors)
 *(SORT(.ctors.*))
                0x0000000000804130                PROVIDE (__CTOR_END__, ABSOLUTE (.))
                0x0000000000804130                PROVIDE (__DTOR_LIST__, ABSOLUTE (.))
 *(.dtors)
 *(SORT(.dtors.*))
                0x0000000000804130                PROVIDE (__DTOR_END__, ABSOLUTE (.))
 *(.jcr)
                0x0000000000804130                . = ALIGN (0x4)

.rodata         0x0000000000804130      0x300
                0x0000000000804130                PROVIDE (__ram_rodata_start, ABSOLUTE (.))
                0x0000000000804130                . = ALIGN (0x4)
 *(.rodata .rodata.* .gnu.linkonce.r.*)
 .rodata        0x0000000000804130       0x14 ../Lab_0_post_lab_bsp/\libhal_bsp.a(alt_main.o)
 .rodata        0x0000000000804144       0x58 ../Lab_0_post_lab_bsp/\libhal_bsp.a(alt_sys_init.o)
 .rodata        0x000000000080419c        0xc ../Lab_0_post_lab_bsp/\libhal_bsp.a(alt_dev.o)
 .rodata._ctype_
                0x00000000008041a8      0x101 c:/software/altera/15.1/nios2eds/bin/gnu/h-x86_64-mingw32/bin/../lib/gcc/nios2-elf/4.9.2/../../../../../H-x86_64-mingw32/nios2-elf/lib\libc.a(lib_a-ctype_.o)
                0x00000000008041a8                _ctype_
 .rodata._ctype_b
                0x00000000008042a9      0x180 c:/software/altera/15.1/nios2eds/bin/gnu/h-x86_64-mingw32/bin/../lib/gcc/nios2-elf/4.9.2/../../../../../H-x86_64-mingw32/nios2-elf/lib\libc.a(lib_a-ctype_.o)
 *fill*         0x0000000000804429        0x3 
 .rodata.str1.4
                0x000000000080442c        0x4 c:/software/altera/15.1/nios2eds/bin/gnu/h-x86_64-mingw32/bin/../lib/gcc/nios2-elf/4.9.2/../../../../../H-x86_64-mingw32/nios2-elf/lib\libc.a(lib_a-impure.o)
 *(.rodata1)
                0x0000000000804430                . = ALIGN (0x4)
                0x0000000000804430                PROVIDE (__ram_rodata_end, ABSOLUTE (.))
                0x0000000000804130                PROVIDE (__flash_rodata_start, LOADADDR (.rodata))

.rwdata         0x0000000000804430     0x18a4 load address 0x0000000000805cd4
                0x0000000000804430                PROVIDE (__ram_rwdata_start, ABSOLUTE (.))
                0x0000000000804430                . = ALIGN (0x4)
 *(.got.plt)
 *(.got)
 *(.data1)
 *(.data .data.* .gnu.linkonce.d.*)
 .data          0x0000000000804430        0x0 ../Lab_0_post_lab_bsp//obj/HAL/src/crt0.o
 .data          0x0000000000804430        0x0 obj/default/hello_world.o
 .data          0x0000000000804430        0x0 ../Lab_0_post_lab_bsp/\libhal_bsp.a(alt_load.o)
 .data          0x0000000000804430        0x0 ../Lab_0_post_lab_bsp/\libhal_bsp.a(alt_main.o)
 .data          0x0000000000804430     0x12a4 ../Lab_0_post_lab_bsp/\libhal_bsp.a(alt_sys_init.o)
 .data          0x00000000008056d4        0x0 ../Lab_0_post_lab_bsp/\libhal_bsp.a(altera_avalon_jtag_uart_fd.o)
 .data          0x00000000008056d4        0x0 ../Lab_0_post_lab_bsp/\libhal_bsp.a(altera_avalon_jtag_uart_init.o)
 .data          0x00000000008056d4        0x0 ../Lab_0_post_lab_bsp/\libhal_bsp.a(altera_avalon_jtag_uart_ioctl.o)
 .data          0x00000000008056d4        0x0 ../Lab_0_post_lab_bsp/\libhal_bsp.a(altera_avalon_jtag_uart_read.o)
 .data          0x00000000008056d4        0x0 ../Lab_0_post_lab_bsp/\libhal_bsp.a(altera_avalon_jtag_uart_write.o)
 .data          0x00000000008056d4        0x0 ../Lab_0_post_lab_bsp/\libhal_bsp.a(altera_avalon_lcd_16207.o)
 .data          0x00000000008056d4        0x0 ../Lab_0_post_lab_bsp/\libhal_bsp.a(altera_avalon_lcd_16207_fd.o)
 .data          0x00000000008056d4        0x0 ../Lab_0_post_lab_bsp/\libhal_bsp.a(altera_avalon_timer_sc.o)
 .data          0x00000000008056d4        0x0 ../Lab_0_post_lab_bsp/\libhal_bsp.a(altera_avalon_uart_fd.o)
 .data          0x00000000008056d4        0x0 ../Lab_0_post_lab_bsp/\libhal_bsp.a(altera_avalon_uart_init.o)
 .data          0x00000000008056d4        0x0 ../Lab_0_post_lab_bsp/\libhal_bsp.a(altera_avalon_uart_read.o)
 .data          0x00000000008056d4        0x0 ../Lab_0_post_lab_bsp/\libhal_bsp.a(altera_avalon_uart_write.o)
 .data          0x00000000008056d4        0x0 ../Lab_0_post_lab_bsp/\libhal_bsp.a(alt_alarm_start.o)
 .data          0x00000000008056d4        0x0 ../Lab_0_post_lab_bsp/\libhal_bsp.a(alt_close.o)
 .data          0x00000000008056d4        0x0 ../Lab_0_post_lab_bsp/\libhal_bsp.a(alt_dcache_flush_all.o)
 .data          0x00000000008056d4      0x1a8 ../Lab_0_post_lab_bsp/\libhal_bsp.a(alt_dev.o)
                0x00000000008056d4                alt_dev_null
                0x00000000008056fc                alt_fd_list
 .data          0x000000000080587c        0x0 ../Lab_0_post_lab_bsp/\libhal_bsp.a(alt_dev_llist_insert.o)
 .data          0x000000000080587c        0x0 ../Lab_0_post_lab_bsp/\libhal_bsp.a(alt_do_ctors.o)
 .data          0x000000000080587c        0x0 ../Lab_0_post_lab_bsp/\libhal_bsp.a(alt_do_dtors.o)
 .data          0x000000000080587c        0x0 ../Lab_0_post_lab_bsp/\libhal_bsp.a(alt_errno.o)
 .data          0x000000000080587c        0x0 ../Lab_0_post_lab_bsp/\libhal_bsp.a(alt_icache_flush_all.o)
 .data          0x000000000080587c        0x0 ../Lab_0_post_lab_bsp/\libhal_bsp.a(alt_io_redirect.o)
 .data          0x000000000080587c        0x0 ../Lab_0_post_lab_bsp/\libhal_bsp.a(alt_irq_register.o)
 .data          0x000000000080587c        0x0 ../Lab_0_post_lab_bsp/\libhal_bsp.a(alt_irq_vars.o)
 .data          0x000000000080587c        0x0 ../Lab_0_post_lab_bsp/\libhal_bsp.a(alt_open.o)
 .data          0x000000000080587c        0x0 ../Lab_0_post_lab_bsp/\libhal_bsp.a(alt_release_fd.o)
 .data          0x000000000080587c        0x0 ../Lab_0_post_lab_bsp/\libhal_bsp.a(alt_tick.o)
 .data          0x000000000080587c        0x0 ../Lab_0_post_lab_bsp/\libhal_bsp.a(alt_usleep.o)
 .data          0x000000000080587c        0x0 ../Lab_0_post_lab_bsp/\libhal_bsp.a(altera_nios2_gen2_irq.o)
 .data          0x000000000080587c        0x0 ../Lab_0_post_lab_bsp/\libhal_bsp.a(alt_busy_sleep.o)
 .data          0x000000000080587c        0x0 ../Lab_0_post_lab_bsp/\libhal_bsp.a(alt_find_dev.o)
 .data          0x000000000080587c        0x0 ../Lab_0_post_lab_bsp/\libhal_bsp.a(alt_find_file.o)
 .data          0x000000000080587c        0x0 ../Lab_0_post_lab_bsp/\libhal_bsp.a(alt_get_fd.o)
 .data          0x000000000080587c        0x0 ../Lab_0_post_lab_bsp/\libhal_bsp.a(alt_icache_flush.o)
 .data          0x000000000080587c        0x0 ../Lab_0_post_lab_bsp/\libhal_bsp.a(alt_irq_entry.o)
 .data          0x000000000080587c        0x0 ../Lab_0_post_lab_bsp/\libhal_bsp.a(alt_irq_handler.o)
 .data          0x000000000080587c        0x0 ../Lab_0_post_lab_bsp/\libhal_bsp.a(alt_exception_entry.o)
 .data          0x000000000080587c        0x0 ../Lab_0_post_lab_bsp/\libhal_bsp.a(alt_instruction_exception_entry.o)
 .data          0x000000000080587c        0x0 c:/software/altera/15.1/nios2eds/bin/gnu/h-x86_64-mingw32/bin/../lib/gcc/nios2-elf/4.9.2/../../../../../H-x86_64-mingw32/nios2-elf/lib\libc.a(lib_a-atexit.o)
 .data          0x000000000080587c        0x0 c:/software/altera/15.1/nios2eds/bin/gnu/h-x86_64-mingw32/bin/../lib/gcc/nios2-elf/4.9.2/../../../../../H-x86_64-mingw32/nios2-elf/lib\libc.a(lib_a-ctype_.o)
 .data          0x000000000080587c        0x0 c:/software/altera/15.1/nios2eds/bin/gnu/h-x86_64-mingw32/bin/../lib/gcc/nios2-elf/4.9.2/../../../../../H-x86_64-mingw32/nios2-elf/lib\libc.a(lib_a-exit.o)
 .data          0x000000000080587c        0x0 c:/software/altera/15.1/nios2eds/bin/gnu/h-x86_64-mingw32/bin/../lib/gcc/nios2-elf/4.9.2/../../../../../H-x86_64-mingw32/nios2-elf/lib\libc.a(lib_a-impure.o)
 .data.impure_data
                0x000000000080587c      0x424 c:/software/altera/15.1/nios2eds/bin/gnu/h-x86_64-mingw32/bin/../lib/gcc/nios2-elf/4.9.2/../../../../../H-x86_64-mingw32/nios2-elf/lib\libc.a(lib_a-impure.o)
 .data          0x0000000000805ca0        0x0 c:/software/altera/15.1/nios2eds/bin/gnu/h-x86_64-mingw32/bin/../lib/gcc/nios2-elf/4.9.2/../../../../../H-x86_64-mingw32/nios2-elf/lib\libc.a(lib_a-int_errno.o)
 .data          0x0000000000805ca0        0x0 c:/software/altera/15.1/nios2eds/bin/gnu/h-x86_64-mingw32/bin/../lib/gcc/nios2-elf/4.9.2/../../../../../H-x86_64-mingw32/nios2-elf/lib\libc.a(lib_a-memcmp.o)
 .data          0x0000000000805ca0        0x0 c:/software/altera/15.1/nios2eds/bin/gnu/h-x86_64-mingw32/bin/../lib/gcc/nios2-elf/4.9.2/../../../../../H-x86_64-mingw32/nios2-elf/lib\libc.a(lib_a-memcpy.o)
 .data          0x0000000000805ca0        0x0 c:/software/altera/15.1/nios2eds/bin/gnu/h-x86_64-mingw32/bin/../lib/gcc/nios2-elf/4.9.2/../../../../../H-x86_64-mingw32/nios2-elf/lib\libc.a(lib_a-memset.o)
 .data          0x0000000000805ca0        0x0 c:/software/altera/15.1/nios2eds/bin/gnu/h-x86_64-mingw32/bin/../lib/gcc/nios2-elf/4.9.2/../../../../../H-x86_64-mingw32/nios2-elf/lib\libc.a(lib_a-strlen.o)
 .data          0x0000000000805ca0        0x0 c:/software/altera/15.1/nios2eds/bin/gnu/h-x86_64-mingw32/bin/../lib/gcc/nios2-elf/4.9.2/../../../../../H-x86_64-mingw32/nios2-elf/lib\libc.a(lib_a-__atexit.o)
 .data          0x0000000000805ca0        0x0 c:/software/altera/15.1/nios2eds/bin/gnu/h-x86_64-mingw32/bin/../lib/gcc/nios2-elf/4.9.2/../../../../../H-x86_64-mingw32/nios2-elf/lib\libc.a(lib_a-__call_atexit.o)
 .data          0x0000000000805ca0        0x0 c:/software/altera/15.1/nios2eds/bin/gnu/h-x86_64-mingw32/bin/../lib/gcc/nios2-elf/4.9.2\libgcc.a(lib2-divmod.o)
 .data          0x0000000000805ca0        0x0 ../Lab_0_post_lab_bsp/\libhal_bsp.a(alt_exit.o)
                0x000000000080dca0                _gp = ABSOLUTE ((. + 0x8000))
                0x000000000080dca0                PROVIDE (gp, _gp)
 *(.rwdata .rwdata.*)
 *(.sdata .sdata.* .gnu.linkonce.s.*)
 .sdata         0x0000000000805ca0        0x4 ../Lab_0_post_lab_bsp/\libhal_bsp.a(altera_avalon_lcd_16207.o)
 .sdata         0x0000000000805ca4       0x14 ../Lab_0_post_lab_bsp/\libhal_bsp.a(alt_dev.o)
                0x0000000000805ca4                alt_fs_list
                0x0000000000805cac                alt_dev_list
                0x0000000000805cb4                alt_max_fd
 .sdata         0x0000000000805cb8        0x4 ../Lab_0_post_lab_bsp/\libhal_bsp.a(alt_errno.o)
                0x0000000000805cb8                alt_errno
 .sdata         0x0000000000805cbc        0x4 ../Lab_0_post_lab_bsp/\libhal_bsp.a(alt_irq_vars.o)
                0x0000000000805cbc                alt_priority_mask
 .sdata         0x0000000000805cc0        0x8 ../Lab_0_post_lab_bsp/\libhal_bsp.a(alt_tick.o)
                0x0000000000805cc0                alt_alarm_list
 .sdata.__ctype_ptr__
                0x0000000000805cc8        0x4 c:/software/altera/15.1/nios2eds/bin/gnu/h-x86_64-mingw32/bin/../lib/gcc/nios2-elf/4.9.2/../../../../../H-x86_64-mingw32/nios2-elf/lib\libc.a(lib_a-ctype_.o)
                0x0000000000805cc8                __ctype_ptr__
 .sdata._global_impure_ptr
                0x0000000000805ccc        0x4 c:/software/altera/15.1/nios2eds/bin/gnu/h-x86_64-mingw32/bin/../lib/gcc/nios2-elf/4.9.2/../../../../../H-x86_64-mingw32/nios2-elf/lib\libc.a(lib_a-impure.o)
                0x0000000000805ccc                _global_impure_ptr
 .sdata._impure_ptr
                0x0000000000805cd0        0x4 c:/software/altera/15.1/nios2eds/bin/gnu/h-x86_64-mingw32/bin/../lib/gcc/nios2-elf/4.9.2/../../../../../H-x86_64-mingw32/nios2-elf/lib\libc.a(lib_a-impure.o)
                0x0000000000805cd0                _impure_ptr
 *(.sdata2 .sdata2.* .gnu.linkonce.s2.*)
                0x0000000000805cd4                . = ALIGN (0x4)
                0x0000000000805cd4                _edata = ABSOLUTE (.)
                0x0000000000805cd4                PROVIDE (edata, ABSOLUTE (.))
                0x0000000000805cd4                PROVIDE (__ram_rwdata_end, ABSOLUTE (.))
                0x0000000000805cd4                PROVIDE (__flash_rwdata_start, LOADADDR (.rwdata))

.bss            0x0000000000807578      0x120
                0x0000000000807578                __bss_start = ABSOLUTE (.)
                0x0000000000807578                PROVIDE (__sbss_start, ABSOLUTE (.))
                0x0000000000807578                PROVIDE (___sbss_start, ABSOLUTE (.))
 *(.dynsbss)
 *(.sbss .sbss.* .gnu.linkonce.sb.*)
 .sbss          0x0000000000807578        0xc ../Lab_0_post_lab_bsp/\libhal_bsp.a(alt_main.o)
                0x0000000000807578                alt_argc
                0x000000000080757c                alt_argv
                0x0000000000807580                alt_envp
 .sbss          0x0000000000807584        0x4 ../Lab_0_post_lab_bsp/\libhal_bsp.a(alt_irq_vars.o)
                0x0000000000807584                alt_irq_active
 .sbss          0x0000000000807588        0x8 ../Lab_0_post_lab_bsp/\libhal_bsp.a(alt_tick.o)
                0x0000000000807588                _alt_tick_rate
                0x000000000080758c                _alt_nticks
 .sbss          0x0000000000807590        0x4 ../Lab_0_post_lab_bsp/\libhal_bsp.a(alt_instruction_exception_entry.o)
                0x0000000000807590                alt_instruction_exception_handler
 .sbss          0x0000000000807594        0x4 c:/software/altera/15.1/nios2eds/bin/gnu/h-x86_64-mingw32/bin/../lib/gcc/nios2-elf/4.9.2/../../../../../H-x86_64-mingw32/nios2-elf/lib\libc.a(lib_a-int_errno.o)
                0x0000000000807594                errno
 *(.sbss2 .sbss2.* .gnu.linkonce.sb2.*)
 *(.scommon)
                0x0000000000807598                PROVIDE (__sbss_end, ABSOLUTE (.))
                0x0000000000807598                PROVIDE (___sbss_end, ABSOLUTE (.))
 *(.dynbss)
 *(.bss .bss.* .gnu.linkonce.b.*)
 .bss           0x0000000000807598        0x0 ../Lab_0_post_lab_bsp//obj/HAL/src/crt0.o
 .bss           0x0000000000807598        0x0 obj/default/hello_world.o
 .bss           0x0000000000807598        0x0 ../Lab_0_post_lab_bsp/\libhal_bsp.a(alt_load.o)
 .bss           0x0000000000807598        0x0 ../Lab_0_post_lab_bsp/\libhal_bsp.a(alt_main.o)
 .bss           0x0000000000807598        0x0 ../Lab_0_post_lab_bsp/\libhal_bsp.a(alt_sys_init.o)
 .bss           0x0000000000807598        0x0 ../Lab_0_post_lab_bsp/\libhal_bsp.a(altera_avalon_jtag_uart_fd.o)
 .bss           0x0000000000807598        0x0 ../Lab_0_post_lab_bsp/\libhal_bsp.a(altera_avalon_jtag_uart_init.o)
 .bss           0x0000000000807598        0x0 ../Lab_0_post_lab_bsp/\libhal_bsp.a(altera_avalon_jtag_uart_ioctl.o)
 .bss           0x0000000000807598        0x0 ../Lab_0_post_lab_bsp/\libhal_bsp.a(altera_avalon_jtag_uart_read.o)
 .bss           0x0000000000807598        0x0 ../Lab_0_post_lab_bsp/\libhal_bsp.a(altera_avalon_jtag_uart_write.o)
 .bss           0x0000000000807598        0x0 ../Lab_0_post_lab_bsp/\libhal_bsp.a(altera_avalon_lcd_16207.o)
 .bss           0x0000000000807598        0x0 ../Lab_0_post_lab_bsp/\libhal_bsp.a(altera_avalon_lcd_16207_fd.o)
 .bss           0x0000000000807598        0x0 ../Lab_0_post_lab_bsp/\libhal_bsp.a(altera_avalon_timer_sc.o)
 .bss           0x0000000000807598        0x0 ../Lab_0_post_lab_bsp/\libhal_bsp.a(altera_avalon_uart_fd.o)
 .bss           0x0000000000807598        0x0 ../Lab_0_post_lab_bsp/\libhal_bsp.a(altera_avalon_uart_init.o)
 .bss           0x0000000000807598        0x0 ../Lab_0_post_lab_bsp/\libhal_bsp.a(altera_avalon_uart_read.o)
 .bss           0x0000000000807598        0x0 ../Lab_0_post_lab_bsp/\libhal_bsp.a(altera_avalon_uart_write.o)
 .bss           0x0000000000807598        0x0 ../Lab_0_post_lab_bsp/\libhal_bsp.a(alt_alarm_start.o)
 .bss           0x0000000000807598        0x0 ../Lab_0_post_lab_bsp/\libhal_bsp.a(alt_close.o)
 .bss           0x0000000000807598        0x0 ../Lab_0_post_lab_bsp/\libhal_bsp.a(alt_dcache_flush_all.o)
 .bss           0x0000000000807598        0x0 ../Lab_0_post_lab_bsp/\libhal_bsp.a(alt_dev.o)
 .bss           0x0000000000807598        0x0 ../Lab_0_post_lab_bsp/\libhal_bsp.a(alt_dev_llist_insert.o)
 .bss           0x0000000000807598        0x0 ../Lab_0_post_lab_bsp/\libhal_bsp.a(alt_do_ctors.o)
 .bss           0x0000000000807598        0x0 ../Lab_0_post_lab_bsp/\libhal_bsp.a(alt_do_dtors.o)
 .bss           0x0000000000807598        0x0 ../Lab_0_post_lab_bsp/\libhal_bsp.a(alt_errno.o)
 .bss           0x0000000000807598        0x0 ../Lab_0_post_lab_bsp/\libhal_bsp.a(alt_icache_flush_all.o)
 .bss           0x0000000000807598        0x0 ../Lab_0_post_lab_bsp/\libhal_bsp.a(alt_io_redirect.o)
 .bss           0x0000000000807598        0x0 ../Lab_0_post_lab_bsp/\libhal_bsp.a(alt_irq_register.o)
 .bss           0x0000000000807598        0x0 ../Lab_0_post_lab_bsp/\libhal_bsp.a(alt_irq_vars.o)
 .bss           0x0000000000807598        0x0 ../Lab_0_post_lab_bsp/\libhal_bsp.a(alt_open.o)
 .bss           0x0000000000807598        0x0 ../Lab_0_post_lab_bsp/\libhal_bsp.a(alt_release_fd.o)
 .bss           0x0000000000807598        0x0 ../Lab_0_post_lab_bsp/\libhal_bsp.a(alt_tick.o)
 .bss           0x0000000000807598        0x0 ../Lab_0_post_lab_bsp/\libhal_bsp.a(alt_usleep.o)
 .bss           0x0000000000807598        0x0 ../Lab_0_post_lab_bsp/\libhal_bsp.a(altera_nios2_gen2_irq.o)
 .bss           0x0000000000807598        0x0 ../Lab_0_post_lab_bsp/\libhal_bsp.a(alt_busy_sleep.o)
 .bss           0x0000000000807598        0x0 ../Lab_0_post_lab_bsp/\libhal_bsp.a(alt_find_dev.o)
 .bss           0x0000000000807598        0x0 ../Lab_0_post_lab_bsp/\libhal_bsp.a(alt_find_file.o)
 .bss           0x0000000000807598        0x0 ../Lab_0_post_lab_bsp/\libhal_bsp.a(alt_get_fd.o)
 .bss           0x0000000000807598        0x0 ../Lab_0_post_lab_bsp/\libhal_bsp.a(alt_icache_flush.o)
 .bss           0x0000000000807598        0x0 ../Lab_0_post_lab_bsp/\libhal_bsp.a(alt_irq_entry.o)
 .bss           0x0000000000807598        0x0 ../Lab_0_post_lab_bsp/\libhal_bsp.a(alt_irq_handler.o)
 .bss           0x0000000000807598        0x0 ../Lab_0_post_lab_bsp/\libhal_bsp.a(alt_exception_entry.o)
 .bss           0x0000000000807598        0x0 ../Lab_0_post_lab_bsp/\libhal_bsp.a(alt_instruction_exception_entry.o)
 .bss           0x0000000000807598        0x0 c:/software/altera/15.1/nios2eds/bin/gnu/h-x86_64-mingw32/bin/../lib/gcc/nios2-elf/4.9.2/../../../../../H-x86_64-mingw32/nios2-elf/lib\libc.a(lib_a-atexit.o)
 .bss           0x0000000000807598        0x0 c:/software/altera/15.1/nios2eds/bin/gnu/h-x86_64-mingw32/bin/../lib/gcc/nios2-elf/4.9.2/../../../../../H-x86_64-mingw32/nios2-elf/lib\libc.a(lib_a-ctype_.o)
 .bss           0x0000000000807598        0x0 c:/software/altera/15.1/nios2eds/bin/gnu/h-x86_64-mingw32/bin/../lib/gcc/nios2-elf/4.9.2/../../../../../H-x86_64-mingw32/nios2-elf/lib\libc.a(lib_a-exit.o)
 .bss           0x0000000000807598        0x0 c:/software/altera/15.1/nios2eds/bin/gnu/h-x86_64-mingw32/bin/../lib/gcc/nios2-elf/4.9.2/../../../../../H-x86_64-mingw32/nios2-elf/lib\libc.a(lib_a-impure.o)
 .bss           0x0000000000807598        0x0 c:/software/altera/15.1/nios2eds/bin/gnu/h-x86_64-mingw32/bin/../lib/gcc/nios2-elf/4.9.2/../../../../../H-x86_64-mingw32/nios2-elf/lib\libc.a(lib_a-int_errno.o)
 .bss           0x0000000000807598        0x0 c:/software/altera/15.1/nios2eds/bin/gnu/h-x86_64-mingw32/bin/../lib/gcc/nios2-elf/4.9.2/../../../../../H-x86_64-mingw32/nios2-elf/lib\libc.a(lib_a-memcmp.o)
 .bss           0x0000000000807598        0x0 c:/software/altera/15.1/nios2eds/bin/gnu/h-x86_64-mingw32/bin/../lib/gcc/nios2-elf/4.9.2/../../../../../H-x86_64-mingw32/nios2-elf/lib\libc.a(lib_a-memcpy.o)
 .bss           0x0000000000807598        0x0 c:/software/altera/15.1/nios2eds/bin/gnu/h-x86_64-mingw32/bin/../lib/gcc/nios2-elf/4.9.2/../../../../../H-x86_64-mingw32/nios2-elf/lib\libc.a(lib_a-memset.o)
 .bss           0x0000000000807598        0x0 c:/software/altera/15.1/nios2eds/bin/gnu/h-x86_64-mingw32/bin/../lib/gcc/nios2-elf/4.9.2/../../../../../H-x86_64-mingw32/nios2-elf/lib\libc.a(lib_a-strlen.o)
 .bss           0x0000000000807598        0x0 c:/software/altera/15.1/nios2eds/bin/gnu/h-x86_64-mingw32/bin/../lib/gcc/nios2-elf/4.9.2/../../../../../H-x86_64-mingw32/nios2-elf/lib\libc.a(lib_a-__atexit.o)
 .bss           0x0000000000807598        0x0 c:/software/altera/15.1/nios2eds/bin/gnu/h-x86_64-mingw32/bin/../lib/gcc/nios2-elf/4.9.2/../../../../../H-x86_64-mingw32/nios2-elf/lib\libc.a(lib_a-__call_atexit.o)
 .bss           0x0000000000807598        0x0 c:/software/altera/15.1/nios2eds/bin/gnu/h-x86_64-mingw32/bin/../lib/gcc/nios2-elf/4.9.2\libgcc.a(lib2-divmod.o)
 .bss           0x0000000000807598        0x0 ../Lab_0_post_lab_bsp/\libhal_bsp.a(alt_exit.o)
 *(COMMON)
 COMMON         0x0000000000807598      0x100 ../Lab_0_post_lab_bsp/\libhal_bsp.a(alt_irq_handler.o)
                0x0000000000807598                alt_irq
                0x0000000000807698                . = ALIGN (0x4)
                0x0000000000807698                __bss_end = ABSOLUTE (.)

.sdram_0        0x0000000000807698        0x0
                0x0000000000807698                PROVIDE (_alt_partition_sdram_0_start, ABSOLUTE (.))
 *(.sdram_0 .sdram_0. sdram_0.*)
                0x0000000000807698                . = ALIGN (0x4)
                0x0000000000807698                PROVIDE (_alt_partition_sdram_0_end, ABSOLUTE (.))
                0x0000000000807698                _end = ABSOLUTE (.)
                0x0000000000807698                end = ABSOLUTE (.)
                0x0000000000807698                __alt_stack_base = ABSOLUTE (.)
                0x0000000000807698                PROVIDE (_alt_partition_sdram_0_load_addr, LOADADDR (.sdram_0))

.stab
 *(.stab)

.stabstr
 *(.stabstr)

.stab.excl
 *(.stab.excl)

.stab.exclstr
 *(.stab.exclstr)

.stab.index
 *(.stab.index)

.stab.indexstr
 *(.stab.indexstr)

.comment        0x0000000000000000       0x23
 *(.comment)
 .comment       0x0000000000000000       0x23 obj/default/hello_world.o
                                         0x24 (size before relaxing)
 .comment       0x0000000000000000       0x24 ../Lab_0_post_lab_bsp/\libhal_bsp.a(alt_load.o)
 .comment       0x0000000000000000       0x24 ../Lab_0_post_lab_bsp/\libhal_bsp.a(alt_main.o)
 .comment       0x0000000000000000       0x24 ../Lab_0_post_lab_bsp/\libhal_bsp.a(alt_sys_init.o)
 .comment       0x0000000000000000       0x24 ../Lab_0_post_lab_bsp/\libhal_bsp.a(altera_avalon_jtag_uart_fd.o)
 .comment       0x0000000000000000       0x24 ../Lab_0_post_lab_bsp/\libhal_bsp.a(altera_avalon_jtag_uart_init.o)
 .comment       0x0000000000000000       0x24 ../Lab_0_post_lab_bsp/\libhal_bsp.a(altera_avalon_jtag_uart_ioctl.o)
 .comment       0x0000000000000000       0x24 ../Lab_0_post_lab_bsp/\libhal_bsp.a(altera_avalon_jtag_uart_read.o)
 .comment       0x0000000000000000       0x24 ../Lab_0_post_lab_bsp/\libhal_bsp.a(altera_avalon_jtag_uart_write.o)
 .comment       0x0000000000000000       0x24 ../Lab_0_post_lab_bsp/\libhal_bsp.a(altera_avalon_lcd_16207.o)
 .comment       0x0000000000000000       0x24 ../Lab_0_post_lab_bsp/\libhal_bsp.a(altera_avalon_lcd_16207_fd.o)
 .comment       0x0000000000000000       0x24 ../Lab_0_post_lab_bsp/\libhal_bsp.a(altera_avalon_timer_sc.o)
 .comment       0x0000000000000000       0x24 ../Lab_0_post_lab_bsp/\libhal_bsp.a(altera_avalon_uart_fd.o)
 .comment       0x0000000000000000       0x24 ../Lab_0_post_lab_bsp/\libhal_bsp.a(altera_avalon_uart_init.o)
 .comment       0x0000000000000000       0x24 ../Lab_0_post_lab_bsp/\libhal_bsp.a(altera_avalon_uart_read.o)
 .comment       0x0000000000000000       0x24 ../Lab_0_post_lab_bsp/\libhal_bsp.a(altera_avalon_uart_write.o)
 .comment       0x0000000000000000       0x24 ../Lab_0_post_lab_bsp/\libhal_bsp.a(alt_alarm_start.o)
 .comment       0x0000000000000000       0x24 ../Lab_0_post_lab_bsp/\libhal_bsp.a(alt_close.o)
 .comment       0x0000000000000000       0x24 ../Lab_0_post_lab_bsp/\libhal_bsp.a(alt_dcache_flush_all.o)
 .comment       0x0000000000000000       0x24 ../Lab_0_post_lab_bsp/\libhal_bsp.a(alt_dev.o)
 .comment       0x0000000000000000       0x24 ../Lab_0_post_lab_bsp/\libhal_bsp.a(alt_dev_llist_insert.o)
 .comment       0x0000000000000000       0x24 ../Lab_0_post_lab_bsp/\libhal_bsp.a(alt_do_ctors.o)
 .comment       0x0000000000000000       0x24 ../Lab_0_post_lab_bsp/\libhal_bsp.a(alt_do_dtors.o)
 .comment       0x0000000000000000       0x24 ../Lab_0_post_lab_bsp/\libhal_bsp.a(alt_errno.o)
 .comment       0x0000000000000000       0x24 ../Lab_0_post_lab_bsp/\libhal_bsp.a(alt_icache_flush_all.o)
 .comment       0x0000000000000000       0x24 ../Lab_0_post_lab_bsp/\libhal_bsp.a(alt_io_redirect.o)
 .comment       0x0000000000000000       0x24 ../Lab_0_post_lab_bsp/\libhal_bsp.a(alt_irq_register.o)
 .comment       0x0000000000000000       0x24 ../Lab_0_post_lab_bsp/\libhal_bsp.a(alt_irq_vars.o)
 .comment       0x0000000000000000       0x24 ../Lab_0_post_lab_bsp/\libhal_bsp.a(alt_open.o)
 .comment       0x0000000000000000       0x24 ../Lab_0_post_lab_bsp/\libhal_bsp.a(alt_release_fd.o)
 .comment       0x0000000000000000       0x24 ../Lab_0_post_lab_bsp/\libhal_bsp.a(alt_tick.o)
 .comment       0x0000000000000000       0x24 ../Lab_0_post_lab_bsp/\libhal_bsp.a(alt_usleep.o)
 .comment       0x0000000000000000       0x24 ../Lab_0_post_lab_bsp/\libhal_bsp.a(altera_nios2_gen2_irq.o)
 .comment       0x0000000000000000       0x24 ../Lab_0_post_lab_bsp/\libhal_bsp.a(alt_busy_sleep.o)
 .comment       0x0000000000000000       0x24 ../Lab_0_post_lab_bsp/\libhal_bsp.a(alt_find_dev.o)
 .comment       0x0000000000000000       0x24 ../Lab_0_post_lab_bsp/\libhal_bsp.a(alt_find_file.o)
 .comment       0x0000000000000000       0x24 ../Lab_0_post_lab_bsp/\libhal_bsp.a(alt_get_fd.o)
 .comment       0x0000000000000000       0x24 ../Lab_0_post_lab_bsp/\libhal_bsp.a(alt_icache_flush.o)
 .comment       0x0000000000000000       0x24 ../Lab_0_post_lab_bsp/\libhal_bsp.a(alt_irq_handler.o)
 .comment       0x0000000000000000       0x24 ../Lab_0_post_lab_bsp/\libhal_bsp.a(alt_instruction_exception_entry.o)
 .comment       0x0000000000000000       0x24 c:/software/altera/15.1/nios2eds/bin/gnu/h-x86_64-mingw32/bin/../lib/gcc/nios2-elf/4.9.2/../../../../../H-x86_64-mingw32/nios2-elf/lib\libc.a(lib_a-atexit.o)
 .comment       0x0000000000000000       0x24 c:/software/altera/15.1/nios2eds/bin/gnu/h-x86_64-mingw32/bin/../lib/gcc/nios2-elf/4.9.2/../../../../../H-x86_64-mingw32/nios2-elf/lib\libc.a(lib_a-ctype_.o)
 .comment       0x0000000000000000       0x24 c:/software/altera/15.1/nios2eds/bin/gnu/h-x86_64-mingw32/bin/../lib/gcc/nios2-elf/4.9.2/../../../../../H-x86_64-mingw32/nios2-elf/lib\libc.a(lib_a-exit.o)
 .comment       0x0000000000000000       0x24 c:/software/altera/15.1/nios2eds/bin/gnu/h-x86_64-mingw32/bin/../lib/gcc/nios2-elf/4.9.2/../../../../../H-x86_64-mingw32/nios2-elf/lib\libc.a(lib_a-impure.o)
 .comment       0x0000000000000000       0x24 c:/software/altera/15.1/nios2eds/bin/gnu/h-x86_64-mingw32/bin/../lib/gcc/nios2-elf/4.9.2/../../../../../H-x86_64-mingw32/nios2-elf/lib\libc.a(lib_a-int_errno.o)
 .comment       0x0000000000000000       0x24 c:/software/altera/15.1/nios2eds/bin/gnu/h-x86_64-mingw32/bin/../lib/gcc/nios2-elf/4.9.2/../../../../../H-x86_64-mingw32/nios2-elf/lib\libc.a(lib_a-memcmp.o)
 .comment       0x0000000000000000       0x24 c:/software/altera/15.1/nios2eds/bin/gnu/h-x86_64-mingw32/bin/../lib/gcc/nios2-elf/4.9.2/../../../../../H-x86_64-mingw32/nios2-elf/lib\libc.a(lib_a-memcpy.o)
 .comment       0x0000000000000000       0x24 c:/software/altera/15.1/nios2eds/bin/gnu/h-x86_64-mingw32/bin/../lib/gcc/nios2-elf/4.9.2/../../../../../H-x86_64-mingw32/nios2-elf/lib\libc.a(lib_a-memset.o)
 .comment       0x0000000000000000       0x24 c:/software/altera/15.1/nios2eds/bin/gnu/h-x86_64-mingw32/bin/../lib/gcc/nios2-elf/4.9.2/../../../../../H-x86_64-mingw32/nios2-elf/lib\libc.a(lib_a-strlen.o)
 .comment       0x0000000000000000       0x24 c:/software/altera/15.1/nios2eds/bin/gnu/h-x86_64-mingw32/bin/../lib/gcc/nios2-elf/4.9.2/../../../../../H-x86_64-mingw32/nios2-elf/lib\libc.a(lib_a-__atexit.o)
 .comment       0x0000000000000000       0x24 c:/software/altera/15.1/nios2eds/bin/gnu/h-x86_64-mingw32/bin/../lib/gcc/nios2-elf/4.9.2/../../../../../H-x86_64-mingw32/nios2-elf/lib\libc.a(lib_a-__call_atexit.o)
 .comment       0x0000000000000000       0x24 c:/software/altera/15.1/nios2eds/bin/gnu/h-x86_64-mingw32/bin/../lib/gcc/nios2-elf/4.9.2\libgcc.a(lib2-divmod.o)
 .comment       0x0000000000000000       0x24 ../Lab_0_post_lab_bsp/\libhal_bsp.a(alt_exit.o)

.debug
 *(.debug)

.line
 *(.line)

.debug_srcinfo
 *(.debug_srcinfo)

.debug_sfnames
 *(.debug_sfnames)

.debug_aranges  0x0000000000000000      0x710
 *(.debug_aranges)
 .debug_aranges
                0x0000000000000000       0x28 ../Lab_0_post_lab_bsp//obj/HAL/src/crt0.o
 .debug_aranges
                0x0000000000000028       0x20 obj/default/hello_world.o
 .debug_aranges
                0x0000000000000048       0x20 ../Lab_0_post_lab_bsp/\libhal_bsp.a(alt_load.o)
 .debug_aranges
                0x0000000000000068       0x20 ../Lab_0_post_lab_bsp/\libhal_bsp.a(alt_main.o)
 .debug_aranges
                0x0000000000000088       0x20 ../Lab_0_post_lab_bsp/\libhal_bsp.a(alt_sys_init.o)
 .debug_aranges
                0x00000000000000a8       0x20 ../Lab_0_post_lab_bsp/\libhal_bsp.a(altera_avalon_jtag_uart_fd.o)
 .debug_aranges
                0x00000000000000c8       0x20 ../Lab_0_post_lab_bsp/\libhal_bsp.a(altera_avalon_jtag_uart_init.o)
 .debug_aranges
                0x00000000000000e8       0x20 ../Lab_0_post_lab_bsp/\libhal_bsp.a(altera_avalon_jtag_uart_ioctl.o)
 .debug_aranges
                0x0000000000000108       0x20 ../Lab_0_post_lab_bsp/\libhal_bsp.a(altera_avalon_jtag_uart_read.o)
 .debug_aranges
                0x0000000000000128       0x20 ../Lab_0_post_lab_bsp/\libhal_bsp.a(altera_avalon_jtag_uart_write.o)
 .debug_aranges
                0x0000000000000148       0x20 ../Lab_0_post_lab_bsp/\libhal_bsp.a(altera_avalon_lcd_16207.o)
 .debug_aranges
                0x0000000000000168       0x20 ../Lab_0_post_lab_bsp/\libhal_bsp.a(altera_avalon_lcd_16207_fd.o)
 .debug_aranges
                0x0000000000000188       0x20 ../Lab_0_post_lab_bsp/\libhal_bsp.a(altera_avalon_timer_sc.o)
 .debug_aranges
                0x00000000000001a8       0x20 ../Lab_0_post_lab_bsp/\libhal_bsp.a(altera_avalon_uart_fd.o)
 .debug_aranges
                0x00000000000001c8       0x20 ../Lab_0_post_lab_bsp/\libhal_bsp.a(altera_avalon_uart_init.o)
 .debug_aranges
                0x00000000000001e8       0x20 ../Lab_0_post_lab_bsp/\libhal_bsp.a(altera_avalon_uart_read.o)
 .debug_aranges
                0x0000000000000208       0x20 ../Lab_0_post_lab_bsp/\libhal_bsp.a(altera_avalon_uart_write.o)
 .debug_aranges
                0x0000000000000228       0x20 ../Lab_0_post_lab_bsp/\libhal_bsp.a(alt_alarm_start.o)
 .debug_aranges
                0x0000000000000248       0x20 ../Lab_0_post_lab_bsp/\libhal_bsp.a(alt_close.o)
 .debug_aranges
                0x0000000000000268       0x20 ../Lab_0_post_lab_bsp/\libhal_bsp.a(alt_dcache_flush_all.o)
 .debug_aranges
                0x0000000000000288       0x20 ../Lab_0_post_lab_bsp/\libhal_bsp.a(alt_dev.o)
 .debug_aranges
                0x00000000000002a8       0x20 ../Lab_0_post_lab_bsp/\libhal_bsp.a(alt_dev_llist_insert.o)
 .debug_aranges
                0x00000000000002c8       0x20 ../Lab_0_post_lab_bsp/\libhal_bsp.a(alt_do_ctors.o)
 .debug_aranges
                0x00000000000002e8       0x20 ../Lab_0_post_lab_bsp/\libhal_bsp.a(alt_do_dtors.o)
 .debug_aranges
                0x0000000000000308       0x18 ../Lab_0_post_lab_bsp/\libhal_bsp.a(alt_errno.o)
 .debug_aranges
                0x0000000000000320       0x20 ../Lab_0_post_lab_bsp/\libhal_bsp.a(alt_icache_flush_all.o)
 .debug_aranges
                0x0000000000000340       0x20 ../Lab_0_post_lab_bsp/\libhal_bsp.a(alt_io_redirect.o)
 .debug_aranges
                0x0000000000000360       0x20 ../Lab_0_post_lab_bsp/\libhal_bsp.a(alt_irq_register.o)
 .debug_aranges
                0x0000000000000380       0x18 ../Lab_0_post_lab_bsp/\libhal_bsp.a(alt_irq_vars.o)
 .debug_aranges
                0x0000000000000398       0x20 ../Lab_0_post_lab_bsp/\libhal_bsp.a(alt_open.o)
 .debug_aranges
                0x00000000000003b8       0x20 ../Lab_0_post_lab_bsp/\libhal_bsp.a(alt_release_fd.o)
 .debug_aranges
                0x00000000000003d8       0x20 ../Lab_0_post_lab_bsp/\libhal_bsp.a(alt_tick.o)
 .debug_aranges
                0x00000000000003f8       0x20 ../Lab_0_post_lab_bsp/\libhal_bsp.a(alt_usleep.o)
 .debug_aranges
                0x0000000000000418       0x20 ../Lab_0_post_lab_bsp/\libhal_bsp.a(altera_nios2_gen2_irq.o)
 .debug_aranges
                0x0000000000000438       0x20 ../Lab_0_post_lab_bsp/\libhal_bsp.a(alt_busy_sleep.o)
 .debug_aranges
                0x0000000000000458       0x20 ../Lab_0_post_lab_bsp/\libhal_bsp.a(alt_find_dev.o)
 .debug_aranges
                0x0000000000000478       0x20 ../Lab_0_post_lab_bsp/\libhal_bsp.a(alt_find_file.o)
 .debug_aranges
                0x0000000000000498       0x20 ../Lab_0_post_lab_bsp/\libhal_bsp.a(alt_get_fd.o)
 .debug_aranges
                0x00000000000004b8       0x20 ../Lab_0_post_lab_bsp/\libhal_bsp.a(alt_icache_flush.o)
 .debug_aranges
                0x00000000000004d8       0x30 ../Lab_0_post_lab_bsp/\libhal_bsp.a(alt_irq_entry.o)
 .debug_aranges
                0x0000000000000508       0x20 ../Lab_0_post_lab_bsp/\libhal_bsp.a(alt_irq_handler.o)
 .debug_aranges
                0x0000000000000528       0x38 ../Lab_0_post_lab_bsp/\libhal_bsp.a(alt_exception_entry.o)
 .debug_aranges
                0x0000000000000560       0x28 ../Lab_0_post_lab_bsp/\libhal_bsp.a(alt_instruction_exception_entry.o)
 .debug_aranges
                0x0000000000000588       0x20 c:/software/altera/15.1/nios2eds/bin/gnu/h-x86_64-mingw32/bin/../lib/gcc/nios2-elf/4.9.2/../../../../../H-x86_64-mingw32/nios2-elf/lib\libc.a(lib_a-atexit.o)
 .debug_aranges
                0x00000000000005a8       0x18 c:/software/altera/15.1/nios2eds/bin/gnu/h-x86_64-mingw32/bin/../lib/gcc/nios2-elf/4.9.2/../../../../../H-x86_64-mingw32/nios2-elf/lib\libc.a(lib_a-ctype_.o)
 .debug_aranges
                0x00000000000005c0       0x20 c:/software/altera/15.1/nios2eds/bin/gnu/h-x86_64-mingw32/bin/../lib/gcc/nios2-elf/4.9.2/../../../../../H-x86_64-mingw32/nios2-elf/lib\libc.a(lib_a-exit.o)
 .debug_aranges
                0x00000000000005e0       0x18 c:/software/altera/15.1/nios2eds/bin/gnu/h-x86_64-mingw32/bin/../lib/gcc/nios2-elf/4.9.2/../../../../../H-x86_64-mingw32/nios2-elf/lib\libc.a(lib_a-impure.o)
 .debug_aranges
                0x00000000000005f8       0x18 c:/software/altera/15.1/nios2eds/bin/gnu/h-x86_64-mingw32/bin/../lib/gcc/nios2-elf/4.9.2/../../../../../H-x86_64-mingw32/nios2-elf/lib\libc.a(lib_a-int_errno.o)
 .debug_aranges
                0x0000000000000610       0x20 c:/software/altera/15.1/nios2eds/bin/gnu/h-x86_64-mingw32/bin/../lib/gcc/nios2-elf/4.9.2/../../../../../H-x86_64-mingw32/nios2-elf/lib\libc.a(lib_a-memcmp.o)
 .debug_aranges
                0x0000000000000630       0x20 c:/software/altera/15.1/nios2eds/bin/gnu/h-x86_64-mingw32/bin/../lib/gcc/nios2-elf/4.9.2/../../../../../H-x86_64-mingw32/nios2-elf/lib\libc.a(lib_a-memcpy.o)
 .debug_aranges
                0x0000000000000650       0x20 c:/software/altera/15.1/nios2eds/bin/gnu/h-x86_64-mingw32/bin/../lib/gcc/nios2-elf/4.9.2/../../../../../H-x86_64-mingw32/nios2-elf/lib\libc.a(lib_a-memset.o)
 .debug_aranges
                0x0000000000000670       0x20 c:/software/altera/15.1/nios2eds/bin/gnu/h-x86_64-mingw32/bin/../lib/gcc/nios2-elf/4.9.2/../../../../../H-x86_64-mingw32/nios2-elf/lib\libc.a(lib_a-strlen.o)
 .debug_aranges
                0x0000000000000690       0x20 c:/software/altera/15.1/nios2eds/bin/gnu/h-x86_64-mingw32/bin/../lib/gcc/nios2-elf/4.9.2/../../../../../H-x86_64-mingw32/nios2-elf/lib\libc.a(lib_a-__atexit.o)
 .debug_aranges
                0x00000000000006b0       0x20 c:/software/altera/15.1/nios2eds/bin/gnu/h-x86_64-mingw32/bin/../lib/gcc/nios2-elf/4.9.2/../../../../../H-x86_64-mingw32/nios2-elf/lib\libc.a(lib_a-__call_atexit.o)
 .debug_aranges
                0x00000000000006d0       0x20 c:/software/altera/15.1/nios2eds/bin/gnu/h-x86_64-mingw32/bin/../lib/gcc/nios2-elf/4.9.2\libgcc.a(lib2-divmod.o)
 .debug_aranges
                0x00000000000006f0       0x20 ../Lab_0_post_lab_bsp/\libhal_bsp.a(alt_exit.o)

.debug_pubnames
 *(.debug_pubnames)

.debug_info     0x0000000000000000     0x97e5
 *(.debug_info .gnu.linkonce.wi.*)
 .debug_info    0x0000000000000000       0x74 ../Lab_0_post_lab_bsp//obj/HAL/src/crt0.o
 .debug_info    0x0000000000000074       0xc1 obj/default/hello_world.o
 .debug_info    0x0000000000000135      0x13e ../Lab_0_post_lab_bsp/\libhal_bsp.a(alt_load.o)
 .debug_info    0x0000000000000273      0x150 ../Lab_0_post_lab_bsp/\libhal_bsp.a(alt_main.o)
 .debug_info    0x00000000000003c3      0x810 ../Lab_0_post_lab_bsp/\libhal_bsp.a(alt_sys_init.o)
 .debug_info    0x0000000000000bd3      0x527 ../Lab_0_post_lab_bsp/\libhal_bsp.a(altera_avalon_jtag_uart_fd.o)
 .debug_info    0x00000000000010fa      0x3c4 ../Lab_0_post_lab_bsp/\libhal_bsp.a(altera_avalon_jtag_uart_init.o)
 .debug_info    0x00000000000014be      0x279 ../Lab_0_post_lab_bsp/\libhal_bsp.a(altera_avalon_jtag_uart_ioctl.o)
 .debug_info    0x0000000000001737      0x358 ../Lab_0_post_lab_bsp/\libhal_bsp.a(altera_avalon_jtag_uart_read.o)
 .debug_info    0x0000000000001a8f      0x34f ../Lab_0_post_lab_bsp/\libhal_bsp.a(altera_avalon_jtag_uart_write.o)
 .debug_info    0x0000000000001dde      0x6bb ../Lab_0_post_lab_bsp/\libhal_bsp.a(altera_avalon_lcd_16207.o)
 .debug_info    0x0000000000002499      0x4c5 ../Lab_0_post_lab_bsp/\libhal_bsp.a(altera_avalon_lcd_16207_fd.o)
 .debug_info    0x000000000000295e      0x242 ../Lab_0_post_lab_bsp/\libhal_bsp.a(altera_avalon_timer_sc.o)
 .debug_info    0x0000000000002ba0      0x440 ../Lab_0_post_lab_bsp/\libhal_bsp.a(altera_avalon_uart_fd.o)
 .debug_info    0x0000000000002fe0      0x34f ../Lab_0_post_lab_bsp/\libhal_bsp.a(altera_avalon_uart_init.o)
 .debug_info    0x000000000000332f      0x328 ../Lab_0_post_lab_bsp/\libhal_bsp.a(altera_avalon_uart_read.o)
 .debug_info    0x0000000000003657      0x32d ../Lab_0_post_lab_bsp/\libhal_bsp.a(altera_avalon_uart_write.o)
 .debug_info    0x0000000000003984      0x2db ../Lab_0_post_lab_bsp/\libhal_bsp.a(alt_alarm_start.o)
 .debug_info    0x0000000000003c5f      0x31a ../Lab_0_post_lab_bsp/\libhal_bsp.a(alt_close.o)
 .debug_info    0x0000000000003f79       0x9e ../Lab_0_post_lab_bsp/\libhal_bsp.a(alt_dcache_flush_all.o)
 .debug_info    0x0000000000004017      0x495 ../Lab_0_post_lab_bsp/\libhal_bsp.a(alt_dev.o)
 .debug_info    0x00000000000044ac      0x1a2 ../Lab_0_post_lab_bsp/\libhal_bsp.a(alt_dev_llist_insert.o)
 .debug_info    0x000000000000464e       0x83 ../Lab_0_post_lab_bsp/\libhal_bsp.a(alt_do_ctors.o)
 .debug_info    0x00000000000046d1       0x83 ../Lab_0_post_lab_bsp/\libhal_bsp.a(alt_do_dtors.o)
 .debug_info    0x0000000000004754       0x9f ../Lab_0_post_lab_bsp/\libhal_bsp.a(alt_errno.o)
 .debug_info    0x00000000000047f3       0x8b ../Lab_0_post_lab_bsp/\libhal_bsp.a(alt_icache_flush_all.o)
 .debug_info    0x000000000000487e      0x49e ../Lab_0_post_lab_bsp/\libhal_bsp.a(alt_io_redirect.o)
 .debug_info    0x0000000000004d1c      0x322 ../Lab_0_post_lab_bsp/\libhal_bsp.a(alt_irq_register.o)
 .debug_info    0x000000000000503e       0x88 ../Lab_0_post_lab_bsp/\libhal_bsp.a(alt_irq_vars.o)
 .debug_info    0x00000000000050c6      0x3b4 ../Lab_0_post_lab_bsp/\libhal_bsp.a(alt_open.o)
 .debug_info    0x000000000000547a      0x2b0 ../Lab_0_post_lab_bsp/\libhal_bsp.a(alt_release_fd.o)
 .debug_info    0x000000000000572a      0x2a8 ../Lab_0_post_lab_bsp/\libhal_bsp.a(alt_tick.o)
 .debug_info    0x00000000000059d2       0xa9 ../Lab_0_post_lab_bsp/\libhal_bsp.a(alt_usleep.o)
 .debug_info    0x0000000000005a7b       0xb1 ../Lab_0_post_lab_bsp/\libhal_bsp.a(altera_nios2_gen2_irq.o)
 .debug_info    0x0000000000005b2c       0xd0 ../Lab_0_post_lab_bsp/\libhal_bsp.a(alt_busy_sleep.o)
 .debug_info    0x0000000000005bfc      0x2e2 ../Lab_0_post_lab_bsp/\libhal_bsp.a(alt_find_dev.o)
 .debug_info    0x0000000000005ede      0x2df ../Lab_0_post_lab_bsp/\libhal_bsp.a(alt_find_file.o)
 .debug_info    0x00000000000061bd      0x309 ../Lab_0_post_lab_bsp/\libhal_bsp.a(alt_get_fd.o)
 .debug_info    0x00000000000064c6       0xd5 ../Lab_0_post_lab_bsp/\libhal_bsp.a(alt_icache_flush.o)
 .debug_info    0x000000000000659b       0x7d ../Lab_0_post_lab_bsp/\libhal_bsp.a(alt_irq_entry.o)
 .debug_info    0x0000000000006618      0x1a0 ../Lab_0_post_lab_bsp/\libhal_bsp.a(alt_irq_handler.o)
 .debug_info    0x00000000000067b8       0x83 ../Lab_0_post_lab_bsp/\libhal_bsp.a(alt_exception_entry.o)
 .debug_info    0x000000000000683b      0x1d8 ../Lab_0_post_lab_bsp/\libhal_bsp.a(alt_instruction_exception_entry.o)
 .debug_info    0x0000000000006a13      0x10a c:/software/altera/15.1/nios2eds/bin/gnu/h-x86_64-mingw32/bin/../lib/gcc/nios2-elf/4.9.2/../../../../../H-x86_64-mingw32/nios2-elf/lib\libc.a(lib_a-atexit.o)
 .debug_info    0x0000000000006b1d       0x96 c:/software/altera/15.1/nios2eds/bin/gnu/h-x86_64-mingw32/bin/../lib/gcc/nios2-elf/4.9.2/../../../../../H-x86_64-mingw32/nios2-elf/lib\libc.a(lib_a-ctype_.o)
 .debug_info    0x0000000000006bb3      0x8ef c:/software/altera/15.1/nios2eds/bin/gnu/h-x86_64-mingw32/bin/../lib/gcc/nios2-elf/4.9.2/../../../../../H-x86_64-mingw32/nios2-elf/lib\libc.a(lib_a-exit.o)
 .debug_info    0x00000000000074a2      0x89f c:/software/altera/15.1/nios2eds/bin/gnu/h-x86_64-mingw32/bin/../lib/gcc/nios2-elf/4.9.2/../../../../../H-x86_64-mingw32/nios2-elf/lib\libc.a(lib_a-impure.o)
 .debug_info    0x0000000000007d41       0x83 c:/software/altera/15.1/nios2eds/bin/gnu/h-x86_64-mingw32/bin/../lib/gcc/nios2-elf/4.9.2/../../../../../H-x86_64-mingw32/nios2-elf/lib\libc.a(lib_a-int_errno.o)
 .debug_info    0x0000000000007dc4      0x113 c:/software/altera/15.1/nios2eds/bin/gnu/h-x86_64-mingw32/bin/../lib/gcc/nios2-elf/4.9.2/../../../../../H-x86_64-mingw32/nios2-elf/lib\libc.a(lib_a-memcmp.o)
 .debug_info    0x0000000000007ed7      0x133 c:/software/altera/15.1/nios2eds/bin/gnu/h-x86_64-mingw32/bin/../lib/gcc/nios2-elf/4.9.2/../../../../../H-x86_64-mingw32/nios2-elf/lib\libc.a(lib_a-memcpy.o)
 .debug_info    0x000000000000800a      0x11a c:/software/altera/15.1/nios2eds/bin/gnu/h-x86_64-mingw32/bin/../lib/gcc/nios2-elf/4.9.2/../../../../../H-x86_64-mingw32/nios2-elf/lib\libc.a(lib_a-memset.o)
 .debug_info    0x0000000000008124       0xdb c:/software/altera/15.1/nios2eds/bin/gnu/h-x86_64-mingw32/bin/../lib/gcc/nios2-elf/4.9.2/../../../../../H-x86_64-mingw32/nios2-elf/lib\libc.a(lib_a-strlen.o)
 .debug_info    0x00000000000081ff      0x93f c:/software/altera/15.1/nios2eds/bin/gnu/h-x86_64-mingw32/bin/../lib/gcc/nios2-elf/4.9.2/../../../../../H-x86_64-mingw32/nios2-elf/lib\libc.a(lib_a-__atexit.o)
 .debug_info    0x0000000000008b3e      0x964 c:/software/altera/15.1/nios2eds/bin/gnu/h-x86_64-mingw32/bin/../lib/gcc/nios2-elf/4.9.2/../../../../../H-x86_64-mingw32/nios2-elf/lib\libc.a(lib_a-__call_atexit.o)
 .debug_info    0x00000000000094a2      0x234 c:/software/altera/15.1/nios2eds/bin/gnu/h-x86_64-mingw32/bin/../lib/gcc/nios2-elf/4.9.2\libgcc.a(lib2-divmod.o)
 .debug_info    0x00000000000096d6      0x10f ../Lab_0_post_lab_bsp/\libhal_bsp.a(alt_exit.o)

.debug_abbrev   0x0000000000000000     0x3579
 *(.debug_abbrev)
 .debug_abbrev  0x0000000000000000       0x12 ../Lab_0_post_lab_bsp//obj/HAL/src/crt0.o
 .debug_abbrev  0x0000000000000012       0x67 obj/default/hello_world.o
 .debug_abbrev  0x0000000000000079       0x9f ../Lab_0_post_lab_bsp/\libhal_bsp.a(alt_load.o)
 .debug_abbrev  0x0000000000000118       0xc1 ../Lab_0_post_lab_bsp/\libhal_bsp.a(alt_main.o)
 .debug_abbrev  0x00000000000001d9      0x1a6 ../Lab_0_post_lab_bsp/\libhal_bsp.a(alt_sys_init.o)
 .debug_abbrev  0x000000000000037f      0x127 ../Lab_0_post_lab_bsp/\libhal_bsp.a(altera_avalon_jtag_uart_fd.o)
 .debug_abbrev  0x00000000000004a6      0x197 ../Lab_0_post_lab_bsp/\libhal_bsp.a(altera_avalon_jtag_uart_init.o)
 .debug_abbrev  0x000000000000063d      0x111 ../Lab_0_post_lab_bsp/\libhal_bsp.a(altera_avalon_jtag_uart_ioctl.o)
 .debug_abbrev  0x000000000000074e      0x1ac ../Lab_0_post_lab_bsp/\libhal_bsp.a(altera_avalon_jtag_uart_read.o)
 .debug_abbrev  0x00000000000008fa      0x1a8 ../Lab_0_post_lab_bsp/\libhal_bsp.a(altera_avalon_jtag_uart_write.o)
 .debug_abbrev  0x0000000000000aa2      0x206 ../Lab_0_post_lab_bsp/\libhal_bsp.a(altera_avalon_lcd_16207.o)
 .debug_abbrev  0x0000000000000ca8      0x125 ../Lab_0_post_lab_bsp/\libhal_bsp.a(altera_avalon_lcd_16207_fd.o)
 .debug_abbrev  0x0000000000000dcd      0x155 ../Lab_0_post_lab_bsp/\libhal_bsp.a(altera_avalon_timer_sc.o)
 .debug_abbrev  0x0000000000000f22      0x109 ../Lab_0_post_lab_bsp/\libhal_bsp.a(altera_avalon_uart_fd.o)
 .debug_abbrev  0x000000000000102b      0x178 ../Lab_0_post_lab_bsp/\libhal_bsp.a(altera_avalon_uart_init.o)
 .debug_abbrev  0x00000000000011a3      0x183 ../Lab_0_post_lab_bsp/\libhal_bsp.a(altera_avalon_uart_read.o)
 .debug_abbrev  0x0000000000001326      0x18a ../Lab_0_post_lab_bsp/\libhal_bsp.a(altera_avalon_uart_write.o)
 .debug_abbrev  0x00000000000014b0      0x162 ../Lab_0_post_lab_bsp/\libhal_bsp.a(alt_alarm_start.o)
 .debug_abbrev  0x0000000000001612      0x11f ../Lab_0_post_lab_bsp/\libhal_bsp.a(alt_close.o)
 .debug_abbrev  0x0000000000001731       0x5a ../Lab_0_post_lab_bsp/\libhal_bsp.a(alt_dcache_flush_all.o)
 .debug_abbrev  0x000000000000178b       0xd9 ../Lab_0_post_lab_bsp/\libhal_bsp.a(alt_dev.o)
 .debug_abbrev  0x0000000000001864      0x114 ../Lab_0_post_lab_bsp/\libhal_bsp.a(alt_dev_llist_insert.o)
 .debug_abbrev  0x0000000000001978       0x79 ../Lab_0_post_lab_bsp/\libhal_bsp.a(alt_do_ctors.o)
 .debug_abbrev  0x00000000000019f1       0x79 ../Lab_0_post_lab_bsp/\libhal_bsp.a(alt_do_dtors.o)
 .debug_abbrev  0x0000000000001a6a       0x5a ../Lab_0_post_lab_bsp/\libhal_bsp.a(alt_errno.o)
 .debug_abbrev  0x0000000000001ac4       0x42 ../Lab_0_post_lab_bsp/\libhal_bsp.a(alt_icache_flush_all.o)
 .debug_abbrev  0x0000000000001b06      0x114 ../Lab_0_post_lab_bsp/\libhal_bsp.a(alt_io_redirect.o)
 .debug_abbrev  0x0000000000001c1a      0x186 ../Lab_0_post_lab_bsp/\libhal_bsp.a(alt_irq_register.o)
 .debug_abbrev  0x0000000000001da0       0x40 ../Lab_0_post_lab_bsp/\libhal_bsp.a(alt_irq_vars.o)
 .debug_abbrev  0x0000000000001de0      0x148 ../Lab_0_post_lab_bsp/\libhal_bsp.a(alt_open.o)
 .debug_abbrev  0x0000000000001f28       0xde ../Lab_0_post_lab_bsp/\libhal_bsp.a(alt_release_fd.o)
 .debug_abbrev  0x0000000000002006      0x16b ../Lab_0_post_lab_bsp/\libhal_bsp.a(alt_tick.o)
 .debug_abbrev  0x0000000000002171       0x60 ../Lab_0_post_lab_bsp/\libhal_bsp.a(alt_usleep.o)
 .debug_abbrev  0x00000000000021d1       0x67 ../Lab_0_post_lab_bsp/\libhal_bsp.a(altera_nios2_gen2_irq.o)
 .debug_abbrev  0x0000000000002238       0x7e ../Lab_0_post_lab_bsp/\libhal_bsp.a(alt_busy_sleep.o)
 .debug_abbrev  0x00000000000022b6       0xf0 ../Lab_0_post_lab_bsp/\libhal_bsp.a(alt_find_dev.o)
 .debug_abbrev  0x00000000000023a6       0xf0 ../Lab_0_post_lab_bsp/\libhal_bsp.a(alt_find_file.o)
 .debug_abbrev  0x0000000000002496      0x10d ../Lab_0_post_lab_bsp/\libhal_bsp.a(alt_get_fd.o)
 .debug_abbrev  0x00000000000025a3       0x8c ../Lab_0_post_lab_bsp/\libhal_bsp.a(alt_icache_flush.o)
 .debug_abbrev  0x000000000000262f       0x12 ../Lab_0_post_lab_bsp/\libhal_bsp.a(alt_irq_entry.o)
 .debug_abbrev  0x0000000000002641      0x13a ../Lab_0_post_lab_bsp/\libhal_bsp.a(alt_irq_handler.o)
 .debug_abbrev  0x000000000000277b       0x12 ../Lab_0_post_lab_bsp/\libhal_bsp.a(alt_exception_entry.o)
 .debug_abbrev  0x000000000000278d       0xd1 ../Lab_0_post_lab_bsp/\libhal_bsp.a(alt_instruction_exception_entry.o)
 .debug_abbrev  0x000000000000285e       0xb8 c:/software/altera/15.1/nios2eds/bin/gnu/h-x86_64-mingw32/bin/../lib/gcc/nios2-elf/4.9.2/../../../../../H-x86_64-mingw32/nios2-elf/lib\libc.a(lib_a-atexit.o)
 .debug_abbrev  0x0000000000002916       0x5d c:/software/altera/15.1/nios2eds/bin/gnu/h-x86_64-mingw32/bin/../lib/gcc/nios2-elf/4.9.2/../../../../../H-x86_64-mingw32/nios2-elf/lib\libc.a(lib_a-ctype_.o)
 .debug_abbrev  0x0000000000002973      0x1f5 c:/software/altera/15.1/nios2eds/bin/gnu/h-x86_64-mingw32/bin/../lib/gcc/nios2-elf/4.9.2/../../../../../H-x86_64-mingw32/nios2-elf/lib\libc.a(lib_a-exit.o)
 .debug_abbrev  0x0000000000002b68      0x18f c:/software/altera/15.1/nios2eds/bin/gnu/h-x86_64-mingw32/bin/../lib/gcc/nios2-elf/4.9.2/../../../../../H-x86_64-mingw32/nios2-elf/lib\libc.a(lib_a-impure.o)
 .debug_abbrev  0x0000000000002cf7       0x37 c:/software/altera/15.1/nios2eds/bin/gnu/h-x86_64-mingw32/bin/../lib/gcc/nios2-elf/4.9.2/../../../../../H-x86_64-mingw32/nios2-elf/lib\libc.a(lib_a-int_errno.o)
 .debug_abbrev  0x0000000000002d2e       0x7f c:/software/altera/15.1/nios2eds/bin/gnu/h-x86_64-mingw32/bin/../lib/gcc/nios2-elf/4.9.2/../../../../../H-x86_64-mingw32/nios2-elf/lib\libc.a(lib_a-memcmp.o)
 .debug_abbrev  0x0000000000002dad       0x9c c:/software/altera/15.1/nios2eds/bin/gnu/h-x86_64-mingw32/bin/../lib/gcc/nios2-elf/4.9.2/../../../../../H-x86_64-mingw32/nios2-elf/lib\libc.a(lib_a-memcpy.o)
 .debug_abbrev  0x0000000000002e49       0xae c:/software/altera/15.1/nios2eds/bin/gnu/h-x86_64-mingw32/bin/../lib/gcc/nios2-elf/4.9.2/../../../../../H-x86_64-mingw32/nios2-elf/lib\libc.a(lib_a-memset.o)
 .debug_abbrev  0x0000000000002ef7       0x90 c:/software/altera/15.1/nios2eds/bin/gnu/h-x86_64-mingw32/bin/../lib/gcc/nios2-elf/4.9.2/../../../../../H-x86_64-mingw32/nios2-elf/lib\libc.a(lib_a-strlen.o)
 .debug_abbrev  0x0000000000002f87      0x21e c:/software/altera/15.1/nios2eds/bin/gnu/h-x86_64-mingw32/bin/../lib/gcc/nios2-elf/4.9.2/../../../../../H-x86_64-mingw32/nios2-elf/lib\libc.a(lib_a-__atexit.o)
 .debug_abbrev  0x00000000000031a5      0x22e c:/software/altera/15.1/nios2eds/bin/gnu/h-x86_64-mingw32/bin/../lib/gcc/nios2-elf/4.9.2/../../../../../H-x86_64-mingw32/nios2-elf/lib\libc.a(lib_a-__call_atexit.o)
 .debug_abbrev  0x00000000000033d3       0xd9 c:/software/altera/15.1/nios2eds/bin/gnu/h-x86_64-mingw32/bin/../lib/gcc/nios2-elf/4.9.2\libgcc.a(lib2-divmod.o)
 .debug_abbrev  0x00000000000034ac       0xcd ../Lab_0_post_lab_bsp/\libhal_bsp.a(alt_exit.o)

.debug_line     0x0000000000000000     0x3a7b
 *(.debug_line)
 .debug_line    0x0000000000000000       0x72 ../Lab_0_post_lab_bsp//obj/HAL/src/crt0.o
 .debug_line    0x0000000000000072       0x7f obj/default/hello_world.o
 .debug_line    0x00000000000000f1       0x8d ../Lab_0_post_lab_bsp/\libhal_bsp.a(alt_load.o)
 .debug_line    0x000000000000017e       0xd1 ../Lab_0_post_lab_bsp/\libhal_bsp.a(alt_main.o)
 .debug_line    0x000000000000024f      0x225 ../Lab_0_post_lab_bsp/\libhal_bsp.a(alt_sys_init.o)
 .debug_line    0x0000000000000474      0x12f ../Lab_0_post_lab_bsp/\libhal_bsp.a(altera_avalon_jtag_uart_fd.o)
 .debug_line    0x00000000000005a3      0x194 ../Lab_0_post_lab_bsp/\libhal_bsp.a(altera_avalon_jtag_uart_init.o)
 .debug_line    0x0000000000000737      0x12e ../Lab_0_post_lab_bsp/\libhal_bsp.a(altera_avalon_jtag_uart_ioctl.o)
 .debug_line    0x0000000000000865      0x17e ../Lab_0_post_lab_bsp/\libhal_bsp.a(altera_avalon_jtag_uart_read.o)
 .debug_line    0x00000000000009e3      0x17e ../Lab_0_post_lab_bsp/\libhal_bsp.a(altera_avalon_jtag_uart_write.o)
 .debug_line    0x0000000000000b61      0x328 ../Lab_0_post_lab_bsp/\libhal_bsp.a(altera_avalon_lcd_16207.o)
 .debug_line    0x0000000000000e89      0x119 ../Lab_0_post_lab_bsp/\libhal_bsp.a(altera_avalon_lcd_16207_fd.o)
 .debug_line    0x0000000000000fa2      0x113 ../Lab_0_post_lab_bsp/\libhal_bsp.a(altera_avalon_timer_sc.o)
 .debug_line    0x00000000000010b5       0xee ../Lab_0_post_lab_bsp/\libhal_bsp.a(altera_avalon_uart_fd.o)
 .debug_line    0x00000000000011a3      0x19e ../Lab_0_post_lab_bsp/\libhal_bsp.a(altera_avalon_uart_init.o)
 .debug_line    0x0000000000001341      0x193 ../Lab_0_post_lab_bsp/\libhal_bsp.a(altera_avalon_uart_read.o)
 .debug_line    0x00000000000014d4      0x17a ../Lab_0_post_lab_bsp/\libhal_bsp.a(altera_avalon_uart_write.o)
 .debug_line    0x000000000000164e      0x10e ../Lab_0_post_lab_bsp/\libhal_bsp.a(alt_alarm_start.o)
 .debug_line    0x000000000000175c      0x167 ../Lab_0_post_lab_bsp/\libhal_bsp.a(alt_close.o)
 .debug_line    0x00000000000018c3       0x61 ../Lab_0_post_lab_bsp/\libhal_bsp.a(alt_dcache_flush_all.o)
 .debug_line    0x0000000000001924       0xf9 ../Lab_0_post_lab_bsp/\libhal_bsp.a(alt_dev.o)
 .debug_line    0x0000000000001a1d       0xd0 ../Lab_0_post_lab_bsp/\libhal_bsp.a(alt_dev_llist_insert.o)
 .debug_line    0x0000000000001aed       0x59 ../Lab_0_post_lab_bsp/\libhal_bsp.a(alt_do_ctors.o)
 .debug_line    0x0000000000001b46       0x59 ../Lab_0_post_lab_bsp/\libhal_bsp.a(alt_do_dtors.o)
 .debug_line    0x0000000000001b9f       0x51 ../Lab_0_post_lab_bsp/\libhal_bsp.a(alt_errno.o)
 .debug_line    0x0000000000001bf0       0x50 ../Lab_0_post_lab_bsp/\libhal_bsp.a(alt_icache_flush_all.o)
 .debug_line    0x0000000000001c40      0x134 ../Lab_0_post_lab_bsp/\libhal_bsp.a(alt_io_redirect.o)
 .debug_line    0x0000000000001d74      0x159 ../Lab_0_post_lab_bsp/\libhal_bsp.a(alt_irq_register.o)
 .debug_line    0x0000000000001ecd       0x50 ../Lab_0_post_lab_bsp/\libhal_bsp.a(alt_irq_vars.o)
 .debug_line    0x0000000000001f1d      0x12a ../Lab_0_post_lab_bsp/\libhal_bsp.a(alt_open.o)
 .debug_line    0x0000000000002047       0xae ../Lab_0_post_lab_bsp/\libhal_bsp.a(alt_release_fd.o)
 .debug_line    0x00000000000020f5      0x112 ../Lab_0_post_lab_bsp/\libhal_bsp.a(alt_tick.o)
 .debug_line    0x0000000000002207       0xae ../Lab_0_post_lab_bsp/\libhal_bsp.a(alt_usleep.o)
 .debug_line    0x00000000000022b5       0x8d ../Lab_0_post_lab_bsp/\libhal_bsp.a(altera_nios2_gen2_irq.o)
 .debug_line    0x0000000000002342       0xa0 ../Lab_0_post_lab_bsp/\libhal_bsp.a(alt_busy_sleep.o)
 .debug_line    0x00000000000023e2       0xb5 ../Lab_0_post_lab_bsp/\libhal_bsp.a(alt_find_dev.o)
 .debug_line    0x0000000000002497       0xd1 ../Lab_0_post_lab_bsp/\libhal_bsp.a(alt_find_file.o)
 .debug_line    0x0000000000002568       0xd5 ../Lab_0_post_lab_bsp/\libhal_bsp.a(alt_get_fd.o)
 .debug_line    0x000000000000263d       0x81 ../Lab_0_post_lab_bsp/\libhal_bsp.a(alt_icache_flush.o)
 .debug_line    0x00000000000026be       0x6b ../Lab_0_post_lab_bsp/\libhal_bsp.a(alt_irq_entry.o)
 .debug_line    0x0000000000002729       0xcd ../Lab_0_post_lab_bsp/\libhal_bsp.a(alt_irq_handler.o)
 .debug_line    0x00000000000027f6       0xb3 ../Lab_0_post_lab_bsp/\libhal_bsp.a(alt_exception_entry.o)
 .debug_line    0x00000000000028a9       0xba ../Lab_0_post_lab_bsp/\libhal_bsp.a(alt_instruction_exception_entry.o)
 .debug_line    0x0000000000002963       0xe4 c:/software/altera/15.1/nios2eds/bin/gnu/h-x86_64-mingw32/bin/../lib/gcc/nios2-elf/4.9.2/../../../../../H-x86_64-mingw32/nios2-elf/lib\libc.a(lib_a-atexit.o)
 .debug_line    0x0000000000002a47       0xc4 c:/software/altera/15.1/nios2eds/bin/gnu/h-x86_64-mingw32/bin/../lib/gcc/nios2-elf/4.9.2/../../../../../H-x86_64-mingw32/nios2-elf/lib\libc.a(lib_a-ctype_.o)
 .debug_line    0x0000000000002b0b      0x1f9 c:/software/altera/15.1/nios2eds/bin/gnu/h-x86_64-mingw32/bin/../lib/gcc/nios2-elf/4.9.2/../../../../../H-x86_64-mingw32/nios2-elf/lib\libc.a(lib_a-exit.o)
 .debug_line    0x0000000000002d04      0x15d c:/software/altera/15.1/nios2eds/bin/gnu/h-x86_64-mingw32/bin/../lib/gcc/nios2-elf/4.9.2/../../../../../H-x86_64-mingw32/nios2-elf/lib\libc.a(lib_a-impure.o)
 .debug_line    0x0000000000002e61       0x5c c:/software/altera/15.1/nios2eds/bin/gnu/h-x86_64-mingw32/bin/../lib/gcc/nios2-elf/4.9.2/../../../../../H-x86_64-mingw32/nios2-elf/lib\libc.a(lib_a-int_errno.o)
 .debug_line    0x0000000000002ebd      0x173 c:/software/altera/15.1/nios2eds/bin/gnu/h-x86_64-mingw32/bin/../lib/gcc/nios2-elf/4.9.2/../../../../../H-x86_64-mingw32/nios2-elf/lib\libc.a(lib_a-memcmp.o)
 .debug_line    0x0000000000003030      0x182 c:/software/altera/15.1/nios2eds/bin/gnu/h-x86_64-mingw32/bin/../lib/gcc/nios2-elf/4.9.2/../../../../../H-x86_64-mingw32/nios2-elf/lib\libc.a(lib_a-memcpy.o)
 .debug_line    0x00000000000031b2      0x18c c:/software/altera/15.1/nios2eds/bin/gnu/h-x86_64-mingw32/bin/../lib/gcc/nios2-elf/4.9.2/../../../../../H-x86_64-mingw32/nios2-elf/lib\libc.a(lib_a-memset.o)
 .debug_line    0x000000000000333e      0x16c c:/software/altera/15.1/nios2eds/bin/gnu/h-x86_64-mingw32/bin/../lib/gcc/nios2-elf/4.9.2/../../../../../H-x86_64-mingw32/nios2-elf/lib\libc.a(lib_a-strlen.o)
 .debug_line    0x00000000000034aa      0x222 c:/software/altera/15.1/nios2eds/bin/gnu/h-x86_64-mingw32/bin/../lib/gcc/nios2-elf/4.9.2/../../../../../H-x86_64-mingw32/nios2-elf/lib\libc.a(lib_a-__atexit.o)
 .debug_line    0x00000000000036cc      0x23e c:/software/altera/15.1/nios2eds/bin/gnu/h-x86_64-mingw32/bin/../lib/gcc/nios2-elf/4.9.2/../../../../../H-x86_64-mingw32/nios2-elf/lib\libc.a(lib_a-__call_atexit.o)
 .debug_line    0x000000000000390a       0xc4 c:/software/altera/15.1/nios2eds/bin/gnu/h-x86_64-mingw32/bin/../lib/gcc/nios2-elf/4.9.2\libgcc.a(lib2-divmod.o)
 .debug_line    0x00000000000039ce       0xad ../Lab_0_post_lab_bsp/\libhal_bsp.a(alt_exit.o)

.debug_frame    0x0000000000000000      0xf30
 *(.debug_frame)
 .debug_frame   0x0000000000000000       0x2c obj/default/hello_world.o
 .debug_frame   0x000000000000002c       0x5c ../Lab_0_post_lab_bsp/\libhal_bsp.a(alt_load.o)
 .debug_frame   0x0000000000000088       0x2c ../Lab_0_post_lab_bsp/\libhal_bsp.a(alt_main.o)
 .debug_frame   0x00000000000000b4       0x88 ../Lab_0_post_lab_bsp/\libhal_bsp.a(alt_sys_init.o)
 .debug_frame   0x000000000000013c       0xb0 ../Lab_0_post_lab_bsp/\libhal_bsp.a(altera_avalon_jtag_uart_fd.o)
 .debug_frame   0x00000000000001ec       0xa4 ../Lab_0_post_lab_bsp/\libhal_bsp.a(altera_avalon_jtag_uart_init.o)
 .debug_frame   0x0000000000000290       0x34 ../Lab_0_post_lab_bsp/\libhal_bsp.a(altera_avalon_jtag_uart_ioctl.o)
 .debug_frame   0x00000000000002c4       0x38 ../Lab_0_post_lab_bsp/\libhal_bsp.a(altera_avalon_jtag_uart_read.o)
 .debug_frame   0x00000000000002fc       0x38 ../Lab_0_post_lab_bsp/\libhal_bsp.a(altera_avalon_jtag_uart_write.o)
 .debug_frame   0x0000000000000334      0x178 ../Lab_0_post_lab_bsp/\libhal_bsp.a(altera_avalon_lcd_16207.o)
 .debug_frame   0x00000000000004ac       0x38 ../Lab_0_post_lab_bsp/\libhal_bsp.a(altera_avalon_lcd_16207_fd.o)
 .debug_frame   0x00000000000004e4       0x60 ../Lab_0_post_lab_bsp/\libhal_bsp.a(altera_avalon_timer_sc.o)
 .debug_frame   0x0000000000000544       0x88 ../Lab_0_post_lab_bsp/\libhal_bsp.a(altera_avalon_uart_fd.o)
 .debug_frame   0x00000000000005cc       0xcc ../Lab_0_post_lab_bsp/\libhal_bsp.a(altera_avalon_uart_init.o)
 .debug_frame   0x0000000000000698       0x60 ../Lab_0_post_lab_bsp/\libhal_bsp.a(altera_avalon_uart_read.o)
 .debug_frame   0x00000000000006f8       0x60 ../Lab_0_post_lab_bsp/\libhal_bsp.a(altera_avalon_uart_write.o)
 .debug_frame   0x0000000000000758       0x34 ../Lab_0_post_lab_bsp/\libhal_bsp.a(alt_alarm_start.o)
 .debug_frame   0x000000000000078c       0x60 ../Lab_0_post_lab_bsp/\libhal_bsp.a(alt_close.o)
 .debug_frame   0x00000000000007ec       0x34 ../Lab_0_post_lab_bsp/\libhal_bsp.a(alt_dcache_flush_all.o)
 .debug_frame   0x0000000000000820       0x34 ../Lab_0_post_lab_bsp/\libhal_bsp.a(alt_dev.o)
 .debug_frame   0x0000000000000854       0x60 ../Lab_0_post_lab_bsp/\libhal_bsp.a(alt_dev_llist_insert.o)
 .debug_frame   0x00000000000008b4       0x38 ../Lab_0_post_lab_bsp/\libhal_bsp.a(alt_do_ctors.o)
 .debug_frame   0x00000000000008ec       0x38 ../Lab_0_post_lab_bsp/\libhal_bsp.a(alt_do_dtors.o)
 .debug_frame   0x0000000000000924       0x38 ../Lab_0_post_lab_bsp/\libhal_bsp.a(alt_icache_flush_all.o)
 .debug_frame   0x000000000000095c       0x60 ../Lab_0_post_lab_bsp/\libhal_bsp.a(alt_io_redirect.o)
 .debug_frame   0x00000000000009bc       0x34 ../Lab_0_post_lab_bsp/\libhal_bsp.a(alt_irq_register.o)
 .debug_frame   0x00000000000009f0       0x84 ../Lab_0_post_lab_bsp/\libhal_bsp.a(alt_open.o)
 .debug_frame   0x0000000000000a74       0x34 ../Lab_0_post_lab_bsp/\libhal_bsp.a(alt_release_fd.o)
 .debug_frame   0x0000000000000aa8       0x5c ../Lab_0_post_lab_bsp/\libhal_bsp.a(alt_tick.o)
 .debug_frame   0x0000000000000b04       0x38 ../Lab_0_post_lab_bsp/\libhal_bsp.a(alt_usleep.o)
 .debug_frame   0x0000000000000b3c       0x34 ../Lab_0_post_lab_bsp/\libhal_bsp.a(altera_nios2_gen2_irq.o)
 .debug_frame   0x0000000000000b70       0x38 ../Lab_0_post_lab_bsp/\libhal_bsp.a(alt_busy_sleep.o)
 .debug_frame   0x0000000000000ba8       0x38 ../Lab_0_post_lab_bsp/\libhal_bsp.a(alt_find_dev.o)
 .debug_frame   0x0000000000000be0       0x38 ../Lab_0_post_lab_bsp/\libhal_bsp.a(alt_find_file.o)
 .debug_frame   0x0000000000000c18       0x34 ../Lab_0_post_lab_bsp/\libhal_bsp.a(alt_get_fd.o)
 .debug_frame   0x0000000000000c4c       0x34 ../Lab_0_post_lab_bsp/\libhal_bsp.a(alt_icache_flush.o)
 .debug_frame   0x0000000000000c80       0x38 ../Lab_0_post_lab_bsp/\libhal_bsp.a(alt_irq_handler.o)
 .debug_frame   0x0000000000000cb8       0x5c ../Lab_0_post_lab_bsp/\libhal_bsp.a(alt_instruction_exception_entry.o)
 .debug_frame   0x0000000000000d14       0x20 c:/software/altera/15.1/nios2eds/bin/gnu/h-x86_64-mingw32/bin/../lib/gcc/nios2-elf/4.9.2/../../../../../H-x86_64-mingw32/nios2-elf/lib\libc.a(lib_a-atexit.o)
 .debug_frame   0x0000000000000d34       0x28 c:/software/altera/15.1/nios2eds/bin/gnu/h-x86_64-mingw32/bin/../lib/gcc/nios2-elf/4.9.2/../../../../../H-x86_64-mingw32/nios2-elf/lib\libc.a(lib_a-exit.o)
 .debug_frame   0x0000000000000d5c       0x20 c:/software/altera/15.1/nios2eds/bin/gnu/h-x86_64-mingw32/bin/../lib/gcc/nios2-elf/4.9.2/../../../../../H-x86_64-mingw32/nios2-elf/lib\libc.a(lib_a-memcmp.o)
 .debug_frame   0x0000000000000d7c       0x30 c:/software/altera/15.1/nios2eds/bin/gnu/h-x86_64-mingw32/bin/../lib/gcc/nios2-elf/4.9.2/../../../../../H-x86_64-mingw32/nios2-elf/lib\libc.a(lib_a-memcpy.o)
 .debug_frame   0x0000000000000dac       0x20 c:/software/altera/15.1/nios2eds/bin/gnu/h-x86_64-mingw32/bin/../lib/gcc/nios2-elf/4.9.2/../../../../../H-x86_64-mingw32/nios2-elf/lib\libc.a(lib_a-memset.o)
 .debug_frame   0x0000000000000dcc       0x20 c:/software/altera/15.1/nios2eds/bin/gnu/h-x86_64-mingw32/bin/../lib/gcc/nios2-elf/4.9.2/../../../../../H-x86_64-mingw32/nios2-elf/lib\libc.a(lib_a-strlen.o)
 .debug_frame   0x0000000000000dec       0x38 c:/software/altera/15.1/nios2eds/bin/gnu/h-x86_64-mingw32/bin/../lib/gcc/nios2-elf/4.9.2/../../../../../H-x86_64-mingw32/nios2-elf/lib\libc.a(lib_a-__atexit.o)
 .debug_frame   0x0000000000000e24       0x54 c:/software/altera/15.1/nios2eds/bin/gnu/h-x86_64-mingw32/bin/../lib/gcc/nios2-elf/4.9.2/../../../../../H-x86_64-mingw32/nios2-elf/lib\libc.a(lib_a-__call_atexit.o)
 .debug_frame   0x0000000000000e78       0x8c c:/software/altera/15.1/nios2eds/bin/gnu/h-x86_64-mingw32/bin/../lib/gcc/nios2-elf/4.9.2\libgcc.a(lib2-divmod.o)
 .debug_frame   0x0000000000000f04       0x2c ../Lab_0_post_lab_bsp/\libhal_bsp.a(alt_exit.o)

.debug_str      0x0000000000000000     0x2331
 *(.debug_str)
 .debug_str     0x0000000000000000       0xef obj/default/hello_world.o
                                        0x12d (size before relaxing)
 .debug_str     0x00000000000000ef      0x131 ../Lab_0_post_lab_bsp/\libhal_bsp.a(alt_load.o)
                                        0x1f8 (size before relaxing)
 .debug_str     0x0000000000000220       0x91 ../Lab_0_post_lab_bsp/\libhal_bsp.a(alt_main.o)
                                        0x1ac (size before relaxing)
 .debug_str     0x00000000000002b1      0x41c ../Lab_0_post_lab_bsp/\libhal_bsp.a(alt_sys_init.o)
                                        0x608 (size before relaxing)
 .debug_str     0x00000000000006cd       0xb9 ../Lab_0_post_lab_bsp/\libhal_bsp.a(altera_avalon_jtag_uart_fd.o)
                                        0x38a (size before relaxing)
 .debug_str     0x0000000000000786       0xd1 ../Lab_0_post_lab_bsp/\libhal_bsp.a(altera_avalon_jtag_uart_init.o)
                                        0x33f (size before relaxing)
 .debug_str     0x0000000000000857       0x4a ../Lab_0_post_lab_bsp/\libhal_bsp.a(altera_avalon_jtag_uart_ioctl.o)
                                        0x279 (size before relaxing)
 .debug_str     0x00000000000008a1       0x7f ../Lab_0_post_lab_bsp/\libhal_bsp.a(altera_avalon_jtag_uart_read.o)
                                        0x2ef (size before relaxing)
 .debug_str     0x0000000000000920       0x4a ../Lab_0_post_lab_bsp/\libhal_bsp.a(altera_avalon_jtag_uart_write.o)
                                        0x2f0 (size before relaxing)
 .debug_str     0x000000000000096a      0x1f9 ../Lab_0_post_lab_bsp/\libhal_bsp.a(altera_avalon_lcd_16207.o)
                                        0x475 (size before relaxing)
 .debug_str     0x0000000000000b63       0x4a ../Lab_0_post_lab_bsp/\libhal_bsp.a(altera_avalon_lcd_16207_fd.o)
                                        0x33e (size before relaxing)
 .debug_str     0x0000000000000bad       0x6d ../Lab_0_post_lab_bsp/\libhal_bsp.a(altera_avalon_timer_sc.o)
                                        0x252 (size before relaxing)
 .debug_str     0x0000000000000c1a       0x77 ../Lab_0_post_lab_bsp/\libhal_bsp.a(altera_avalon_uart_fd.o)
                                        0x2db (size before relaxing)
 .debug_str     0x0000000000000c91       0xb1 ../Lab_0_post_lab_bsp/\libhal_bsp.a(altera_avalon_uart_init.o)
                                        0x2be (size before relaxing)
 .debug_str     0x0000000000000d42       0x5d ../Lab_0_post_lab_bsp/\libhal_bsp.a(altera_avalon_uart_read.o)
                                        0x29f (size before relaxing)
 .debug_str     0x0000000000000d9f       0x49 ../Lab_0_post_lab_bsp/\libhal_bsp.a(altera_avalon_uart_write.o)
                                        0x293 (size before relaxing)
 .debug_str     0x0000000000000de8       0x59 ../Lab_0_post_lab_bsp/\libhal_bsp.a(alt_alarm_start.o)
                                        0x285 (size before relaxing)
 .debug_str     0x0000000000000e41       0x2c ../Lab_0_post_lab_bsp/\libhal_bsp.a(alt_close.o)
                                        0x1f1 (size before relaxing)
 .debug_str     0x0000000000000e6d       0x34 ../Lab_0_post_lab_bsp/\libhal_bsp.a(alt_dcache_flush_all.o)
                                        0x13b (size before relaxing)
 .debug_str     0x0000000000000ea1      0x120 ../Lab_0_post_lab_bsp/\libhal_bsp.a(alt_dev.o)
                                        0x2eb (size before relaxing)
 .debug_str     0x0000000000000fc1       0x34 ../Lab_0_post_lab_bsp/\libhal_bsp.a(alt_dev_llist_insert.o)
                                        0x1b2 (size before relaxing)
 .debug_str     0x0000000000000ff5       0x48 ../Lab_0_post_lab_bsp/\libhal_bsp.a(alt_do_ctors.o)
                                         0xc2 (size before relaxing)
 .debug_str     0x000000000000103d       0x4c ../Lab_0_post_lab_bsp/\libhal_bsp.a(alt_do_dtors.o)
                                         0xc1 (size before relaxing)
 .debug_str     0x0000000000001089       0x14 ../Lab_0_post_lab_bsp/\libhal_bsp.a(alt_errno.o)
                                        0x12b (size before relaxing)
 .debug_str     0x000000000000109d       0x34 ../Lab_0_post_lab_bsp/\libhal_bsp.a(alt_icache_flush_all.o)
                                        0x13b (size before relaxing)
 .debug_str     0x00000000000010d1       0x56 ../Lab_0_post_lab_bsp/\libhal_bsp.a(alt_io_redirect.o)
                                        0x2fc (size before relaxing)
 .debug_str     0x0000000000001127       0x70 ../Lab_0_post_lab_bsp/\libhal_bsp.a(alt_irq_register.o)
                                        0x1ee (size before relaxing)
 .debug_str     0x0000000000001197       0x17 ../Lab_0_post_lab_bsp/\libhal_bsp.a(alt_irq_vars.o)
                                        0x12c (size before relaxing)
 .debug_str     0x00000000000011ae       0x2f ../Lab_0_post_lab_bsp/\libhal_bsp.a(alt_open.o)
                                        0x231 (size before relaxing)
 .debug_str     0x00000000000011dd       0x28 ../Lab_0_post_lab_bsp/\libhal_bsp.a(alt_release_fd.o)
                                        0x1c5 (size before relaxing)
 .debug_str     0x0000000000001205       0x4a ../Lab_0_post_lab_bsp/\libhal_bsp.a(alt_tick.o)
                                        0x259 (size before relaxing)
 .debug_str     0x000000000000124f       0x27 ../Lab_0_post_lab_bsp/\libhal_bsp.a(alt_usleep.o)
                                        0x12e (size before relaxing)
 .debug_str     0x0000000000001276       0x3b ../Lab_0_post_lab_bsp/\libhal_bsp.a(altera_nios2_gen2_irq.o)
                                        0x16b (size before relaxing)
 .debug_str     0x00000000000012b1       0x42 ../Lab_0_post_lab_bsp/\libhal_bsp.a(alt_busy_sleep.o)
                                        0x151 (size before relaxing)
 .debug_str     0x00000000000012f3       0x24 ../Lab_0_post_lab_bsp/\libhal_bsp.a(alt_find_dev.o)
                                        0x1d2 (size before relaxing)
 .debug_str     0x0000000000001317       0x26 ../Lab_0_post_lab_bsp/\libhal_bsp.a(alt_find_file.o)
                                        0x1e0 (size before relaxing)
 .debug_str     0x000000000000133d       0x30 ../Lab_0_post_lab_bsp/\libhal_bsp.a(alt_get_fd.o)
                                        0x202 (size before relaxing)
 .debug_str     0x000000000000136d       0x2c ../Lab_0_post_lab_bsp/\libhal_bsp.a(alt_icache_flush.o)
                                        0x141 (size before relaxing)
 .debug_str     0x0000000000001399       0x3a ../Lab_0_post_lab_bsp/\libhal_bsp.a(alt_irq_handler.o)
                                        0x19e (size before relaxing)
 .debug_str     0x00000000000013d3      0x48b ../Lab_0_post_lab_bsp/\libhal_bsp.a(alt_instruction_exception_entry.o)
                                        0x585 (size before relaxing)
 .debug_str     0x000000000000185e      0x160 c:/software/altera/15.1/nios2eds/bin/gnu/h-x86_64-mingw32/bin/../lib/gcc/nios2-elf/4.9.2/../../../../../H-x86_64-mingw32/nios2-elf/lib\libc.a(lib_a-atexit.o)
                                        0x1f9 (size before relaxing)
 .debug_str     0x00000000000019be       0xcd c:/software/altera/15.1/nios2eds/bin/gnu/h-x86_64-mingw32/bin/../lib/gcc/nios2-elf/4.9.2/../../../../../H-x86_64-mingw32/nios2-elf/lib\libc.a(lib_a-ctype_.o)
                                        0x147 (size before relaxing)
 .debug_str     0x0000000000001a8b      0x3ac c:/software/altera/15.1/nios2eds/bin/gnu/h-x86_64-mingw32/bin/../lib/gcc/nios2-elf/4.9.2/../../../../../H-x86_64-mingw32/nios2-elf/lib\libc.a(lib_a-exit.o)
                                        0x596 (size before relaxing)
 .debug_str     0x0000000000001e37       0xc8 c:/software/altera/15.1/nios2eds/bin/gnu/h-x86_64-mingw32/bin/../lib/gcc/nios2-elf/4.9.2/../../../../../H-x86_64-mingw32/nios2-elf/lib\libc.a(lib_a-impure.o)
                                        0x58d (size before relaxing)
 .debug_str     0x0000000000001eff       0x3c c:/software/altera/15.1/nios2eds/bin/gnu/h-x86_64-mingw32/bin/../lib/gcc/nios2-elf/4.9.2/../../../../../H-x86_64-mingw32/nios2-elf/lib\libc.a(lib_a-int_errno.o)
                                        0x1b5 (size before relaxing)
 .debug_str     0x0000000000001f3b       0xcc c:/software/altera/15.1/nios2eds/bin/gnu/h-x86_64-mingw32/bin/../lib/gcc/nios2-elf/4.9.2/../../../../../H-x86_64-mingw32/nios2-elf/lib\libc.a(lib_a-memcmp.o)
                                        0x1bc (size before relaxing)
 .debug_str     0x0000000000002007       0x68 c:/software/altera/15.1/nios2eds/bin/gnu/h-x86_64-mingw32/bin/../lib/gcc/nios2-elf/4.9.2/../../../../../H-x86_64-mingw32/nios2-elf/lib\libc.a(lib_a-memcpy.o)
                                        0x1e3 (size before relaxing)
 .debug_str     0x000000000000206f       0x4e c:/software/altera/15.1/nios2eds/bin/gnu/h-x86_64-mingw32/bin/../lib/gcc/nios2-elf/4.9.2/../../../../../H-x86_64-mingw32/nios2-elf/lib\libc.a(lib_a-memset.o)
                                        0x1d0 (size before relaxing)
 .debug_str     0x00000000000020bd       0x41 c:/software/altera/15.1/nios2eds/bin/gnu/h-x86_64-mingw32/bin/../lib/gcc/nios2-elf/4.9.2/../../../../../H-x86_64-mingw32/nios2-elf/lib\libc.a(lib_a-strlen.o)
                                        0x1cf (size before relaxing)
 .debug_str     0x00000000000020fe       0x3c c:/software/altera/15.1/nios2eds/bin/gnu/h-x86_64-mingw32/bin/../lib/gcc/nios2-elf/4.9.2/../../../../../H-x86_64-mingw32/nios2-elf/lib\libc.a(lib_a-__atexit.o)
                                        0x5d5 (size before relaxing)
 .debug_str     0x000000000000213a       0x62 c:/software/altera/15.1/nios2eds/bin/gnu/h-x86_64-mingw32/bin/../lib/gcc/nios2-elf/4.9.2/../../../../../H-x86_64-mingw32/nios2-elf/lib\libc.a(lib_a-__call_atexit.o)
                                        0x5ba (size before relaxing)
 .debug_str     0x000000000000219c      0x16b c:/software/altera/15.1/nios2eds/bin/gnu/h-x86_64-mingw32/bin/../lib/gcc/nios2-elf/4.9.2\libgcc.a(lib2-divmod.o)
                                        0x1b6 (size before relaxing)
 .debug_str     0x0000000000002307       0x2a ../Lab_0_post_lab_bsp/\libhal_bsp.a(alt_exit.o)
                                        0x160 (size before relaxing)

.debug_loc      0x0000000000000000      0xb87
 *(.debug_loc)
 .debug_loc     0x0000000000000000       0x2c c:/software/altera/15.1/nios2eds/bin/gnu/h-x86_64-mingw32/bin/../lib/gcc/nios2-elf/4.9.2/../../../../../H-x86_64-mingw32/nios2-elf/lib\libc.a(lib_a-atexit.o)
 .debug_loc     0x000000000000002c       0x1e c:/software/altera/15.1/nios2eds/bin/gnu/h-x86_64-mingw32/bin/../lib/gcc/nios2-elf/4.9.2/../../../../../H-x86_64-mingw32/nios2-elf/lib\libc.a(lib_a-exit.o)