Archive member included to satisfy reference by file (symbol)

../Lab2_Loop_Audio_bsp/\libhal_bsp.a(alt_load.o)
                              ../Lab2_Loop_Audio_bsp//obj/HAL/src/crt0.o (alt_load)
../Lab2_Loop_Audio_bsp/\libhal_bsp.a(alt_main.o)
                              ../Lab2_Loop_Audio_bsp//obj/HAL/src/crt0.o (alt_main)
../Lab2_Loop_Audio_bsp/\libhal_bsp.a(alt_printf.o)
                              obj/default/hello_world.o (alt_printf)
../Lab2_Loop_Audio_bsp/\libhal_bsp.a(alt_putchar.o)
                              ../Lab2_Loop_Audio_bsp/\libhal_bsp.a(alt_printf.o) (alt_putchar)
../Lab2_Loop_Audio_bsp/\libhal_bsp.a(alt_sys_init.o)
                              ../Lab2_Loop_Audio_bsp/\libhal_bsp.a(alt_main.o) (alt_irq_init)
../Lab2_Loop_Audio_bsp/\libhal_bsp.a(altera_avalon_jtag_uart_fd.o)
                              ../Lab2_Loop_Audio_bsp/\libhal_bsp.a(alt_sys_init.o) (altera_avalon_jtag_uart_read_fd)
../Lab2_Loop_Audio_bsp/\libhal_bsp.a(altera_avalon_jtag_uart_read.o)
                              ../Lab2_Loop_Audio_bsp/\libhal_bsp.a(altera_avalon_jtag_uart_fd.o) (altera_avalon_jtag_uart_read)
../Lab2_Loop_Audio_bsp/\libhal_bsp.a(altera_avalon_jtag_uart_write.o)
                              ../Lab2_Loop_Audio_bsp/\libhal_bsp.a(altera_avalon_jtag_uart_fd.o) (altera_avalon_jtag_uart_write)
../Lab2_Loop_Audio_bsp/\libhal_bsp.a(altera_avalon_lcd_16207.o)
                              ../Lab2_Loop_Audio_bsp/\libhal_bsp.a(alt_sys_init.o) (altera_avalon_lcd_16207_init)
../Lab2_Loop_Audio_bsp/\libhal_bsp.a(altera_avalon_lcd_16207_fd.o)
                              ../Lab2_Loop_Audio_bsp/\libhal_bsp.a(alt_sys_init.o) (altera_avalon_lcd_16207_write_fd)
../Lab2_Loop_Audio_bsp/\libhal_bsp.a(altera_avalon_uart_fd.o)
                              ../Lab2_Loop_Audio_bsp/\libhal_bsp.a(alt_sys_init.o) (altera_avalon_uart_read_fd)
../Lab2_Loop_Audio_bsp/\libhal_bsp.a(altera_avalon_uart_init.o)
                              ../Lab2_Loop_Audio_bsp/\libhal_bsp.a(alt_sys_init.o) (altera_avalon_uart_init)
../Lab2_Loop_Audio_bsp/\libhal_bsp.a(altera_avalon_uart_read.o)
                              ../Lab2_Loop_Audio_bsp/\libhal_bsp.a(altera_avalon_uart_fd.o) (altera_avalon_uart_read)
../Lab2_Loop_Audio_bsp/\libhal_bsp.a(altera_avalon_uart_write.o)
                              ../Lab2_Loop_Audio_bsp/\libhal_bsp.a(altera_avalon_uart_fd.o) (altera_avalon_uart_write)
../Lab2_Loop_Audio_bsp/\libhal_bsp.a(altera_up_avalon_audio.o)
                              obj/default/hello_world.o (alt_up_audio_open_dev)
../Lab2_Loop_Audio_bsp/\libhal_bsp.a(alt_alarm_start.o)
                              ../Lab2_Loop_Audio_bsp/\libhal_bsp.a(altera_avalon_lcd_16207.o) (alt_alarm_start)
../Lab2_Loop_Audio_bsp/\libhal_bsp.a(alt_close.o)
                              ../Lab2_Loop_Audio_bsp/\libhal_bsp.a(alt_main.o) (close)
../Lab2_Loop_Audio_bsp/\libhal_bsp.a(alt_dcache_flush_all.o)
                              ../Lab2_Loop_Audio_bsp/\libhal_bsp.a(alt_load.o) (alt_dcache_flush_all)
../Lab2_Loop_Audio_bsp/\libhal_bsp.a(alt_dev.o)
                              ../Lab2_Loop_Audio_bsp/\libhal_bsp.a(alt_sys_init.o) (alt_dev_list)
../Lab2_Loop_Audio_bsp/\libhal_bsp.a(alt_dev_llist_insert.o)
                              ../Lab2_Loop_Audio_bsp/\libhal_bsp.a(alt_sys_init.o) (alt_dev_llist_insert)
../Lab2_Loop_Audio_bsp/\libhal_bsp.a(alt_do_ctors.o)
                              ../Lab2_Loop_Audio_bsp/\libhal_bsp.a(alt_main.o) (_do_ctors)
../Lab2_Loop_Audio_bsp/\libhal_bsp.a(alt_do_dtors.o)
                              ../Lab2_Loop_Audio_bsp/\libhal_bsp.a(alt_main.o) (_do_dtors)
../Lab2_Loop_Audio_bsp/\libhal_bsp.a(alt_errno.o)
                              ../Lab2_Loop_Audio_bsp/\libhal_bsp.a(altera_avalon_uart_read.o) (alt_errno)
../Lab2_Loop_Audio_bsp/\libhal_bsp.a(alt_find_dev.o)
                              ../Lab2_Loop_Audio_bsp/\libhal_bsp.a(altera_up_avalon_audio.o) (alt_find_dev)
../Lab2_Loop_Audio_bsp/\libhal_bsp.a(alt_icache_flush_all.o)
                              ../Lab2_Loop_Audio_bsp/\libhal_bsp.a(alt_load.o) (alt_icache_flush_all)
../Lab2_Loop_Audio_bsp/\libhal_bsp.a(alt_io_redirect.o)
                              ../Lab2_Loop_Audio_bsp/\libhal_bsp.a(alt_main.o) (alt_io_redirect)
../Lab2_Loop_Audio_bsp/\libhal_bsp.a(alt_irq_register.o)
                              ../Lab2_Loop_Audio_bsp/\libhal_bsp.a(altera_avalon_uart_init.o) (alt_irq_register)
../Lab2_Loop_Audio_bsp/\libhal_bsp.a(alt_irq_vars.o)
                              ../Lab2_Loop_Audio_bsp/\libhal_bsp.a(alt_irq_register.o) (alt_irq_active)
../Lab2_Loop_Audio_bsp/\libhal_bsp.a(alt_open.o)
                              ../Lab2_Loop_Audio_bsp/\libhal_bsp.a(alt_io_redirect.o) (open)
../Lab2_Loop_Audio_bsp/\libhal_bsp.a(alt_release_fd.o)
                              ../Lab2_Loop_Audio_bsp/\libhal_bsp.a(alt_close.o) (alt_release_fd)
../Lab2_Loop_Audio_bsp/\libhal_bsp.a(alt_tick.o)
[...]
Memory Configuration

Name             Origin             Length             Attributes
reset            0x0000000000800000 0x0000000000000020
sdram_0          0x0000000000800020 0x00000000007fffe0
*default*        0x0000000000000000 0xffffffffffffffff

Linker script and memory map

LOAD ../Lab2_Loop_Audio_bsp//obj/HAL/src/crt0.o
LOAD obj/default/hello_world.o
LOAD c:/software/altera/15.1/nios2eds/bin/gnu/h-x86_64-mingw32/bin/../lib/gcc/nios2-elf/4.9.2/../../../../../H-x86_64-mingw32/nios2-elf/lib\libstdc++.a
LOAD c:/software/altera/15.1/nios2eds/bin/gnu/h-x86_64-mingw32/bin/../lib/gcc/nios2-elf/4.9.2/../../../../../H-x86_64-mingw32/nios2-elf/lib\libm.a
LOAD c:/software/altera/15.1/nios2eds/bin/gnu/h-x86_64-mingw32/bin/../lib/gcc/nios2-elf/4.9.2\libgcc.a
START GROUP
LOAD c:/software/altera/15.1/nios2eds/bin/gnu/h-x86_64-mingw32/bin/../lib/gcc/nios2-elf/4.9.2/../../../../../H-x86_64-mingw32/nios2-elf/lib\libc.a
LOAD c:/software/altera/15.1/nios2eds/bin/gnu/h-x86_64-mingw32/bin/../lib/gcc/nios2-elf/4.9.2\libgcc.a
LOAD ../Lab2_Loop_Audio_bsp/\libhal_bsp.a
LOAD c:/software/altera/15.1/nios2eds/bin/gnu/h-x86_64-mingw32/bin/../lib/gcc/nios2-elf/4.9.2/../../../../../H-x86_64-mingw32/nios2-elf/lib\libm.a
END GROUP
LOAD c:/software/altera/15.1/nios2eds/bin/gnu/h-x86_64-mingw32/bin/../lib/gcc/nios2-elf/4.9.2\libgcc.a
                0x0000000000800000                __alt_mem_sdram_0 = 0x800000

.entry          0x0000000000800000       0x20
 *(.entry)
 .entry         0x0000000000800000       0x20 ../Lab2_Loop_Audio_bsp//obj/HAL/src/crt0.o
                0x0000000000800000                __reset

.exceptions     0x0000000000800020      0x224
                0x0000000000800020                PROVIDE (__ram_exceptions_start, ABSOLUTE (.))
                0x0000000000800020                . = ALIGN (0x20)
 *(.irq)
 *(.exceptions.entry.label)
 .exceptions.entry.label
                0x0000000000800020        0x0 ../Lab2_Loop_Audio_bsp/\libhal_bsp.a(alt_irq_entry.o)
                0x0000000000800020                alt_irq_entry
 .exceptions.entry.label
                0x0000000000800020        0x0 ../Lab2_Loop_Audio_bsp/\libhal_bsp.a(alt_exception_entry.o)
                0x0000000000800020                alt_exception
 *(.exceptions.entry.user)
 *(.exceptions.entry.ecc_fatal)
 *(.exceptions.entry)
 .exceptions.entry
                0x0000000000800020       0x54 ../Lab2_Loop_Audio_bsp/\libhal_bsp.a(alt_exception_entry.o)
 *(.exceptions.irqtest.user)
 *(.exceptions.irqtest)
 .exceptions.irqtest
                0x0000000000800074       0x10 ../Lab2_Loop_Audio_bsp/\libhal_bsp.a(alt_irq_entry.o)
 *(.exceptions.irqhandler.user)
 *(.exceptions.irqhandler)
 .exceptions.irqhandler
                0x0000000000800084        0x4 ../Lab2_Loop_Audio_bsp/\libhal_bsp.a(alt_irq_entry.o)
 *(.exceptions.irqreturn.user)
 *(.exceptions.irqreturn)
 .exceptions.irqreturn
                0x0000000000800088        0x4 ../Lab2_Loop_Audio_bsp/\libhal_bsp.a(alt_irq_entry.o)
 *(.exceptions.notirq.label)
 .exceptions.notirq.label
                0x000000000080008c        0x0 ../Lab2_Loop_Audio_bsp/\libhal_bsp.a(alt_irq_entry.o)
 *(.exceptions.notirq.user)
 *(.exceptions.notirq)
 .exceptions.notirq
                0x000000000080008c        0x8 ../Lab2_Loop_Audio_bsp/\libhal_bsp.a(alt_exception_entry.o)
 *(.exceptions.soft.user)
 *(.exceptions.soft)
 *(.exceptions.unknown.user)
 *(.exceptions.unknown)
 .exceptions.unknown
                0x0000000000800094       0x14 ../Lab2_Loop_Audio_bsp/\libhal_bsp.a(alt_exception_entry.o)
 *(.exceptions.exit.label)
 .exceptions.exit.label
                0x00000000008000a8        0x0 ../Lab2_Loop_Audio_bsp/\libhal_bsp.a(alt_irq_entry.o)
 .exceptions.exit.label
                0x00000000008000a8        0x0 ../Lab2_Loop_Audio_bsp/\libhal_bsp.a(alt_exception_entry.o)
 *(.exceptions.exit.user)
 *(.exceptions.exit)
 .exceptions.exit
                0x00000000008000a8       0x54 ../Lab2_Loop_Audio_bsp/\libhal_bsp.a(alt_exception_entry.o)
 *(.exceptions)
 .exceptions    0x00000000008000fc       0xd4 ../Lab2_Loop_Audio_bsp/\libhal_bsp.a(alt_irq_handler.o)
                0x00000000008000fc                alt_irq_handler
 .exceptions    0x00000000008001d0       0x74 ../Lab2_Loop_Audio_bsp/\libhal_bsp.a(alt_instruction_exception_entry.o)
                0x00000000008001d0                alt_instruction_exception_entry
                0x0000000000800244                PROVIDE (__ram_exceptions_end, ABSOLUTE (.))
                0x0000000000800020                PROVIDE (__flash_exceptions_start, LOADADDR (.exceptions))

.text           0x0000000000800244     0x64c4
                0x0000000000800244                PROVIDE (stext, ABSOLUTE (.))
 *(.interp)
 *(.hash)
 *(.dynsym)
 *(.dynstr)
 *(.gnu.version)
 *(.gnu.version_d)
 *(.gnu.version_r)
 *(.rel.init)
 *(.rela.init)
 *(.rel.text .rel.text.* .rel.gnu.linkonce.t.*)
 *(.rela.text .rela.text.* .rela.gnu.linkonce.t.*)
 *(.rel.fini)
 *(.rela.fini)
 *(.rel.rodata .rel.rodata.* .rel.gnu.linkonce.r.*)
 *(.rela.rodata .rela.rodata.* .rela.gnu.linkonce.r.*)
 *(.rel.data .rel.data.* .rel.gnu.linkonce.d.*)
 *(.rela.data .rela.data.* .rela.gnu.linkonce.d.*)
 *(.rel.tdata .rel.tdata.* .rel.gnu.linkonce.td.*)
 *(.rela.tdata .rela.tdata.* .rela.gnu.linkonce.td.*)
 *(.rel.tbss .rel.tbss.* .rel.gnu.linkonce.tb.*)
 *(.rela.tbss .rela.tbss.* .rela.gnu.linkonce.tb.*)
 *(.rel.ctors)
 *(.rela.ctors)
 *(.rel.dtors)
 *(.rela.dtors)
 *(.rel.got)
 *(.rela.got)
 *(.rel.sdata .rel.sdata.* .rel.gnu.linkonce.s.*)
 *(.rela.sdata .rela.sdata.* .rela.gnu.linkonce.s.*)
 *(.rel.sbss .rel.sbss.* .rel.gnu.linkonce.sb.*)
 *(.rela.sbss .rela.sbss.* .rela.gnu.linkonce.sb.*)
 *(.rel.sdata2 .rel.sdata2.* .rel.gnu.linkonce.s2.*)
 *(.rela.sdata2 .rela.sdata2.* .rela.gnu.linkonce.s2.*)
 *(.rel.sbss2 .rel.sbss2.* .rel.gnu.linkonce.sb2.*)
 *(.rela.sbss2 .rela.sbss2.* .rela.gnu.linkonce.sb2.*)
 *(.rel.bss .rel.bss.* .rel.gnu.linkonce.b.*)
 *(.rela.bss .rela.bss.* .rela.gnu.linkonce.b.*)
 *(.rel.plt)
 *(.rela.plt)
 *(.rel.dyn)
 *(.init)
 *(.plt)
 *(.text .stub .text.* .gnu.linkonce.t.*)
 .text          0x0000000000800244       0x4c ../Lab2_Loop_Audio_bsp//obj/HAL/src/crt0.o
                0x0000000000800244                _start
 .text          0x0000000000800290       0xc0 obj/default/hello_world.o
                0x0000000000800290                main
 .text          0x0000000000800350       0xe4 ../Lab2_Loop_Audio_bsp/\libhal_bsp.a(alt_load.o)
                0x00000000008003b4                alt_load
 .text          0x0000000000800434       0x78 ../Lab2_Loop_Audio_bsp/\libhal_bsp.a(alt_main.o)
                0x0000000000800434                alt_main
 .text          0x00000000008004ac      0x228 ../Lab2_Loop_Audio_bsp/\libhal_bsp.a(alt_printf.o)
                0x00000000008004ac                alt_printf
 .text          0x00000000008006d4       0x44 ../Lab2_Loop_Audio_bsp/\libhal_bsp.a(alt_putchar.o)
                0x00000000008006d4                alt_putchar
 .text          0x0000000000800718       0xf0 ../Lab2_Loop_Audio_bsp/\libhal_bsp.a(alt_sys_init.o)
                0x0000000000800750                alt_irq_init
                0x0000000000800784                alt_sys_init
 .text          0x0000000000800808       0xc0 ../Lab2_Loop_Audio_bsp/\libhal_bsp.a(altera_avalon_jtag_uart_fd.o)
                0x0000000000800808                altera_avalon_jtag_uart_read_fd
                0x0000000000800868                altera_avalon_jtag_uart_write_fd
 .text          0x00000000008008c8       0xe4 ../Lab2_Loop_Audio_bsp/\libhal_bsp.a(altera_avalon_jtag_uart_read.o)
                0x00000000008008c8                altera_avalon_jtag_uart_read
 .text          0x00000000008009ac       0x94 ../Lab2_Loop_Audio_bsp/\libhal_bsp.a(altera_avalon_jtag_uart_write.o)
                0x00000000008009ac                altera_avalon_jtag_uart_write
 .text          0x0000000000800a40      0xe70 ../Lab2_Loop_Audio_bsp/\libhal_bsp.a(altera_avalon_lcd_16207.o)
                0x00000000008011e4                altera_avalon_lcd_16207_write
                0x0000000000801778                altera_avalon_lcd_16207_init
 .text          0x00000000008018b0       0x60 ../Lab2_Loop_Audio_bsp/\libhal_bsp.a(altera_avalon_lcd_16207_fd.o)
                0x00000000008018b0                altera_avalon_lcd_16207_write_fd
 .text          0x0000000000801910      0x110 ../Lab2_Loop_Audio_bsp/\libhal_bsp.a(altera_avalon_uart_fd.o)
                0x0000000000801910                altera_avalon_uart_read_fd
                0x0000000000801970                altera_avalon_uart_write_fd
                0x00000000008019d0                altera_avalon_uart_close_fd
 .text          0x0000000000801a20      0x3b4 ../Lab2_Loop_Audio_bsp/\libhal_bsp.a(altera_avalon_uart_init.o)
                0x0000000000801a20                altera_avalon_uart_init
                0x0000000000801d80                altera_avalon_uart_close
 .text          0x0000000000801dd4      0x22c ../Lab2_Loop_Audio_bsp/\libhal_bsp.a(altera_avalon_uart_read.o)
                0x0000000000801e24                altera_avalon_uart_read
 .text          0x0000000000802000      0x1fc ../Lab2_Loop_Audio_bsp/\libhal_bsp.a(altera_avalon_uart_write.o)
                0x0000000000802050                altera_avalon_uart_write
 .text          0x00000000008021fc      0x794 ../Lab2_Loop_Audio_bsp/\libhal_bsp.a(altera_up_avalon_audio.o)
                0x00000000008021fc                alt_up_audio_open_dev
                0x000000000080223c                alt_up_audio_enable_read_interrupt
                0x000000000080228c                alt_up_audio_disable_read_interrupt
                0x00000000008022e0                alt_up_audio_enable_write_interrupt
                0x0000000000802330                alt_up_audio_disable_write_interrupt
                0x0000000000802384                alt_up_audio_read_interrupt_pending
                0x00000000008023c4                alt_up_audio_write_interrupt_pending
                0x0000000000802404                alt_up_audio_reset_audio_core
                0x0000000000802494                alt_up_audio_read_fifo_avail
                0x00000000008024f4                alt_up_audio_record_r
                0x000000000080255c                alt_up_audio_record_l
                0x00000000008025c4                alt_up_audio_write_fifo_space
                0x0000000000802624                alt_up_audio_play_r
                0x000000000080268c                alt_up_audio_play_l
                0x00000000008026f4                alt_up_audio_read_fifo
                0x00000000008027d4                alt_up_audio_write_fifo
                0x00000000008028dc                alt_up_audio_read_fifo_head
                0x000000000080292c                alt_up_audio_write_fifo_head
 .text          0x0000000000802990      0x140 ../Lab2_Loop_Audio_bsp/\libhal_bsp.a(alt_alarm_start.o)
                0x0000000000802990                alt_alarm_start
 .text          0x0000000000802ad0      0x120 ../Lab2_Loop_Audio_bsp/\libhal_bsp.a(alt_close.o)
                0x0000000000802b20                close
 .text          0x0000000000802bf0       0x44 ../Lab2_Loop_Audio_bsp/\libhal_bsp.a(alt_dcache_flush_all.o)
                0x0000000000802bf0                alt_dcache_flush_all
 .text          0x0000000000802c34       0x2c ../Lab2_Loop_Audio_bsp/\libhal_bsp.a(alt_dev.o)
 .text          0x0000000000802c60       0xf4 ../Lab2_Loop_Audio_bsp/\libhal_bsp.a(alt_dev_llist_insert.o)
                0x0000000000802cb0                alt_dev_llist_insert
 .text          0x0000000000802d54       0x5c ../Lab2_Loop_Audio_bsp/\libhal_bsp.a(alt_do_ctors.o)
                0x0000000000802d54                _do_ctors
 .text          0x0000000000802db0       0x5c ../Lab2_Loop_Audio_bsp/\libhal_bsp.a(alt_do_dtors.o)
                0x0000000000802db0                _do_dtors
 .text          0x0000000000802e0c        0x0 ../Lab2_Loop_Audio_bsp/\libhal_bsp.a(alt_errno.o)
 .text          0x0000000000802e0c       0x90 ../Lab2_Loop_Audio_bsp/\libhal_bsp.a(alt_find_dev.o)
                0x0000000000802e0c                alt_find_dev
 .text          0x0000000000802e9c       0x30 ../Lab2_Loop_Audio_bsp/\libhal_bsp.a(alt_icache_flush_all.o)
                0x0000000000802e9c                alt_icache_flush_all
 .text          0x0000000000802ecc      0x138 ../Lab2_Loop_Audio_bsp/\libhal_bsp.a(alt_io_redirect.o)
                0x0000000000802f8c                alt_io_redirect
 .text          0x0000000000803004      0x1b0 ../Lab2_Loop_Audio_bsp/\libhal_bsp.a(alt_irq_register.o)
                0x0000000000803004                alt_irq_register
 .text          0x00000000008031b4        0x0 ../Lab2_Loop_Audio_bsp/\libhal_bsp.a(alt_irq_vars.o)
 .text          0x00000000008031b4      0x274 ../Lab2_Loop_Audio_bsp/\libhal_bsp.a(alt_open.o)
                0x00000000008032d0                open
 .text          0x0000000000803428       0x60 ../Lab2_Loop_Audio_bsp/\libhal_bsp.a(alt_release_fd.o)
                0x0000000000803428                alt_release_fd
 .text          0x0000000000803488      0x19c ../Lab2_Loop_Audio_bsp/\libhal_bsp.a(alt_tick.o)
                0x0000000000803488                alt_alarm_stop
                0x0000000000803520                alt_tick
 .text          0x0000000000803624       0x30 ../Lab2_Loop_Audio_bsp/\libhal_bsp.a(alt_usleep.o)
                0x0000000000803624                usleep
 .text          0x0000000000803654       0x20 ../Lab2_Loop_Audio_bsp/\libhal_bsp.a(altera_nios2_gen2_irq.o)
                0x0000000000803654                altera_nios2_gen2_irq_init
 .text          0x0000000000803674      0x158 ../Lab2_Loop_Audio_bsp/\libhal_bsp.a(alt_busy_sleep.o)
                0x0000000000803674                alt_busy_sleep
 .text          0x00000000008037cc      0x114 ../Lab2_Loop_Audio_bsp/\libhal_bsp.a(alt_find_file.o)
                0x00000000008037cc                alt_find_file
 .text          0x00000000008038e0       0xb4 ../Lab2_Loop_Audio_bsp/\libhal_bsp.a(alt_get_fd.o)
                0x00000000008038e0                alt_get_fd
 .text          0x0000000000803994       0x8c ../Lab2_Loop_Audio_bsp/\libhal_bsp.a(alt_icache_flush.o)
                0x0000000000803994                alt_icache_flush
 .text          0x0000000000803a20        0x0 ../Lab2_Loop_Audio_bsp/\libhal_bsp.a(alt_irq_entry.o)
 .text          0x0000000000803a20        0x0 ../Lab2_Loop_Audio_bsp/\libhal_bsp.a(alt_irq_handler.o)
 .text          0x0000000000803a20        0x0 ../Lab2_Loop_Audio_bsp/\libhal_bsp.a(alt_exception_entry.o)
 .text          0x0000000000803a20       0x9c ../Lab2_Loop_Audio_bsp/\libhal_bsp.a(alt_instruction_exception_entry.o)
                0x0000000000803a20                alt_exception_cause_generated_bad_addr
 .text          0x0000000000803abc        0x0 c:/software/altera/15.1/nios2eds/bin/gnu/h-x86_64-mingw32/bin/../lib/gcc/nios2-elf/4.9.2/../../../../../H-x86_64-mingw32/nios2-elf/lib\libc.a(lib_a-atexit.o)
 .text.atexit   0x0000000000803abc       0x14 c:/software/altera/15.1/nios2eds/bin/gnu/h-x86_64-mingw32/bin/../lib/gcc/nios2-elf/4.9.2/../../../../../H-x86_64-mingw32/nios2-elf/lib\libc.a(lib_a-atexit.o)
                0x0000000000803abc                atexit
 .text          0x0000000000803ad0        0x0 c:/software/altera/15.1/nios2eds/bin/gnu/h-x86_64-mingw32/bin/../lib/gcc/nios2-elf/4.9.2/../../../../../H-x86_64-mingw32/nios2-elf/lib\libc.a(lib_a-ctype_.o)
 .text          0x0000000000803ad0        0x0 c:/software/altera/15.1/nios2eds/bin/gnu/h-x86_64-mingw32/bin/../lib/gcc/nios2-elf/4.9.2/../../../../../H-x86_64-mingw32/nios2-elf/lib\libc.a(lib_a-exit.o)
 .text.exit     0x0000000000803ad0       0x38 c:/software/altera/15.1/nios2eds/bin/gnu/h-x86_64-mingw32/bin/../lib/gcc/nios2-elf/4.9.2/../../../../../H-x86_64-mingw32/nios2-elf/lib\libc.a(lib_a-exit.o)
                0x0000000000803ad0                exit
 .text          0x0000000000803b08        0x0 c:/software/altera/15.1/nios2eds/bin/gnu/h-x86_64-mingw32/bin/../lib/gcc/nios2-elf/4.9.2/../../../../../H-x86_64-mingw32/nios2-elf/lib\libc.a(lib_a-impure.o)
 .text          0x0000000000803b08        0x0 c:/software/altera/15.1/nios2eds/bin/gnu/h-x86_64-mingw32/bin/../lib/gcc/nios2-elf/4.9.2/../../../../../H-x86_64-mingw32/nios2-elf/lib\libc.a(lib_a-int_errno.o)
 .text          0x0000000000803b08        0x0 c:/software/altera/15.1/nios2eds/bin/gnu/h-x86_64-mingw32/bin/../lib/gcc/nios2-elf/4.9.2/../../../../../H-x86_64-mingw32/nios2-elf/lib\libc.a(lib_a-memcmp.o)
 .text.memcmp   0x0000000000803b08       0x7c c:/software/altera/15.1/nios2eds/bin/gnu/h-x86_64-mingw32/bin/../lib/gcc/nios2-elf/4.9.2/../../../../../H-x86_64-mingw32/nios2-elf/lib\libc.a(lib_a-memcmp.o)
                0x0000000000803b08                memcmp
 .text          0x0000000000803b84        0x0 c:/software/altera/15.1/nios2eds/bin/gnu/h-x86_64-mingw32/bin/../lib/gcc/nios2-elf/4.9.2/../../../../../H-x86_64-mingw32/nios2-elf/lib\libc.a(lib_a-memcpy.o)
 .text.memcpy   0x0000000000803b84      0x138 c:/software/altera/15.1/nios2eds/bin/gnu/h-x86_64-mingw32/bin/../lib/gcc/nios2-elf/4.9.2/../../../../../H-x86_64-mingw32/nios2-elf/lib\libc.a(lib_a-memcpy.o)
                0x0000000000803b84                memcpy
 .text          0x0000000000803cbc        0x0 c:/software/altera/15.1/nios2eds/bin/gnu/h-x86_64-mingw32/bin/../lib/gcc/nios2-elf/4.9.2/../../../../../H-x86_64-mingw32/nios2-elf/lib\libc.a(lib_a-memset.o)
 .text.memset   0x0000000000803cbc      0x124 c:/software/altera/15.1/nios2eds/bin/gnu/h-x86_64-mingw32/bin/../lib/gcc/nios2-elf/4.9.2/../../../../../H-x86_64-mingw32/nios2-elf/lib\libc.a(lib_a-memset.o)
                0x0000000000803cbc                memset
 .text          0x0000000000803de0        0x0 c:/software/altera/15.1/nios2eds/bin/gnu/h-x86_64-mingw32/bin/../lib/gcc/nios2-elf/4.9.2/../../../../../H-x86_64-mingw32/nios2-elf/lib\libc.a(lib_a-putc.o)
 .text._putc_r  0x0000000000803de0       0xa0 c:/software/altera/15.1/nios2eds/bin/gnu/h-x86_64-mingw32/bin/../lib/gcc/nios2-elf/4.9.2/../../../../../H-x86_64-mingw32/nios2-elf/lib\libc.a(lib_a-putc.o)
                0x0000000000803de0                _putc_r
 .text.putc     0x0000000000803e80       0xcc c:/software/altera/15.1/nios2eds/bin/gnu/h-x86_64-mingw32/bin/../lib/gcc/nios2-elf/4.9.2/../../../../../H-x86_64-mingw32/nios2-elf/lib\libc.a(lib_a-putc.o)
                0x0000000000803e80                putc
 .text          0x0000000000803f4c        0x0 c:/software/altera/15.1/nios2eds/bin/gnu/h-x86_64-mingw32/bin/../lib/gcc/nios2-elf/4.9.2/../../../../../H-x86_64-mingw32/nios2-elf/lib\libc.a(lib_a-strlen.o)
 .text.strlen   0x0000000000803f4c       0x98 c:/software/altera/15.1/nios2eds/bin/gnu/h-x86_64-mingw32/bin/../lib/gcc/nios2-elf/4.9.2/../../../../../H-x86_64-mingw32/nios2-elf/lib\libc.a(lib_a-strlen.o)
                0x0000000000803f4c                strlen
 .text          0x0000000000803fe4        0x0 c:/software/altera/15.1/nios2eds/bin/gnu/h-x86_64-mingw32/bin/../lib/gcc/nios2-elf/4.9.2/../../../../../H-x86_64-mingw32/nios2-elf/lib\libc.a(lib_a-wbuf.o)
 .text.__swbuf_r
                0x0000000000803fe4      0x138 c:/software/altera/15.1/nios2eds/bin/gnu/h-x86_64-mingw32/bin/../lib/gcc/nios2-elf/4.9.2/../../../../../H-x86_64-mingw32/nios2-elf/lib\libc.a(lib_a-wbuf.o)
                0x0000000000803fe4                __swbuf_r
 .text.__swbuf  0x000000000080411c       0x1c c:/software/altera/15.1/nios2eds/bin/gnu/h-x86_64-mingw32/bin/../lib/gcc/nios2-elf/4.9.2/../../../../../H-x86_64-mingw32/nios2-elf/lib\libc.a(lib_a-wbuf.o)
                0x000000000080411c                __swbuf
 .text          0x0000000000804138        0x0 c:/software/altera/15.1/nios2eds/bin/gnu/h-x86_64-mingw32/bin/../lib/gcc/nios2-elf/4.9.2/../../../../../H-x86_64-mingw32/nios2-elf/lib\libc.a(lib_a-wsetup.o)
 .text.__swsetup_r
                0x0000000000804138      0x154 c:/software/altera/15.1/nios2eds/bin/gnu/h-x86_64-mingw32/bin/../lib/gcc/nios2-elf/4.9.2/../../../../../H-x86_64-mingw32/nios2-elf/lib\libc.a(lib_a-wsetup.o)
                0x0000000000804138                __swsetup_r
 .text          0x000000000080428c        0x0 c:/software/altera/15.1/nios2eds/bin/gnu/h-x86_64-mingw32/bin/../lib/gcc/nios2-elf/4.9.2/../../../../../H-x86_64-mingw32/nios2-elf/lib\libc.a(lib_a-__atexit.o)
 .text.__register_exitproc
                0x000000000080428c      0x114 c:/software/altera/15.1/nios2eds/bin/gnu/h-x86_64-mingw32/bin/../lib/gcc/nios2-elf/4.9.2/../../../../../H-x86_64-mingw32/nios2-elf/lib\libc.a(lib_a-__atexit.o)
                0x000000000080428c                __register_exitproc
 .text          0x00000000008043a0        0x0 c:/software/altera/15.1/nios2eds/bin/gnu/h-x86_64-mingw32/bin/../lib/gcc/nios2-elf/4.9.2/../../../../../H-x86_64-mingw32/nios2-elf/lib\libc.a(lib_a-__call_atexit.o)
 .text.__call_exitprocs
                0x00000000008043a0      0x194 c:/software/altera/15.1/nios2eds/bin/gnu/h-x86_64-mingw32/bin/../lib/gcc/nios2-elf/4.9.2/../../../../../H-x86_64-mingw32/nios2-elf/lib\libc.a(lib_a-__call_atexit.o)
                0x00000000008043a0                __call_exitprocs
 .text          0x0000000000804534        0x0 c:/software/altera/15.1/nios2eds/bin/gnu/h-x86_64-mingw32/bin/../lib/gcc/nios2-elf/4.9.2/../../../../../H-x86_64-mingw32/nios2-elf/lib\libc.a(lib_a-fflush.o)
 .text.__sflush_r
                0x0000000000804534      0x208 c:/software/altera/15.1/nios2eds/bin/gnu/h-x86_64-mingw32/bin/../lib/gcc/nios2-elf/4.9.2/../../../../../H-x86_64-mingw32/nios2-elf/lib\libc.a(lib_a-fflush.o)
                0x0000000000804534                __sflush_r
 .text._fflush_r
                0x000000000080473c       0x5c c:/software/altera/15.1/nios2eds/bin/gnu/h-x86_64-mingw32/bin/../lib/gcc/nios2-elf/4.9.2/../../../../../H-x86_64-mingw32/nios2-elf/lib\libc.a(lib_a-fflush.o)
                0x000000000080473c                _fflush_r
 .text.fflush   0x0000000000804798       0x30 c:/software/altera/15.1/nios2eds/bin/gnu/h-x86_64-mingw32/bin/../lib/gcc/nios2-elf/4.9.2/../../../../../H-x86_64-mingw32/nios2-elf/lib\libc.a(lib_a-fflush.o)
                0x0000000000804798                fflush
 .text          0x00000000008047c8        0x0 c:/software/altera/15.1/nios2eds/bin/gnu/h-x86_64-mingw32/bin/../lib/gcc/nios2-elf/4.9.2/../../../../../H-x86_64-mingw32/nios2-elf/lib\libc.a(lib_a-findfp.o)
 .text.__fp_lock
                0x00000000008047c8        0x8 c:/software/altera/15.1/nios2eds/bin/gnu/h-x86_64-mingw32/bin/../lib/gcc/nios2-elf/4.9.2/../../../../../H-x86_64-mingw32/nios2-elf/lib\libc.a(lib_a-findfp.o)
 .text.__fp_unlock
                0x00000000008047d0        0x8 c:/software/altera/15.1/nios2eds/bin/gnu/h-x86_64-mingw32/bin/../lib/gcc/nios2-elf/4.9.2/../../../../../H-x86_64-mingw32/nios2-elf/lib\libc.a(lib_a-findfp.o)
 .text._cleanup_r
                0x00000000008047d8        0xc c:/software/altera/15.1/nios2eds/bin/gnu/h-x86_64-mingw32/bin/../lib/gcc/nios2-elf/4.9.2/../../../../../H-x86_64-mingw32/nios2-elf/lib\libc.a(lib_a-findfp.o)
                0x00000000008047d8                _cleanup_r
 .text.__sinit.part.1
                0x00000000008047e4      0x19c c:/software/altera/15.1/nios2eds/bin/gnu/h-x86_64-mingw32/bin/../lib/gcc/nios2-elf/4.9.2/../../../../../H-x86_64-mingw32/nios2-elf/lib\libc.a(lib_a-findfp.o)
 .text.__sfmoreglue
                0x0000000000804980       0x68 c:/software/altera/15.1/nios2eds/bin/gnu/h-x86_64-mingw32/bin/../lib/gcc/nios2-elf/4.9.2/../../../../../H-x86_64-mingw32/nios2-elf/lib\libc.a(lib_a-findfp.o)
                0x0000000000804980                __sfmoreglue
 .text.__sfp    0x00000000008049e8      0x118 c:/software/altera/15.1/nios2eds/bin/gnu/h-x86_64-mingw32/bin/../lib/gcc/nios2-elf/4.9.2/../../../../../H-x86_64-mingw32/nios2-elf/lib\libc.a(lib_a-findfp.o)
                0x00000000008049e8                __sfp
 .text._cleanup
                0x0000000000804b00       0x18 c:/software/altera/15.1/nios2eds/bin/gnu/h-x86_64-mingw32/bin/../lib/gcc/nios2-elf/4.9.2/../../../../../H-x86_64-mingw32/nios2-elf/lib\libc.a(lib_a-findfp.o)
                0x0000000000804b00                _cleanup
 .text.__sinit  0x0000000000804b18       0x10 c:/software/altera/15.1/nios2eds/bin/gnu/h-x86_64-mingw32/bin/../lib/gcc/nios2-elf/4.9.2/../../../../../H-x86_64-mingw32/nios2-elf/lib\libc.a(lib_a-findfp.o)
                0x0000000000804b18                __sinit
 .text.__sfp_lock_acquire
                0x0000000000804b28        0x4 c:/software/altera/15.1/nios2eds/bin/gnu/h-x86_64-mingw32/bin/../lib/gcc/nios2-elf/4.9.2/../../../../../H-x86_64-mingw32/nios2-elf/lib\libc.a(lib_a-findfp.o)
                0x0000000000804b28                __sfp_lock_acquire
 .text.__sfp_lock_release
                0x0000000000804b2c        0x4 c:/software/altera/15.1/nios2eds/bin/gnu/h-x86_64-mingw32/bin/../lib/gcc/nios2-elf/4.9.2/../../../../../H-x86_64-mingw32/nios2-elf/lib\libc.a(lib_a-findfp.o)
                0x0000000000804b2c                __sfp_lock_release
 .text.__sinit_lock_acquire
                0x0000000000804b30        0x4 c:/software/altera/15.1/nios2eds/bin/gnu/h-x86_64-mingw32/bin/../lib/gcc/nios2-elf/4.9.2/../../../../../H-x86_64-mingw32/nios2-elf/lib\libc.a(lib_a-findfp.o)
                0x0000000000804b30                __sinit_lock_acquire
 .text.__sinit_lock_release
                0x0000000000804b34        0x4 c:/software/altera/15.1/nios2eds/bin/gnu/h-x86_64-mingw32/bin/../lib/gcc/nios2-elf/4.9.2/../../../../../H-x86_64-mingw32/nios2-elf/lib\libc.a(lib_a-findfp.o)
                0x0000000000804b34                __sinit_lock_release
 .text.__fp_lock_all
                0x0000000000804b38       0x18 c:/software/altera/15.1/nios2eds/bin/gnu/h-x86_64-mingw32/bin/../lib/gcc/nios2-elf/4.9.2/../../../../../H-x86_64-mingw32/nios2-elf/lib\libc.a(lib_a-findfp.o)
                0x0000000000804b38                __fp_lock_all
 .text.__fp_unlock_all
                0x0000000000804b50       0x18 c:/software/altera/15.1/nios2eds/bin/gnu/h-x86_64-mingw32/bin/../lib/gcc/nios2-elf/4.9.2/../../../../../H-x86_64-mingw32/nios2-elf/lib\libc.a(lib_a-findfp.o)
                0x0000000000804b50                __fp_unlock_all
 .text          0x0000000000804b68        0x0 c:/software/altera/15.1/nios2eds/bin/gnu/h-x86_64-mingw32/bin/../lib/gcc/nios2-elf/4.9.2/../../../../../H-x86_64-mingw32/nios2-elf/lib\libc.a(lib_a-freer.o)
 .text._malloc_trim_r
                0x0000000000804b68      0x124 c:/software/altera/15.1/nios2eds/bin/gnu/h-x86_64-mingw32/bin/../lib/gcc/nios2-elf/4.9.2/../../../../../H-x86_64-mingw32/nios2-elf/lib\libc.a(lib_a-freer.o)
                0x0000000000804b68                _malloc_trim_r
 .text._free_r  0x0000000000804c8c      0x2f0 c:/software/altera/15.1/nios2eds/bin/gnu/h-x86_64-mingw32/bin/../lib/gcc/nios2-elf/4.9.2/../../../../../H-x86_64-mingw32/nios2-elf/lib\libc.a(lib_a-freer.o)
                0x0000000000804c8c                _free_r
 .text          0x0000000000804f7c        0x0 c:/software/altera/15.1/nios2eds/bin/gnu/h-x86_64-mingw32/bin/../lib/gcc/nios2-elf/4.9.2/../../../../../H-x86_64-mingw32/nios2-elf/lib\libc.a(lib_a-fwalk.o)
 .text._fwalk   0x0000000000804f7c       0xc4 c:/software/altera/15.1/nios2eds/bin/gnu/h-x86_64-mingw32/bin/../lib/gcc/nios2-elf/4.9.2/../../../../../H-x86_64-mingw32/nios2-elf/lib\libc.a(lib_a-fwalk.o)
                0x0000000000804f7c                _fwalk
 .text._fwalk_reent
                0x0000000000805040       0xc4 c:/software/altera/15.1/nios2eds/bin/gnu/h-x86_64-mingw32/bin/../lib/gcc/nios2-elf/4.9.2/../../../../../H-x86_64-mingw32/nios2-elf/lib\libc.a(lib_a-fwalk.o)
                0x0000000000805040                _fwalk_reent
 .text          0x0000000000805104        0x0 c:/software/altera/15.1/nios2eds/bin/gnu/h-x86_64-mingw32/bin/../lib/gcc/nios2-elf/4.9.2/../../../../../H-x86_64-mingw32/nios2-elf/lib\libc.a(lib_a-makebuf.o)
 .text.__smakebuf_r
                0x0000000000805104      0x1b8 c:/software/altera/15.1/nios2eds/bin/gnu/h-x86_64-mingw32/bin/../lib/gcc/nios2-elf/4.9.2/../../../../../H-x86_64-mingw32/nios2-elf/lib\libc.a(lib_a-makebuf.o)
                0x0000000000805104                __smakebuf_r
 .text          0x00000000008052bc        0x0 c:/software/altera/15.1/nios2eds/bin/gnu/h-x86_64-mingw32/bin/../lib/gcc/nios2-elf/4.9.2/../../../../../H-x86_64-mingw32/nios2-elf/lib\libc.a(lib_a-mallocr.o)
 .text._malloc_r
                0x00000000008052bc      0x7a8 c:/software/altera/15.1/nios2eds/bin/gnu/h-x86_64-mingw32/bin/../lib/gcc/nios2-elf/4.9.2/../../../../../H-x86_64-mingw32/nios2-elf/lib\libc.a(lib_a-mallocr.o)
                0x00000000008052bc                _malloc_r
 .text          0x0000000000805a64        0x0 c:/software/altera/15.1/nios2eds/bin/gnu/h-x86_64-mingw32/bin/../lib/gcc/nios2-elf/4.9.2/../../../../../H-x86_64-mingw32/nios2-elf/lib\libc.a(lib_a-sbrkr.o)
 .text._sbrk_r  0x0000000000805a64       0x54 c:/software/altera/15.1/nios2eds/bin/gnu/h-x86_64-mingw32/bin/../lib/gcc/nios2-elf/4.9.2/../../../../../H-x86_64-mingw32/nios2-elf/lib\libc.a(lib_a-sbrkr.o)
                0x0000000000805a64                _sbrk_r
 .text          0x0000000000805ab8        0x0 c:/software/altera/15.1/nios2eds/bin/gnu/h-x86_64-mingw32/bin/../lib/gcc/nios2-elf/4.9.2/../../../../../H-x86_64-mingw32/nios2-elf/lib\libc.a(lib_a-stdio.o)
 .text.__sread  0x0000000000805ab8       0x54 c:/software/altera/15.1/nios2eds/bin/gnu/h-x86_64-mingw32/bin/../lib/gcc/nios2-elf/4.9.2/../../../../../H-x86_64-mingw32/nios2-elf/lib\libc.a(lib_a-stdio.o)
                0x0000000000805ab8                __sread
 .text.__seofread
                0x0000000000805b0c        0x8 c:/software/altera/15.1/nios2eds/bin/gnu/h-x86_64-mingw32/bin/../lib/gcc/nios2-elf/4.9.2/../../../../../H-x86_64-mingw32/nios2-elf/lib\libc.a(lib_a-stdio.o)
                0x0000000000805b0c                __seofread
 .text.__swrite
                0x0000000000805b14       0x7c c:/software/altera/15.1/nios2eds/bin/gnu/h-x86_64-mingw32/bin/../lib/gcc/nios2-elf/4.9.2/../../../../../H-x86_64-mingw32/nios2-elf/lib\libc.a(lib_a-stdio.o)
                0x0000000000805b14                __swrite
 .text.__sseek  0x0000000000805b90       0x5c c:/software/altera/15.1/nios2eds/bin/gnu/h-x86_64-mingw32/bin/../lib/gcc/nios2-elf/4.9.2/../../../../../H-x86_64-mingw32/nios2-elf/lib\libc.a(lib_a-stdio.o)
                0x0000000000805b90                __sseek
 .text.__sclose
                0x0000000000805bec        0x8 c:/software/altera/15.1/nios2eds/bin/gnu/h-x86_64-mingw32/bin/../lib/gcc/nios2-elf/4.9.2/../../../../../H-x86_64-mingw32/nios2-elf/lib\libc.a(lib_a-stdio.o)
                0x0000000000805bec                __sclose
 .text          0x0000000000805bf4        0x0 c:/software/altera/15.1/nios2eds/bin/gnu/h-x86_64-mingw32/bin/../lib/gcc/nios2-elf/4.9.2/../../../../../H-x86_64-mingw32/nios2-elf/lib\libc.a(lib_a-writer.o)
 .text._write_r
                0x0000000000805bf4       0x5c c:/software/altera/15.1/nios2eds/bin/gnu/h-x86_64-mingw32/bin/../lib/gcc/nios2-elf/4.9.2/../../../../../H-x86_64-mingw32/nios2-elf/lib\libc.a(lib_a-writer.o)
                0x0000000000805bf4                _write_r
 .text          0x0000000000805c50        0x0 c:/software/altera/15.1/nios2eds/bin/gnu/h-x86_64-mingw32/bin/../lib/gcc/nios2-elf/4.9.2/../../../../../H-x86_64-mingw32/nios2-elf/lib\libc.a(closer.o)
 .text._close_r
                0x0000000000805c50       0x54 c:/software/altera/15.1/nios2eds/bin/gnu/h-x86_64-mingw32/bin/../lib/gcc/nios2-elf/4.9.2/../../../../../H-x86_64-mingw32/nios2-elf/lib\libc.a(closer.o)
                0x0000000000805c50                _close_r
 .text          0x0000000000805ca4        0x0 c:/software/altera/15.1/nios2eds/bin/gnu/h-x86_64-mingw32/bin/../lib/gcc/nios2-elf/4.9.2/../../../../../H-x86_64-mingw32/nios2-elf/lib\libc.a(lib_a-fclose.o)
 .text._fclose_r
                0x0000000000805ca4       0xf0 c:/software/altera/15.1/nios2eds/bin/gnu/h-x86_64-mingw32/bin/../lib/gcc/nios2-elf/4.9.2/../../../../../H-x86_64-mingw32/nios2-elf/lib\libc.a(lib_a-fclose.o)
                0x0000000000805ca4                _fclose_r
 .text.fclose   0x0000000000805d94       0x14 c:/software/altera/15.1/nios2eds/bin/gnu/h-x86_64-mingw32/bin/../lib/gcc/nios2-elf/4.9.2/../../../../../H-x86_64-mingw32/nios2-elf/lib\libc.a(lib_a-fclose.o)
                0x0000000000805d94                fclose
 .text          0x0000000000805da8        0x0 c:/software/altera/15.1/nios2eds/bin/gnu/h-x86_64-mingw32/bin/../lib/gcc/nios2-elf/4.9.2/../../../../../H-x86_64-mingw32/nios2-elf/lib\libc.a(lib_a-fstatr.o)
 .text._fstat_r
                0x0000000000805da8       0x58 c:/software/altera/15.1/nios2eds/bin/gnu/h-x86_64-mingw32/bin/../lib/gcc/nios2-elf/4.9.2/../../../../../H-x86_64-mingw32/nios2-elf/lib\libc.a(lib_a-fstatr.o)
                0x0000000000805da8                _fstat_r
 .text          0x0000000000805e00        0x0 c:/software/altera/15.1/nios2eds/bin/gnu/h-x86_64-mingw32/bin/../lib/gcc/nios2-elf/4.9.2/../../../../../H-x86_64-mingw32/nios2-elf/lib\libc.a(lib_a-isattyr.o)
 .text._isatty_r
                0x0000000000805e00       0x54 c:/software/altera/15.1/nios2eds/bin/gnu/h-x86_64-mingw32/bin/../lib/gcc/nios2-elf/4.9.2/../../../../../H-x86_64-mingw32/nios2-elf/lib\libc.a(lib_a-isattyr.o)
                0x0000000000805e00                _isatty_r
 .text          0x0000000000805e54        0x0 c:/software/altera/15.1/nios2eds/bin/gnu/h-x86_64-mingw32/bin/../lib/gcc/nios2-elf/4.9.2/../../../../../H-x86_64-mingw32/nios2-elf/lib\libc.a(lib_a-lseekr.o)
 .text._lseek_r
                0x0000000000805e54       0x5c c:/software/altera/15.1/nios2eds/bin/gnu/h-x86_64-mingw32/bin/../lib/gcc/nios2-elf/4.9.2/../../../../../H-x86_64-mingw32/nios2-elf/lib\libc.a(lib_a-lseekr.o)
                0x0000000000805e54                _lseek_r
 .text          0x0000000000805eb0        0x0 c:/software/altera/15.1/nios2eds/bin/gnu/h-x86_64-mingw32/bin/../lib/gcc/nios2-elf/4.9.2/../../../../../H-x86_64-mingw32/nios2-elf/lib\libc.a(lib_a-readr.o)
 .text._read_r  0x0000000000805eb0       0x5c c:/software/altera/15.1/nios2eds/bin/gnu/h-x86_64-mingw32/bin/../lib/gcc/nios2-elf/4.9.2/../../../../../H-x86_64-mingw32/nios2-elf/lib\libc.a(lib_a-readr.o)
                0x0000000000805eb0                _read_r
 .text          0x0000000000805f0c      0x12c c:/software/altera/15.1/nios2eds/bin/gnu/h-x86_64-mingw32/bin/../lib/gcc/nios2-elf/4.9.2\libgcc.a(lib2-divmod.o)
                0x0000000000805f78                __divsi3
                0x0000000000805fcc                __modsi3
                0x0000000000806028                __udivsi3
                0x0000000000806030                __umodsi3
 .text          0x0000000000806038       0x34 ../Lab2_Loop_Audio_bsp/\libhal_bsp.a(alt_exit.o)
                0x0000000000806038                _exit
 .text          0x000000000080606c      0x100 ../Lab2_Loop_Audio_bsp/\libhal_bsp.a(alt_fstat.o)
                0x00000000008060bc                fstat
 .text          0x000000000080616c       0xf4 ../Lab2_Loop_Audio_bsp/\libhal_bsp.a(alt_isatty.o)
                0x00000000008061bc                isatty
 .text          0x0000000000806260      0x124 ../Lab2_Loop_Audio_bsp/\libhal_bsp.a(alt_lseek.o)
                0x00000000008062b0                lseek
 .text          0x0000000000806384       0x40 ../Lab2_Loop_Audio_bsp/\libhal_bsp.a(alt_malloc_lock.o)
                0x0000000000806384                __malloc_lock
                0x00000000008063a4                __malloc_unlock
 .text          0x00000000008063c4      0x14c ../Lab2_Loop_Audio_bsp/\libhal_bsp.a(alt_read.o)
                0x0000000000806414                read
 .text          0x0000000000806510       0xb0 ../Lab2_Loop_Audio_bsp/\libhal_bsp.a(alt_sbrk.o)
                0x0000000000806510                sbrk
 .text          0x00000000008065c0      0x148 ../Lab2_Loop_Audio_bsp/\libhal_bsp.a(alt_write.o)
                0x0000000000806610                write
 *(.gnu.warning.*)
 *(.fini)
                0x0000000000806708                PROVIDE (__etext, ABSOLUTE (.))
                0x0000000000806708                PROVIDE (_etext, ABSOLUTE (.))
                0x0000000000806708                PROVIDE (etext, ABSOLUTE (.))
 *(.eh_frame_hdr)
                0x0000000000806708                . = ALIGN (0x4)
                0x0000000000806708                PROVIDE (__preinit_array_start, ABSOLUTE (.))
 *(.preinit_array)
                0x0000000000806708                PROVIDE (__preinit_array_end, ABSOLUTE (.))
                0x0000000000806708                PROVIDE (__init_array_start, ABSOLUTE (.))
 *(.init_array)
                0x0000000000806708                PROVIDE (__init_array_end, ABSOLUTE (.))
                0x0000000000806708                PROVIDE (__fini_array_start, ABSOLUTE (.))
 *(.fini_array)
                0x0000000000806708                PROVIDE (__fini_array_end, ABSOLUTE (.))
 *(.eh_frame)
 *(.gcc_except_table .gcc_except_table.*)
 *(.dynamic)
                0x0000000000806708                PROVIDE (__CTOR_LIST__, ABSOLUTE (.))
 *(.ctors)
 *(SORT(.ctors.*))
                0x0000000000806708                PROVIDE (__CTOR_END__, ABSOLUTE (.))
                0x0000000000806708                PROVIDE (__DTOR_LIST__, ABSOLUTE (.))
 *(.dtors)
 *(SORT(.dtors.*))
                0x0000000000806708                PROVIDE (__DTOR_END__, ABSOLUTE (.))
 *(.jcr)
                0x0000000000806708                . = ALIGN (0x4)

.rodata         0x0000000000806708      0x34c
                0x0000000000806708                PROVIDE (__ram_rodata_start, ABSOLUTE (.))
                0x0000000000806708                . = ALIGN (0x4)
 *(.rodata .rodata.* .gnu.linkonce.r.*)
 .rodata        0x0000000000806708       0x4c obj/default/hello_world.o
 .rodata        0x0000000000806754       0x14 ../Lab2_Loop_Audio_bsp/\libhal_bsp.a(alt_main.o)
 .rodata        0x0000000000806768       0x58 ../Lab2_Loop_Audio_bsp/\libhal_bsp.a(alt_sys_init.o)
 .rodata        0x00000000008067c0        0xc ../Lab2_Loop_Audio_bsp/\libhal_bsp.a(alt_dev.o)
 .rodata._ctype_
                0x00000000008067cc      0x101 c:/software/altera/15.1/nios2eds/bin/gnu/h-x86_64-mingw32/bin/../lib/gcc/nios2-elf/4.9.2/../../../../../H-x86_64-mingw32/nios2-elf/lib\libc.a(lib_a-ctype_.o)
                0x00000000008067cc                _ctype_
 .rodata._ctype_b
                0x00000000008068cd      0x180 c:/software/altera/15.1/nios2eds/bin/gnu/h-x86_64-mingw32/bin/../lib/gcc/nios2-elf/4.9.2/../../../../../H-x86_64-mingw32/nios2-elf/lib\libc.a(lib_a-ctype_.o)
 *fill*         0x0000000000806a4d        0x3 
 .rodata.str1.4
                0x0000000000806a50        0x4 c:/software/altera/15.1/nios2eds/bin/gnu/h-x86_64-mingw32/bin/../lib/gcc/nios2-elf/4.9.2/../../../../../H-x86_64-mingw32/nios2-elf/lib\libc.a(lib_a-impure.o)
 *(.rodata1)
                0x0000000000806a54                . = ALIGN (0x4)
                0x0000000000806a54                PROVIDE (__ram_rodata_end, ABSOLUTE (.))
                0x0000000000806708                PROVIDE (__flash_rodata_start, LOADADDR (.rodata))

.rwdata         0x0000000000806a54      0xc84 load address 0x00000000008076d8
                0x0000000000806a54                PROVIDE (__ram_rwdata_start, ABSOLUTE (.))
                0x0000000000806a54                . = ALIGN (0x4)
 *(.got.plt)
 *(.got)
 *(.data1)
 *(.data .data.* .gnu.linkonce.d.*)
 .data          0x0000000000806a54        0x0 ../Lab2_Loop_Audio_bsp//obj/HAL/src/crt0.o
 .data          0x0000000000806a54        0x0 obj/default/hello_world.o
 .data          0x0000000000806a54        0x0 ../Lab2_Loop_Audio_bsp/\libhal_bsp.a(alt_load.o)
 .data          0x0000000000806a54        0x0 ../Lab2_Loop_Audio_bsp/\libhal_bsp.a(alt_main.o)
 .data          0x0000000000806a54        0x0 ../Lab2_Loop_Audio_bsp/\libhal_bsp.a(alt_printf.o)
 .data          0x0000000000806a54        0x0 ../Lab2_Loop_Audio_bsp/\libhal_bsp.a(alt_putchar.o)
 .data          0x0000000000806a54      0x270 ../Lab2_Loop_Audio_bsp/\libhal_bsp.a(alt_sys_init.o)
 .data          0x0000000000806cc4        0x0 ../Lab2_Loop_Audio_bsp/\libhal_bsp.a(altera_avalon_jtag_uart_fd.o)
 .data          0x0000000000806cc4        0x0 ../Lab2_Loop_Audio_bsp/\libhal_bsp.a(altera_avalon_jtag_uart_read.o)
 .data          0x0000000000806cc4        0x0 ../Lab2_Loop_Audio_bsp/\libhal_bsp.a(altera_avalon_jtag_uart_write.o)
 .data          0x0000000000806cc4        0x0 ../Lab2_Loop_Audio_bsp/\libhal_bsp.a(altera_avalon_lcd_16207.o)
 .data          0x0000000000806cc4        0x0 ../Lab2_Loop_Audio_bsp/\libhal_bsp.a(altera_avalon_lcd_16207_fd.o)
 .data          0x0000000000806cc4        0x0 ../Lab2_Loop_Audio_bsp/\libhal_bsp.a(altera_avalon_uart_fd.o)
 .data          0x0000000000806cc4        0x0 ../Lab2_Loop_Audio_bsp/\libhal_bsp.a(altera_avalon_uart_init.o)
 .data          0x0000000000806cc4        0x0 ../Lab2_Loop_Audio_bsp/\libhal_bsp.a(altera_avalon_uart_read.o)
 .data          0x0000000000806cc4        0x0 ../Lab2_Loop_Audio_bsp/\libhal_bsp.a(altera_avalon_uart_write.o)
 .data          0x0000000000806cc4        0x0 ../Lab2_Loop_Audio_bsp/\libhal_bsp.a(altera_up_avalon_audio.o)
 .data          0x0000000000806cc4        0x0 ../Lab2_Loop_Audio_bsp/\libhal_bsp.a(alt_alarm_start.o)
 .data          0x0000000000806cc4        0x0 ../Lab2_Loop_Audio_bsp/\libhal_bsp.a(alt_close.o)
 .data          0x0000000000806cc4        0x0 ../Lab2_Loop_Audio_bsp/\libhal_bsp.a(alt_dcache_flush_all.o)
 .data          0x0000000000806cc4      0x1a8 ../Lab2_Loop_Audio_bsp/\libhal_bsp.a(alt_dev.o)
                0x0000000000806cc4                alt_dev_null
                0x0000000000806cec                alt_fd_list
 .data          0x0000000000806e6c        0x0 ../Lab2_Loop_Audio_bsp/\libhal_bsp.a(alt_dev_llist_insert.o)
 .data          0x0000000000806e6c        0x0 ../Lab2_Loop_Audio_bsp/\libhal_bsp.a(alt_do_ctors.o)
 .data          0x0000000000806e6c        0x0 ../Lab2_Loop_Audio_bsp/\libhal_bsp.a(alt_do_dtors.o)
 .data          0x0000000000806e6c        0x0 ../Lab2_Loop_Audio_bsp/\libhal_bsp.a(alt_errno.o)
 .data          0x0000000000806e6c        0x0 ../Lab2_Loop_Audio_bsp/\libhal_bsp.a(alt_find_dev.o)
 .data          0x0000000000806e6c        0x0 ../Lab2_Loop_Audio_bsp/\libhal_bsp.a(alt_icache_flush_all.o)
 .data          0x0000000000806e6c        0x0 ../Lab2_Loop_Audio_bsp/\libhal_bsp.a(alt_io_redirect.o)
 .data          0x0000000000806e6c        0x0 ../Lab2_Loop_Audio_bsp/\libhal_bsp.a(alt_irq_register.o)
 .data          0x0000000000806e6c        0x0 ../Lab2_Loop_Audio_bsp/\libhal_bsp.a(alt_irq_vars.o)
 .data          0x0000000000806e6c        0x0 ../Lab2_Loop_Audio_bsp/\libhal_bsp.a(alt_open.o)
 .data          0x0000000000806e6c        0x0 ../Lab2_Loop_Audio_bsp/\libhal_bsp.a(alt_release_fd.o)
 .data          0x0000000000806e6c        0x0 ../Lab2_Loop_Audio_bsp/\libhal_bsp.a(alt_tick.o)
 .data          0x0000000000806e6c        0x0 ../Lab2_Loop_Audio_bsp/\libhal_bsp.a(alt_usleep.o)
 .data          0x0000000000806e6c        0x0 ../Lab2_Loop_Audio_bsp/\libhal_bsp.a(altera_nios2_gen2_irq.o)
 .data          0x0000000000806e6c        0x0 ../Lab2_Loop_Audio_bsp/\libhal_bsp.a(alt_busy_sleep.o)
 .data          0x0000000000806e6c        0x0 ../Lab2_Loop_Audio_bsp/\libhal_bsp.a(alt_find_file.o)
 .data          0x0000000000806e6c        0x0 ../Lab2_Loop_Audio_bsp/\libhal_bsp.a(alt_get_fd.o)
 .data          0x0000000000806e6c        0x0 ../Lab2_Loop_Audio_bsp/\libhal_bsp.a(alt_icache_flush.o)
 .data          0x0000000000806e6c        0x0 ../Lab2_Loop_Audio_bsp/\libhal_bsp.a(alt_irq_entry.o)
 .data          0x0000000000806e6c        0x0 ../Lab2_Loop_Audio_bsp/\libhal_bsp.a(alt_irq_handler.o)
 .data          0x0000000000806e6c        0x0 ../Lab2_Loop_Audio_bsp/\libhal_bsp.a(alt_exception_entry.o)
 .data          0x0000000000806e6c        0x0 ../Lab2_Loop_Audio_bsp/\libhal_bsp.a(alt_instruction_exception_entry.o)
 .data          0x0000000000806e6c        0x0 c:/software/altera/15.1/nios2eds/bin/gnu/h-x86_64-mingw32/bin/../lib/gcc/nios2-elf/4.9.2/../../../../../H-x86_64-mingw32/nios2-elf/lib\libc.a(lib_a-atexit.o)
 .data          0x0000000000806e6c        0x0 c:/software/altera/15.1/nios2eds/bin/gnu/h-x86_64-mingw32/bin/../lib/gcc/nios2-elf/4.9.2/../../../../../H-x86_64-mingw32/nios2-elf/lib\libc.a(lib_a-ctype_.o)
 .data          0x0000000000806e6c        0x0 c:/software/altera/15.1/nios2eds/bin/gnu/h-x86_64-mingw32/bin/../lib/gcc/nios2-elf/4.9.2/../../../../../H-x86_64-mingw32/nios2-elf/lib\libc.a(lib_a-exit.o)
 .data          0x0000000000806e6c        0x0 c:/software/altera/15.1/nios2eds/bin/gnu/h-x86_64-mingw32/bin/../lib/gcc/nios2-elf/4.9.2/../../../../../H-x86_64-mingw32/nios2-elf/lib\libc.a(lib_a-impure.o)
 .data.impure_data
                0x0000000000806e6c      0x424 c:/software/altera/15.1/nios2eds/bin/gnu/h-x86_64-mingw32/bin/../lib/gcc/nios2-elf/4.9.2/../../../../../H-x86_64-mingw32/nios2-elf/lib\libc.a(lib_a-impure.o)
 .data          0x0000000000807290        0x0 c:/software/altera/15.1/nios2eds/bin/gnu/h-x86_64-mingw32/bin/../lib/gcc/nios2-elf/4.9.2/../../../../../H-x86_64-mingw32/nios2-elf/lib\libc.a(lib_a-int_errno.o)
 .data          0x0000000000807290        0x0 c:/software/altera/15.1/nios2eds/bin/gnu/h-x86_64-mingw32/bin/../lib/gcc/nios2-elf/4.9.2/../../../../../H-x86_64-mingw32/nios2-elf/lib\libc.a(lib_a-memcmp.o)
 .data          0x0000000000807290        0x0 c:/software/altera/15.1/nios2eds/bin/gnu/h-x86_64-mingw32/bin/../lib/gcc/nios2-elf/4.9.2/../../../../../H-x86_64-mingw32/nios2-elf/lib\libc.a(lib_a-memcpy.o)
 .data          0x0000000000807290        0x0 c:/software/altera/15.1/nios2eds/bin/gnu/h-x86_64-mingw32/bin/../lib/gcc/nios2-elf/4.9.2/../../../../../H-x86_64-mingw32/nios2-elf/lib\libc.a(lib_a-memset.o)
 .data          0x0000000000807290        0x0 c:/software/altera/15.1/nios2eds/bin/gnu/h-x86_64-mingw32/bin/../lib/gcc/nios2-elf/4.9.2/../../../../../H-x86_64-mingw32/nios2-elf/lib\libc.a(lib_a-putc.o)
 .data          0x0000000000807290        0x0 c:/software/altera/15.1/nios2eds/bin/gnu/h-x86_64-mingw32/bin/../lib/gcc/nios2-elf/4.9.2/../../../../../H-x86_64-mingw32/nios2-elf/lib\libc.a(lib_a-strlen.o)
 .data          0x0000000000807290        0x0 c:/software/altera/15.1/nios2eds/bin/gnu/h-x86_64-mingw32/bin/../lib/gcc/nios2-elf/4.9.2/../../../../../H-x86_64-mingw32/nios2-elf/lib\libc.a(lib_a-wbuf.o)
 .data          0x0000000000807290        0x0 c:/software/altera/15.1/nios2eds/bin/gnu/h-x86_64-mingw32/bin/../lib/gcc/nios2-elf/4.9.2/../../../../../H-x86_64-mingw32/nios2-elf/lib\libc.a(lib_a-wsetup.o)
 .data          0x0000000000807290        0x0 c:/software/altera/15.1/nios2eds/bin/gnu/h-x86_64-mingw32/bin/../lib/gcc/nios2-elf/4.9.2/../../../../../H-x86_64-mingw32/nios2-elf/lib\libc.a(lib_a-__atexit.o)
 .data          0x0000000000807290        0x0 c:/software/altera/15.1/nios2eds/bin/gnu/h-x86_64-mingw32/bin/../lib/gcc/nios2-elf/4.9.2/../../../../../H-x86_64-mingw32/nios2-elf/lib\libc.a(lib_a-__call_atexit.o)
 .data          0x0000000000807290        0x0 c:/software/altera/15.1/nios2eds/bin/gnu/h-x86_64-mingw32/bin/../lib/gcc/nios2-elf/4.9.2/../../../../../H-x86_64-mingw32/nios2-elf/lib\libc.a(lib_a-fflush.o)
 .data          0x0000000000807290        0x0 c:/software/altera/15.1/nios2eds/bin/gnu/h-x86_64-mingw32/bin/../lib/gcc/nios2-elf/4.9.2/../../../../../H-x86_64-mingw32/nios2-elf/lib\libc.a(lib_a-findfp.o)
 .data          0x0000000000807290        0x0 c:/software/altera/15.1/nios2eds/bin/gnu/h-x86_64-mingw32/bin/../lib/gcc/nios2-elf/4.9.2/../../../../../H-x86_64-mingw32/nios2-elf/lib\libc.a(lib_a-freer.o)
 .data          0x0000000000807290        0x0 c:/software/altera/15.1/nios2eds/bin/gnu/h-x86_64-mingw32/bin/../lib/gcc/nios2-elf/4.9.2/../../../../../H-x86_64-mingw32/nios2-elf/lib\libc.a(lib_a-fwalk.o)
 .data          0x0000000000807290        0x0 c:/software/altera/15.1/nios2eds/bin/gnu/h-x86_64-mingw32/bin/../lib/gcc/nios2-elf/4.9.2/../../../../../H-x86_64-mingw32/nios2-elf/lib\libc.a(lib_a-makebuf.o)
 .data          0x0000000000807290        0x0 c:/software/altera/15.1/nios2eds/bin/gnu/h-x86_64-mingw32/bin/../lib/gcc/nios2-elf/4.9.2/../../../../../H-x86_64-mingw32/nios2-elf/lib\libc.a(lib_a-mallocr.o)
 .data.__malloc_av_
                0x0000000000807290      0x408 c:/software/altera/15.1/nios2eds/bin/gnu/h-x86_64-mingw32/bin/../lib/gcc/nios2-elf/4.9.2/../../../../../H-x86_64-mingw32/nios2-elf/lib\libc.a(lib_a-mallocr.o)
                0x0000000000807290                __malloc_av_
 .data          0x0000000000807698        0x0 c:/software/altera/15.1/nios2eds/bin/gnu/h-x86_64-mingw32/bin/../lib/gcc/nios2-elf/4.9.2/../../../../../H-x86_64-mingw32/nios2-elf/lib\libc.a(lib_a-sbrkr.o)
 .data          0x0000000000807698        0x0 c:/software/altera/15.1/nios2eds/bin/gnu/h-x86_64-mingw32/bin/../lib/gcc/nios2-elf/4.9.2/../../../../../H-x86_64-mingw32/nios2-elf/lib\libc.a(lib_a-stdio.o)
 .data          0x0000000000807698        0x0 c:/software/altera/15.1/nios2eds/bin/gnu/h-x86_64-mingw32/bin/../lib/gcc/nios2-elf/4.9.2/../../../../../H-x86_64-mingw32/nios2-elf/lib\libc.a(lib_a-writer.o)
 .data          0x0000000000807698        0x0 c:/software/altera/15.1/nios2eds/bin/gnu/h-x86_64-mingw32/bin/../lib/gcc/nios2-elf/4.9.2/../../../../../H-x86_64-mingw32/nios2-elf/lib\libc.a(closer.o)
 .data          0x0000000000807698        0x0 c:/software/altera/15.1/nios2eds/bin/gnu/h-x86_64-mingw32/bin/../lib/gcc/nios2-elf/4.9.2/../../../../../H-x86_64-mingw32/nios2-elf/lib\libc.a(lib_a-fclose.o)
 .data          0x0000000000807698        0x0 c:/software/altera/15.1/nios2eds/bin/gnu/h-x86_64-mingw32/bin/../lib/gcc/nios2-elf/4.9.2/../../../../../H-x86_64-mingw32/nios2-elf/lib\libc.a(lib_a-fstatr.o)
 .data          0x0000000000807698        0x0 c:/software/altera/15.1/nios2eds/bin/gnu/h-x86_64-mingw32/bin/../lib/gcc/nios2-elf/4.9.2/../../../../../H-x86_64-mingw32/nios2-elf/lib\libc.a(lib_a-isattyr.o)
 .data          0x0000000000807698        0x0 c:/software/altera/15.1/nios2eds/bin/gnu/h-x86_64-mingw32/bin/../lib/gcc/nios2-elf/4.9.2/../../../../../H-x86_64-mingw32/nios2-elf/lib\libc.a(lib_a-lseekr.o)
 .data          0x0000000000807698        0x0 c:/software/altera/15.1/nios2eds/bin/gnu/h-x86_64-mingw32/bin/../lib/gcc/nios2-elf/4.9.2/../../../../../H-x86_64-mingw32/nios2-elf/lib\libc.a(lib_a-readr.o)
 .data          0x0000000000807698        0x0 c:/software/altera/15.1/nios2eds/bin/gnu/h-x86_64-mingw32/bin/../lib/gcc/nios2-elf/4.9.2\libgcc.a(lib2-divmod.o)
 .data          0x0000000000807698        0x0 ../Lab2_Loop_Audio_bsp/\libhal_bsp.a(alt_exit.o)
 .data          0x0000000000807698        0x0 ../Lab2_Loop_Audio_bsp/\libhal_bsp.a(alt_fstat.o)
 .data          0x0000000000807698        0x0 ../Lab2_Loop_Audio_bsp/\libhal_bsp.a(alt_isatty.o)
 .data          0x0000000000807698        0x0 ../Lab2_Loop_Audio_bsp/\libhal_bsp.a(alt_lseek.o)
 .data          0x0000000000807698        0x0 ../Lab2_Loop_Audio_bsp/\libhal_bsp.a(alt_malloc_lock.o)
 .data          0x0000000000807698        0x0 ../Lab2_Loop_Audio_bsp/\libhal_bsp.a(alt_read.o)
 .data          0x0000000000807698        0x0 ../Lab2_Loop_Audio_bsp/\libhal_bsp.a(alt_sbrk.o)
 .data          0x0000000000807698        0x0 ../Lab2_Loop_Audio_bsp/\libhal_bsp.a(alt_write.o)
                0x000000000080f698                _gp = ABSOLUTE ((. + 0x8000))
                0x000000000080f698                PROVIDE (gp, _gp)
 *(.rwdata .rwdata.*)
 *(.sdata .sdata.* .gnu.linkonce.s.*)
 .sdata         0x0000000000807698        0x4 ../Lab2_Loop_Audio_bsp/\libhal_bsp.a(altera_avalon_lcd_16207.o)
 .sdata         0x000000000080769c       0x14 ../Lab2_Loop_Audio_bsp/\libhal_bsp.a(alt_dev.o)
                0x000000000080769c                alt_fs_list
                0x00000000008076a4                alt_dev_list
                0x00000000008076ac                alt_max_fd
 .sdata         0x00000000008076b0        0x4 ../Lab2_Loop_Audio_bsp/\libhal_bsp.a(alt_errno.o)
                0x00000000008076b0                alt_errno
 .sdata         0x00000000008076b4        0x4 ../Lab2_Loop_Audio_bsp/\libhal_bsp.a(alt_irq_vars.o)
                0x00000000008076b4                alt_priority_mask
 .sdata         0x00000000008076b8        0x8 ../Lab2_Loop_Audio_bsp/\libhal_bsp.a(alt_tick.o)
                0x00000000008076b8                alt_alarm_list
 .sdata.__ctype_ptr__
                0x00000000008076c0        0x4 c:/software/altera/15.1/nios2eds/bin/gnu/h-x86_64-mingw32/bin/../lib/gcc/nios2-elf/4.9.2/../../../../../H-x86_64-mingw32/nios2-elf/lib\libc.a(lib_a-ctype_.o)
                0x00000000008076c0                __ctype_ptr__
 .sdata._global_impure_ptr
                0x00000000008076c4        0x4 c:/software/altera/15.1/nios2eds/bin/gnu/h-x86_64-mingw32/bin/../lib/gcc/nios2-elf/4.9.2/../../../../../H-x86_64-mingw32/nios2-elf/lib\libc.a(lib_a-impure.o)
                0x00000000008076c4                _global_impure_ptr
 .sdata._impure_ptr
                0x00000000008076c8        0x4 c:/software/altera/15.1/nios2eds/bin/gnu/h-x86_64-mingw32/bin/../lib/gcc/nios2-elf/4.9.2/../../../../../H-x86_64-mingw32/nios2-elf/lib\libc.a(lib_a-impure.o)
                0x00000000008076c8                _impure_ptr
 .sdata.__malloc_sbrk_base
                0x00000000008076cc        0x4 c:/software/altera/15.1/nios2eds/bin/gnu/h-x86_64-mingw32/bin/../lib/gcc/nios2-elf/4.9.2/../../../../../H-x86_64-mingw32/nios2-elf/lib\libc.a(lib_a-mallocr.o)
                0x00000000008076cc                __malloc_sbrk_base
 .sdata.__malloc_trim_threshold
                0x00000000008076d0        0x4 c:/software/altera/15.1/nios2eds/bin/gnu/h-x86_64-mingw32/bin/../lib/gcc/nios2-elf/4.9.2/../../../../../H-x86_64-mingw32/nios2-elf/lib\libc.a(lib_a-mallocr.o)
                0x00000000008076d0                __malloc_trim_threshold
 .sdata         0x00000000008076d4        0x4 ../Lab2_Loop_Audio_bsp/\libhal_bsp.a(alt_sbrk.o)
 *(.sdata2 .sdata2.* .gnu.linkonce.s2.*)
                0x00000000008076d8                . = ALIGN (0x4)
                0x00000000008076d8                _edata = ABSOLUTE (.)
                0x00000000008076d8                PROVIDE (edata, ABSOLUTE (.))
                0x00000000008076d8                PROVIDE (__ram_rwdata_end, ABSOLUTE (.))
                0x00000000008076d8                PROVIDE (__flash_rwdata_start, LOADADDR (.rwdata))

.bss            0x000000000080835c      0x154
                0x000000000080835c                __bss_start = ABSOLUTE (.)
                0x000000000080835c                PROVIDE (__sbss_start, ABSOLUTE (.))
                0x000000000080835c                PROVIDE (___sbss_start, ABSOLUTE (.))
 *(.dynsbss)
 *(.sbss .sbss.* .gnu.linkonce.sb.*)
 .sbss          0x000000000080835c        0xc ../Lab2_Loop_Audio_bsp/\libhal_bsp.a(alt_main.o)
                0x000000000080835c                alt_argc
                0x0000000000808360                alt_argv
                0x0000000000808364                alt_envp
 .sbss          0x0000000000808368        0x4 ../Lab2_Loop_Audio_bsp/\libhal_bsp.a(alt_irq_vars.o)
                0x0000000000808368                alt_irq_active
 .sbss          0x000000000080836c        0x8 ../Lab2_Loop_Audio_bsp/\libhal_bsp.a(alt_tick.o)
                0x000000000080836c                _alt_tick_rate
                0x0000000000808370                _alt_nticks
 .sbss          0x0000000000808374        0x4 ../Lab2_Loop_Audio_bsp/\libhal_bsp.a(alt_instruction_exception_entry.o)
                0x0000000000808374                alt_instruction_exception_handler
 .sbss          0x0000000000808378        0x4 c:/software/altera/15.1/nios2eds/bin/gnu/h-x86_64-mingw32/bin/../lib/gcc/nios2-elf/4.9.2/../../../../../H-x86_64-mingw32/nios2-elf/lib\libc.a(lib_a-int_errno.o)
                0x0000000000808378                errno
 .sbss.__malloc_max_total_mem
                0x000000000080837c        0x4 c:/software/altera/15.1/nios2eds/bin/gnu/h-x86_64-mingw32/bin/../lib/gcc/nios2-elf/4.9.2/../../../../../H-x86_64-mingw32/nios2-elf/lib\libc.a(lib_a-mallocr.o)
                0x000000000080837c                __malloc_max_total_mem
 .sbss.__malloc_max_sbrked_mem
                0x0000000000808380        0x4 c:/software/altera/15.1/nios2eds/bin/gnu/h-x86_64-mingw32/bin/../lib/gcc/nios2-elf/4.9.2/../../../../../H-x86_64-mingw32/nios2-elf/lib\libc.a(lib_a-mallocr.o)
                0x0000000000808380                __malloc_max_sbrked_mem
 .sbss.__malloc_top_pad
                0x0000000000808384        0x4 c:/software/altera/15.1/nios2eds/bin/gnu/h-x86_64-mingw32/bin/../lib/gcc/nios2-elf/4.9.2/../../../../../H-x86_64-mingw32/nios2-elf/lib\libc.a(lib_a-mallocr.o)
                0x0000000000808384                __malloc_top_pad
 *(.sbss2 .sbss2.* .gnu.linkonce.sb2.*)
 *(.scommon)
                0x0000000000808388                PROVIDE (__sbss_end, ABSOLUTE (.))
                0x0000000000808388                PROVIDE (___sbss_end, ABSOLUTE (.))
 *(.dynbss)
 *(.bss .bss.* .gnu.linkonce.b.*)
 .bss           0x0000000000808388        0x0 ../Lab2_Loop_Audio_bsp//obj/HAL/src/crt0.o
 .bss           0x0000000000808388        0x0 obj/default/hello_world.o
 .bss           0x0000000000808388        0x0 ../Lab2_Loop_Audio_bsp/\libhal_bsp.a(alt_load.o)
 .bss           0x0000000000808388        0x0 ../Lab2_Loop_Audio_bsp/\libhal_bsp.a(alt_main.o)
 .bss           0x0000000000808388        0x0 ../Lab2_Loop_Audio_bsp/\libhal_bsp.a(alt_printf.o)
 .bss           0x0000000000808388        0x0 ../Lab2_Loop_Audio_bsp/\libhal_bsp.a(alt_putchar.o)
 .bss           0x0000000000808388        0x0 ../Lab2_Loop_Audio_bsp/\libhal_bsp.a(alt_sys_init.o)
 .bss           0x0000000000808388        0x0 ../Lab2_Loop_Audio_bsp/\libhal_bsp.a(altera_avalon_jtag_uart_fd.o)
 .bss           0x0000000000808388        0x0 ../Lab2_Loop_Audio_bsp/\libhal_bsp.a(altera_avalon_jtag_uart_read.o)
 .bss           0x0000000000808388        0x0 ../Lab2_Loop_Audio_bsp/\libhal_bsp.a(altera_avalon_jtag_uart_write.o)
 .bss           0x0000000000808388        0x0 ../Lab2_Loop_Audio_bsp/\libhal_bsp.a(altera_avalon_lcd_16207.o)
 .bss           0x0000000000808388        0x0 ../Lab2_Loop_Audio_bsp/\libhal_bsp.a(altera_avalon_lcd_16207_fd.o)
 .bss           0x0000000000808388        0x0 ../Lab2_Loop_Audio_bsp/\libhal_bsp.a(altera_avalon_uart_fd.o)
 .bss           0x0000000000808388        0x0 ../Lab2_Loop_Audio_bsp/\libhal_bsp.a(altera_avalon_uart_init.o)
 .bss           0x0000000000808388        0x0 ../Lab2_Loop_Audio_bsp/\libhal_bsp.a(altera_avalon_uart_read.o)
 .bss           0x0000000000808388        0x0 ../Lab2_Loop_Audio_bsp/\libhal_bsp.a(altera_avalon_uart_write.o)
 .bss           0x0000000000808388        0x0 ../Lab2_Loop_Audio_bsp/\libhal_bsp.a(altera_up_avalon_audio.o)
 .bss           0x0000000000808388        0x0 ../Lab2_Loop_Audio_bsp/\libhal_bsp.a(alt_alarm_start.o)
 .bss           0x0000000000808388        0x0 ../Lab2_Loop_Audio_bsp/\libhal_bsp.a(alt_close.o)
 .bss           0x0000000000808388        0x0 ../Lab2_Loop_Audio_bsp/\libhal_bsp.a(alt_dcache_flush_all.o)
 .bss           0x0000000000808388        0x0 ../Lab2_Loop_Audio_bsp/\libhal_bsp.a(alt_dev.o)
 .bss           0x0000000000808388        0x0 ../Lab2_Loop_Audio_bsp/\libhal_bsp.a(alt_dev_llist_insert.o)
 .bss           0x0000000000808388        0x0 ../Lab2_Loop_Audio_bsp/\libhal_bsp.a(alt_do_ctors.o)
 .bss           0x0000000000808388        0x0 ../Lab2_Loop_Audio_bsp/\libhal_bsp.a(alt_do_dtors.o)
 .bss           0x0000000000808388        0x0 ../Lab2_Loop_Audio_bsp/\libhal_bsp.a(alt_errno.o)
 .bss           0x0000000000808388        0x0 ../Lab2_Loop_Audio_bsp/\libhal_bsp.a(alt_find_dev.o)
 .bss           0x0000000000808388        0x0 ../Lab2_Loop_Audio_bsp/\libhal_bsp.a(alt_icache_flush_all.o)
 .bss           0x0000000000808388        0x0 ../Lab2_Loop_Audio_bsp/\libhal_bsp.a(alt_io_redirect.o)
 .bss           0x0000000000808388        0x0 ../Lab2_Loop_Audio_bsp/\libhal_bsp.a(alt_irq_register.o)
 .bss           0x0000000000808388        0x0 ../Lab2_Loop_Audio_bsp/\libhal_bsp.a(alt_irq_vars.o)
 .bss           0x0000000000808388        0x0 ../Lab2_Loop_Audio_bsp/\libhal_bsp.a(alt_open.o)
 .bss           0x0000000000808388        0x0 ../Lab2_Loop_Audio_bsp/\libhal_bsp.a(alt_release_fd.o)
 .bss           0x0000000000808388        0x0 ../Lab2_Loop_Audio_bsp/\libhal_bsp.a(alt_tick.o)
 .bss           0x0000000000808388        0x0 ../Lab2_Loop_Audio_bsp/\libhal_bsp.a(alt_usleep.o)
 .bss           0x0000000000808388        0x0 ../Lab2_Loop_Audio_bsp/\libhal_bsp.a(altera_nios2_gen2_irq.o)
 .bss           0x0000000000808388        0x0 ../Lab2_Loop_Audio_bsp/\libhal_bsp.a(alt_busy_sleep.o)
 .bss           0x0000000000808388        0x0 ../Lab2_Loop_Audio_bsp/\libhal_bsp.a(alt_find_file.o)
 .bss           0x0000000000808388        0x0 ../Lab2_Loop_Audio_bsp/\libhal_bsp.a(alt_get_fd.o)
 .bss           0x0000000000808388        0x0 ../Lab2_Loop_Audio_bsp/\libhal_bsp.a(alt_icache_flush.o)
 .bss           0x0000000000808388        0x0 ../Lab2_Loop_Audio_bsp/\libhal_bsp.a(alt_irq_entry.o)
 .bss           0x0000000000808388        0x0 ../Lab2_Loop_Audio_bsp/\libhal_bsp.a(alt_irq_handler.o)
 .bss           0x0000000000808388        0x0 ../Lab2_Loop_Audio_bsp/\libhal_bsp.a(alt_exception_entry.o)
 .bss           0x0000000000808388        0x0 ../Lab2_Loop_Audio_bsp/\libhal_bsp.a(alt_instruction_exception_entry.o)
 .bss           0x0000000000808388        0x0 c:/software/altera/15.1/nios2eds/bin/gnu/h-x86_64-mingw32/bin/../lib/gcc/nios2-elf/4.9.2/../../../../../H-x86_64-mingw32/nios2-elf/lib\libc.a(lib_a-atexit.o)
 .bss           0x0000000000808388        0x0 c:/software/altera/15.1/nios2eds/bin/gnu/h-x86_64-mingw32/bin/../lib/gcc/nios2-elf/4.9.2/../../../../../H-x86_64-mingw32/nios2-elf/lib\libc.a(lib_a-ctype_.o)
 .bss           0x0000000000808388        0x0 c:/software/altera/15.1/nios2eds/bin/gnu/h-x86_64-mingw32/bin/../lib/gcc/nios2-elf/4.9.2/../../../../../H-x86_64-mingw32/nios2-elf/lib\libc.a(lib_a-exit.o)
 .bss           0x0000000000808388        0x0 c:/software/altera/15.1/nios2eds/bin/gnu/h-x86_64-mingw32/bin/../lib/gcc/nios2-elf/4.9.2/../../../../../H-x86_64-mingw32/nios2-elf/lib\libc.a(lib_a-impure.o)
 .bss           0x0000000000808388        0x0 c:/software/altera/15.1/nios2eds/bin/gnu/h-x86_64-mingw32/bin/../lib/gcc/nios2-elf/4.9.2/../../../../../H-x86_64-mingw32/nios2-elf/lib\libc.a(lib_a-int_errno.o)
 .bss           0x0000000000808388        0x0 c:/software/altera/15.1/nios2eds/bin/gnu/h-x86_64-mingw32/bin/../lib/gcc/nios2-elf/4.9.2/../../../../../H-x86_64-mingw32/nios2-elf/lib\libc.a(lib_a-memcmp.o)
 .bss           0x0000000000808388        0x0 c:/software/altera/15.1/nios2eds/bin/gnu/h-x86_64-mingw32/bin/../lib/gcc/nios2-elf/4.9.2/../../../../../H-x86_64-mingw32/nios2-elf/lib\libc.a(lib_a-memcpy.o)
 .bss           0x0000000000808388        0x0 c:/software/altera/15.1/nios2eds/bin/gnu/h-x86_64-mingw32/bin/../lib/gcc/nios2-elf/4.9.2/../../../../../H-x86_64-mingw32/nios2-elf/lib\libc.a(lib_a-memset.o)
 .bss           0x0000000000808388        0x0 c:/software/altera/15.1/nios2eds/bin/gnu/h-x86_64-mingw32/bin/../lib/gcc/nios2-elf/4.9.2/../../../../../H-x86_64-mingw32/nios2-elf/lib\libc.a(lib_a-putc.o)
 .bss           0x0000000000808388        0x0 c:/software/altera/15.1/nios2eds/bin/gnu/h-x86_64-mingw32/bin/../lib/gcc/nios2-elf/4.9.2/../../../../../H-x86_64-mingw32/nios2-elf/lib\libc.a(lib_a-strlen.o)
 .bss           0x0000000000808388        0x0 c:/software/altera/15.1/nios2eds/bin/gnu/h-x86_64-mingw32/bin/../lib/gcc/nios2-elf/4.9.2/../../../../../H-x86_64-mingw32/nios2-elf/lib\libc.a(lib_a-wbuf.o)
 .bss           0x0000000000808388        0x0 c:/software/altera/15.1/nios2eds/bin/gnu/h-x86_64-mingw32/bin/../lib/gcc/nios2-elf/4.9.2/../../../../../H-x86_64-mingw32/nios2-elf/lib\libc.a(lib_a-wsetup.o)
 .bss           0x0000000000808388        0x0 c:/software/altera/15.1/nios2eds/bin/gnu/h-x86_64-mingw32/bin/../lib/gcc/nios2-elf/4.9.2/../../../../../H-x86_64-mingw32/nios2-elf/lib\libc.a(lib_a-__atexit.o)
 .bss           0x0000000000808388        0x0 c:/software/altera/15.1/nios2eds/bin/gnu/h-x86_64-mingw32/bin/../lib/gcc/nios2-elf/4.9.2/../../../../../H-x86_64-mingw32/nios2-elf/lib\libc.a(lib_a-__call_atexit.o)
 .bss           0x0000000000808388        0x0 c:/software/altera/15.1/nios2eds/bin/gnu/h-x86_64-mingw32/bin/../lib/gcc/nios2-elf/4.9.2/../../../../../H-x86_64-mingw32/nios2-elf/lib\libc.a(lib_a-fflush.o)
 .bss           0x0000000000808388        0x0 c:/software/altera/15.1/nios2eds/bin/gnu/h-x86_64-mingw32/bin/../lib/gcc/nios2-elf/4.9.2/../../../../../H-x86_64-mingw32/nios2-elf/lib\libc.a(lib_a-findfp.o)
 .bss           0x0000000000808388        0x0 c:/software/altera/15.1/nios2eds/bin/gnu/h-x86_64-mingw32/bin/../lib/gcc/nios2-elf/4.9.2/../../../../../H-x86_64-mingw32/nios2-elf/lib\libc.a(lib_a-freer.o)
 .bss           0x0000000000808388        0x0 c:/software/altera/15.1/nios2eds/bin/gnu/h-x86_64-mingw32/bin/../lib/gcc/nios2-elf/4.9.2/../../../../../H-x86_64-mingw32/nios2-elf/lib\libc.a(lib_a-fwalk.o)
 .bss           0x0000000000808388        0x0 c:/software/altera/15.1/nios2eds/bin/gnu/h-x86_64-mingw32/bin/../lib/gcc/nios2-elf/4.9.2/../../../../../H-x86_64-mingw32/nios2-elf/lib\libc.a(lib_a-makebuf.o)
 .bss           0x0000000000808388        0x0 c:/software/altera/15.1/nios2eds/bin/gnu/h-x86_64-mingw32/bin/../lib/gcc/nios2-elf/4.9.2/../../../../../H-x86_64-mingw32/nios2-elf/lib\libc.a(lib_a-mallocr.o)
 .bss.__malloc_current_mallinfo
                0x0000000000808388       0x28 c:/software/altera/15.1/nios2eds/bin/gnu/h-x86_64-mingw32/bin/../lib/gcc/nios2-elf/4.9.2/../../../../../H-x86_64-mingw32/nios2-elf/lib\libc.a(lib_a-mallocr.o)
                0x0000000000808388                __malloc_current_mallinfo
 .bss           0x00000000008083b0        0x0 c:/software/altera/15.1/nios2eds/bin/gnu/h-x86_64-mingw32/bin/../lib/gcc/nios2-elf/4.9.2/../../../../../H-x86_64-mingw32/nios2-elf/lib\libc.a(lib_a-sbrkr.o)
 .bss           0x00000000008083b0        0x0 c:/software/altera/15.1/nios2eds/bin/gnu/h-x86_64-mingw32/bin/../lib/gcc/nios2-elf/4.9.2/../../../../../H-x86_64-mingw32/nios2-elf/lib\libc.a(lib_a-stdio.o)
 .bss           0x00000000008083b0        0x0 c:/software/altera/15.1/nios2eds/bin/gnu/h-x86_64-mingw32/bin/../lib/gcc/nios2-elf/4.9.2/../../../../../H-x86_64-mingw32/nios2-elf/lib\libc.a(lib_a-writer.o)
 .bss           0x00000000008083b0        0x0 c:/software/altera/15.1/nios2eds/bin/gnu/h-x86_64-mingw32/bin/../lib/gcc/nios2-elf/4.9.2/../../../../../H-x86_64-mingw32/nios2-elf/lib\libc.a(closer.o)
 .bss           0x00000000008083b0        0x0 c:/software/altera/15.1/nios2eds/bin/gnu/h-x86_64-mingw32/bin/../lib/gcc/nios2-elf/4.9.2/../../../../../H-x86_64-mingw32/nios2-elf/lib\libc.a(lib_a-fclose.o)
 .bss           0x00000000008083b0        0x0 c:/software/altera/15.1/nios2eds/bin/gnu/h-x86_64-mingw32/bin/../lib/gcc/nios2-elf/4.9.2/../../../../../H-x86_64-mingw32/nios2-elf/lib\libc.a(lib_a-fstatr.o)
 .bss           0x00000000008083b0        0x0 c:/software/altera/15.1/nios2eds/bin/gnu/h-x86_64-mingw32/bin/../lib/gcc/nios2-elf/4.9.2/../../../../../H-x86_64-mingw32/nios2-elf/lib\libc.a(lib_a-isattyr.o)
 .bss           0x00000000008083b0        0x0 c:/software/altera/15.1/nios2eds/bin/gnu/h-x86_64-mingw32/bin/../lib/gcc/nios2-elf/4.9.2/../../../../../H-x86_64-mingw32/nios2-elf/lib\libc.a(lib_a-lseekr.o)
 .bss           0x00000000008083b0        0x0 c:/software/altera/15.1/nios2eds/bin/gnu/h-x86_64-mingw32/bin/../lib/gcc/nios2-elf/4.9.2/../../../../../H-x86_64-mingw32/nios2-elf/lib\libc.a(lib_a-readr.o)
 .bss           0x00000000008083b0        0x0 c:/software/altera/15.1/nios2eds/bin/gnu/h-x86_64-mingw32/bin/../lib/gcc/nios2-elf/4.9.2\libgcc.a(lib2-divmod.o)
 .bss           0x00000000008083b0        0x0 ../Lab2_Loop_Audio_bsp/\libhal_bsp.a(alt_exit.o)
 .bss           0x00000000008083b0        0x0 ../Lab2_Loop_Audio_bsp/\libhal_bsp.a(alt_fstat.o)
 .bss           0x00000000008083b0        0x0 ../Lab2_Loop_Audio_bsp/\libhal_bsp.a(alt_isatty.o)
 .bss           0x00000000008083b0        0x0 ../Lab2_Loop_Audio_bsp/\libhal_bsp.a(alt_lseek.o)
 .bss           0x00000000008083b0        0x0 ../Lab2_Loop_Audio_bsp/\libhal_bsp.a(alt_malloc_lock.o)
 .bss           0x00000000008083b0        0x0 ../Lab2_Loop_Audio_bsp/\libhal_bsp.a(alt_read.o)
 .bss           0x00000000008083b0        0x0 ../Lab2_Loop_Audio_bsp/\libhal_bsp.a(alt_sbrk.o)
 .bss           0x00000000008083b0        0x0 ../Lab2_Loop_Audio_bsp/\libhal_bsp.a(alt_write.o)
 *(COMMON)
 COMMON         0x00000000008083b0      0x100 ../Lab2_Loop_Audio_bsp/\libhal_bsp.a(alt_irq_handler.o)
                0x00000000008083b0                alt_irq
                0x00000000008084b0                . = ALIGN (0x4)
                0x00000000008084b0                __bss_end = ABSOLUTE (.)

.sdram_0        0x00000000008084b0        0x0
                0x00000000008084b0                PROVIDE (_alt_partition_sdram_0_start, ABSOLUTE (.))
 *(.sdram_0 .sdram_0. sdram_0.*)
                0x00000000008084b0                . = ALIGN (0x4)
                0x00000000008084b0                PROVIDE (_alt_partition_sdram_0_end, ABSOLUTE (.))
                0x00000000008084b0                _end = ABSOLUTE (.)
                0x00000000008084b0                end = ABSOLUTE (.)
                0x00000000008084b0                __alt_stack_base = ABSOLUTE (.)
                0x00000000008084b0                PROVIDE (_alt_partition_sdram_0_load_addr, LOADADDR (.sdram_0))

.stab
 *(.stab)

.stabstr
 *(.stabstr)

.stab.excl
 *(.stab.excl)

.stab.exclstr
 *(.stab.exclstr)

.stab.index
 *(.stab.index)

.stab.indexstr
 *(.stab.indexstr)

.comment        0x0000000000000000       0x23
 *(.comment)
 .comment       0x0000000000000000       0x23 obj/default/hello_world.o
                                         0x24 (size before relaxing)
 .comment       0x0000000000000000       0x24 ../Lab2_Loop_Audio_bsp/\libhal_bsp.a(alt_load.o)
 .comment       0x0000000000000000       0x24 ../Lab2_Loop_Audio_bsp/\libhal_bsp.a(alt_main.o)
 .comment       0x0000000000000000       0x24 ../Lab2_Loop_Audio_bsp/\libhal_bsp.a(alt_printf.o)
 .comment       0x0000000000000000       0x24 ../Lab2_Loop_Audio_bsp/\libhal_bsp.a(alt_putchar.o)
 .comment       0x0000000000000000       0x24 ../Lab2_Loop_Audio_bsp/\libhal_bsp.a(alt_sys_init.o)
 .comment       0x0000000000000000       0x24 ../Lab2_Loop_Audio_bsp/\libhal_bsp.a(altera_avalon_jtag_uart_fd.o)
 .comment       0x0000000000000000       0x24 ../Lab2_Loop_Audio_bsp/\libhal_bsp.a(altera_avalon_jtag_uart_read.o)
 .comment       0x0000000000000000       0x24 ../Lab2_Loop_Audio_bsp/\libhal_bsp.a(altera_avalon_jtag_uart_write.o)
 .comment       0x0000000000000000       0x24 ../Lab2_Loop_Audio_bsp/\libhal_bsp.a(altera_avalon_lcd_16207.o)
 .comment       0x0000000000000000       0x24 ../Lab2_Loop_Audio_bsp/\libhal_bsp.a(altera_avalon_lcd_16207_fd.o)
 .comment       0x0000000000000000       0x24 ../Lab2_Loop_Audio_bsp/\libhal_bsp.a(altera_avalon_uart_fd.o)
 .comment       0x0000000000000000       0x24 ../Lab2_Loop_Audio_bsp/\libhal_bsp.a(altera_avalon_uart_init.o)
 .comment       0x0000000000000000       0x24 ../Lab2_Loop_Audio_bsp/\libhal_bsp.a(altera_avalon_uart_read.o)
 .comment       0x0000000000000000       0x24 ../Lab2_Loop_Audio_bsp/\libhal_bsp.a(altera_avalon_uart_write.o)
 .comment       0x0000000000000000       0x24 ../Lab2_Loop_Audio_bsp/\libhal_bsp.a(altera_up_avalon_audio.o)
 .comment       0x0000000000000000       0x24 ../Lab2_Loop_Audio_bsp/\libhal_bsp.a(alt_alarm_start.o)
 .comment       0x0000000000000000       0x24 ../Lab2_Loop_Audio_bsp/\libhal_bsp.a(alt_close.o)
 .comment       0x0000000000000000       0x24 ../Lab2_Loop_Audio_bsp/\libhal_bsp.a(alt_dcache_flush_all.o)
 .comment       0x0000000000000000       0x24 ../Lab2_Loop_Audio_bsp/\libhal_bsp.a(alt_dev.o)
 .comment       0x0000000000000000       0x24 ../Lab2_Loop_Audio_bsp/\libhal_bsp.a(alt_dev_llist_insert.o)
 .comment       0x0000000000000000       0x24 ../Lab2_Loop_Audio_bsp/\libhal_bsp.a(alt_do_ctors.o)
 .comment       0x0000000000000000       0x24 ../Lab2_Loop_Audio_bsp/\libhal_bsp.a(alt_do_dtors.o)
 .comment       0x0000000000000000       0x24 ../Lab2_Loop_Audio_bsp/\libhal_bsp.a(alt_errno.o)
 .comment       0x0000000000000000       0x24 ../Lab2_Loop_Audio_bsp/\libhal_bsp.a(alt_find_dev.o)
 .comment       0x0000000000000000       0x24 ../Lab2_Loop_Audio_bsp/\libhal_bsp.a(alt_icache_flush_all.o)
 .comment       0x0000000000000000       0x24 ../Lab2_Loop_Audio_bsp/\libhal_bsp.a(alt_io_redirect.o)
 .comment       0x0000000000000000       0x24 ../Lab2_Loop_Audio_bsp/\libhal_bsp.a(alt_irq_register.o)
 .comment       0x0000000000000000       0x24 ../Lab2_Loop_Audio_bsp/\libhal_bsp.a(alt_irq_vars.o)
 .comment       0x0000000000000000       0x24 ../Lab2_Loop_Audio_bsp/\libhal_bsp.a(alt_open.o)
 .comment       0x0000000000000000       0x24 ../Lab2_Loop_Audio_bsp/\libhal_bsp.a(alt_release_fd.o)
 .comment       0x0000000000000000       0x24 ../Lab2_Loop_Audio_bsp/\libhal_bsp.a(alt_tick.o)
 .comment       0x0000000000000000       0x24 ../Lab2_Loop_Audio_bsp/\libhal_bsp.a(alt_usleep.o)
 .comment       0x0000000000000000       0x24 ../Lab2_Loop_Audio_bsp/\libhal_bsp.a(altera_nios2_gen2_irq.o)
 .comment       0x0000000000000000       0x24 ../Lab2_Loop_Audio_bsp/\libhal_bsp.a(alt_busy_sleep.o)
 .comment       0x0000000000000000       0x24 ../Lab2_Loop_Audio_bsp/\libhal_bsp.a(alt_find_file.o)
 .comment       0x0000000000000000       0x24 ../Lab2_Loop_Audio_bsp/\libhal_bsp.a(alt_get_fd.o)
 .comment       0x0000000000000000       0x24 ../Lab2_Loop_Audio_bsp/\libhal_bsp.a(alt_icache_flush.o)
 .comment       0x0000000000000000       0x24 ../Lab2_Loop_Audio_bsp/\libhal_bsp.a(alt_irq_handler.o)
 .comment       0x0000000000000000       0x24 ../Lab2_Loop_Audio_bsp/\libhal_bsp.a(alt_instruction_exception_entry.o)
 .comment       0x0000000000000000       0x24 c:/software/altera/15.1/nios2eds/bin/gnu/h-x86_64-mingw32/bin/../lib/gcc/nios2-elf/4.9.2/../../../../../H-x86_64-mingw32/nios2-elf/lib\libc.a(lib_a-atexit.o)
 .comment       0x0000000000000000       0x24 c:/software/altera/15.1/nios2eds/bin/gnu/h-x86_64-mingw32/bin/../lib/gcc/nios2-elf/4.9.2/../../../../../H-x86_64-mingw32/nios2-elf/lib\libc.a(lib_a-ctype_.o)
 .comment       0x0000000000000000       0x24 c:/software/altera/15.1/nios2eds/bin/gnu/h-x86_64-mingw32/bin/../lib/gcc/nios2-elf/4.9.2/../../../../../H-x86_64-mingw32/nios2-elf/lib\libc.a(lib_a-exit.o)
 .comment       0x0000000000000000       0x24 c:/software/altera/15.1/nios2eds/bin/gnu/h-x86_64-mingw32/bin/../lib/gcc/nios2-elf/4.9.2/../../../../../H-x86_64-mingw32/nios2-elf/lib\libc.a(lib_a-impure.o)
 .comment       0x0000000000000000       0x24 c:/software/altera/15.1/nios2eds/bin/gnu/h-x86_64-mingw32/bin/../lib/gcc/nios2-elf/4.9.2/../../../../../H-x86_64-mingw32/nios2-elf/lib\libc.a(lib_a-int_errno.o)
 .comment       0x0000000000000000       0x24 c:/software/altera/15.1/nios2eds/bin/gnu/h-x86_64-mingw32/bin/../lib/gcc/nios2-elf/4.9.2/../../../../../H-x86_64-mingw32/nios2-elf/lib\libc.a(lib_a-memcmp.o)
 .comment       0x0000000000000000       0x24 c:/software/altera/15.1/nios2eds/bin/gnu/h-x86_64-mingw32/bin/../lib/gcc/nios2-elf/4.9.2/../../../../../H-x86_64-mingw32/nios2-elf/lib\libc.a(lib_a-memcpy.o)
 .comment       0x0000000000000000       0x24 c:/software/altera/15.1/nios2eds/bin/gnu/h-x86_64-mingw32/bin/../lib/gcc/nios2-elf/4.9.2/../../../../../H-x86_64-mingw32/nios2-elf/lib\libc.a(lib_a-memset.o)
 .comment       0x0000000000000000       0x24 c:/software/altera/15.1/nios2eds/bin/gnu/h-x86_64-mingw32/bin/../lib/gcc/nios2-elf/4.9.2/../../../../../H-x86_64-mingw32/nios2-elf/lib\libc.a(lib_a-putc.o)
 .comment       0x0000000000000000       0x24 c:/software/altera/15.1/nios2eds/bin/gnu/h-x86_64-mingw32/bin/../lib/gcc/nios2-elf/4.9.2/../../../../../H-x86_64-mingw32/nios2-elf/lib\libc.a(lib_a-strlen.o)
 .comment       0x0000000000000000       0x24 c:/software/altera/15.1/nios2eds/bin/gnu/h-x86_64-mingw32/bin/../lib/gcc/nios2-elf/4.9.2/../../../../../H-x86_64-mingw32/nios2-elf/lib\libc.a(lib_a-wbuf.o)
 .comment       0x0000000000000000       0x24 c:/software/altera/15.1/nios2eds/bin/gnu/h-x86_64-mingw32/bin/../lib/gcc/nios2-elf/4.9.2/../../../../../H-x86_64-mingw32/nios2-elf/lib\libc.a(lib_a-wsetup.o)
 .comment       0x0000000000000000       0x24 c:/software/altera/15.1/nios2eds/bin/gnu/h-x86_64-mingw32/bin/../lib/gcc/nios2-elf/4.9.2/../../../../../H-x86_64-mingw32/nios2-elf/lib\libc.a(lib_a-__atexit.o)
 .comment       0x0000000000000000       0x24 c:/software/altera/15.1/nios2eds/bin/gnu/h-x86_64-mingw32/bin/../lib/gcc/nios2-elf/4.9.2/../../../../../H-x86_64-mingw32/nios2-elf/lib\libc.a(lib_a-__call_atexit.o)
 .comment       0x0000000000000000       0x24 c:/software/altera/15.1/nios2eds/bin/gnu/h-x86_64-mingw32/bin/../lib/gcc/nios2-elf/4.9.2/../../../../../H-x86_64-mingw32/nios2-elf/lib\libc.a(lib_a-fflush.o)
 .comment       0x0000000000000000       0x24 c:/software/altera/15.1/nios2eds/bin/gnu/h-x86_64-mingw32/bin/../lib/gcc/nios2-elf/4.9.2/../../../../../H-x86_64-mingw32/nios2-elf/lib\libc.a(lib_a-findfp.o)
 .comment       0x0000000000000000       0x24 c:/software/altera/15.1/nios2eds/bin/gnu/h-x86_64-mingw32/bin/../lib/gcc/nios2-elf/4.9.2/../../../../../H-x86_64-mingw32/nios2-elf/lib\libc.a(lib_a-freer.o)
 .comment       0x0000000000000000       0x24 c:/software/altera/15.1/nios2eds/bin/gnu/h-x86_64-mingw32/bin/../lib/gcc/nios2-elf/4.9.2/../../../../../H-x86_64-mingw32/nios2-elf/lib\libc.a(lib_a-fwalk.o)
 .comment       0x0000000000000000       0x24 c:/software/altera/15.1/nios2eds/bin/gnu/h-x86_64-mingw32/bin/../lib/gcc/nios2-elf/4.9.2/../../../../../H-x86_64-mingw32/nios2-elf/lib\libc.a(lib_a-makebuf.o)
 .comment       0x0000000000000000       0x24 c:/software/altera/15.1/nios2eds/bin/gnu/h-x86_64-mingw32/bin/../lib/gcc/nios2-elf/4.9.2/../../../../../H-x86_64-mingw32/nios2-elf/lib\libc.a(lib_a-mallocr.o)
 .comment       0x0000000000000000       0x24 c:/software/altera/15.1/nios2eds/bin/gnu/h-x86_64-mingw32/bin/../lib/gcc/nios2-elf/4.9.2/../../../../../H-x86_64-mingw32/nios2-elf/lib\libc.a(lib_a-sbrkr.o)
 .comment       0x0000000000000000       0x24 c:/software/altera/15.1/nios2eds/bin/gnu/h-x86_64-mingw32/bin/../lib/gcc/nios2-elf/4.9.2/../../../../../H-x86_64-mingw32/nios2-elf/lib\libc.a(lib_a-stdio.o)
 .comment       0x0000000000000000       0x24 c:/software/altera/15.1/nios2eds/bin/gnu/h-x86_64-mingw32/bin/../lib/gcc/nios2-elf/4.9.2/../../../../../H-x86_64-mingw32/nios2-elf/lib\libc.a(lib_a-writer.o)
 .comment       0x0000000000000000       0x24 c:/software/altera/15.1/nios2eds/bin/gnu/h-x86_64-mingw32/bin/../lib/gcc/nios2-elf/4.9.2/../../../../../H-x86_64-mingw32/nios2-elf/lib\libc.a(closer.o)
 .comment       0x0000000000000000       0x24 c:/software/altera/15.1/nios2eds/bin/gnu/h-x86_64-mingw32/bin/../lib/gcc/nios2-elf/4.9.2/../../../../../H-x86_64-mingw32/nios2-elf/lib\libc.a(lib_a-fclose.o)
 .comment       0x0000000000000000       0x24 c:/software/altera/15.1/nios2eds/bin/gnu/h-x86_64-mingw32/bin/../lib/gcc/nios2-elf/4.9.2/../../../../../H-x86_64-mingw32/nios2-elf/lib\libc.a(lib_a-fstatr.o)
 .comment       0x0000000000000000       0x24 c:/software/altera/15.1/nios2eds/bin/gnu/h-x86_64-mingw32/bin/../lib/gcc/nios2-elf/4.9.2/../../../../../H-x86_64-mingw32/nios2-elf/lib\libc.a(lib_a-isattyr.o)
 .comment       0x0000000000000000       0x24 c:/software/altera/15.1/nios2eds/bin/gnu/h-x86_64-mingw32/bin/../lib/gcc/nios2-elf/4.9.2/../../../../../H-x86_64-mingw32/nios2-elf/lib\libc.a(lib_a-lseekr.o)
 .comment       0x0000000000000000       0x24 c:/software/altera/15.1/nios2eds/bin/gnu/h-x86_64-mingw32/bin/../lib/gcc/nios2-elf/4.9.2/../../../../../H-x86_64-mingw32/nios2-elf/lib\libc.a(lib_a-readr.o)
 .comment       0x0000000000000000       0x24 c:/software/altera/15.1/nios2eds/bin/gnu/h-x86_64-mingw32/bin/../lib/gcc/nios2-elf/4.9.2\libgcc.a(lib2-divmod.o)
 .comment       0x0000000000000000       0x24 ../Lab2_Loop_Audio_bsp/\libhal_bsp.a(alt_exit.o)
 .comment       0x0000000000000000       0x24 ../Lab2_Loop_Audio_bsp/\libhal_bsp.a(alt_fstat.o)
 .comment       0x0000000000000000       0x24 ../Lab2_Loop_Audio_bsp/\libhal_bsp.a(alt_isatty.o)
 .comment       0x0000000000000000       0x24 ../Lab2_Loop_Audio_bsp/\libhal_bsp.a(alt_lseek.o)
 .comment       0x0000000000000000       0x24 ../Lab2_Loop_Audio_bsp/\libhal_bsp.a(alt_malloc_lock.o)
 .comment       0x0000000000000000       0x24 ../Lab2_Loop_Audio_bsp/\libhal_bsp.a(alt_read.o)
 .comment       0x0000000000000000       0x24 ../Lab2_Loop_Audio_bsp/\libhal_bsp.a(alt_sbrk.o)
 .comment       0x0000000000000000       0x24 ../Lab2_Loop_Audio_bsp/\libhal_bsp.a(alt_write.o)

.debug
 *(.debug)

.line
 *(.line)

.debug_srcinfo
 *(.debug_srcinfo)

.debug_sfnames
 *(.debug_sfnames)

.debug_aranges  0x0000000000000000      0xaf0
 *(.debug_aranges)
 .debug_aranges
                0x0000000000000000       0x28 ../Lab2_Loop_Audio_bsp//obj/HAL/src/crt0.o
 .debug_aranges
                0x0000000000000028       0x20 obj/default/hello_world.o
 .debug_aranges
                0x0000000000000048       0x20 ../Lab2_Loop_Audio_bsp/\libhal_bsp.a(alt_load.o)
 .debug_aranges
                0x0000000000000068       0x20 ../Lab2_Loop_Audio_bsp/\libhal_bsp.a(alt_main.o)
 .debug_aranges
                0x0000000000000088       0x20 ../Lab2_Loop_Audio_bsp/\libhal_bsp.a(alt_printf.o)
 .debug_aranges
                0x00000000000000a8       0x20 ../Lab2_Loop_Audio_bsp/\libhal_bsp.a(alt_putchar.o)
 .debug_aranges
                0x00000000000000c8       0x20 ../Lab2_Loop_Audio_bsp/\libhal_bsp.a(alt_sys_init.o)
 .debug_aranges
                0x00000000000000e8       0x20 ../Lab2_Loop_Audio_bsp/\libhal_bsp.a(altera_avalon_jtag_uart_fd.o)
 .debug_aranges
                0x0000000000000108       0x20 ../Lab2_Loop_Audio_bsp/\libhal_bsp.a(altera_avalon_jtag_uart_read.o)
 .debug_aranges
                0x0000000000000128       0x20 ../Lab2_Loop_Audio_bsp/\libhal_bsp.a(altera_avalon_jtag_uart_write.o)
 .debug_aranges
                0x0000000000000148       0x20 ../Lab2_Loop_Audio_bsp/\libhal_bsp.a(altera_avalon_lcd_16207.o)
 .debug_aranges
                0x0000000000000168       0x20 ../Lab2_Loop_Audio_bsp/\libhal_bsp.a(altera_avalon_lcd_16207_fd.o)
 .debug_aranges
                0x0000000000000188       0x20 ../Lab2_Loop_Audio_bsp/\libhal_bsp.a(altera_avalon_uart_fd.o)
 .debug_aranges
                0x00000000000001a8       0x20 ../Lab2_Loop_Audio_bsp/\libhal_bsp.a(altera_avalon_uart_init.o)
 .debug_aranges
                0x00000000000001c8       0x20 ../Lab2_Loop_Audio_bsp/\libhal_bsp.a(altera_avalon_uart_read.o)
 .debug_aranges
                0x00000000000001e8       0x20 ../Lab2_Loop_Audio_bsp/\libhal_bsp.a(altera_avalon_uart_write.o)
 .debug_aranges
                0x0000000000000208       0x20 ../Lab2_Loop_Audio_bsp/\libhal_bsp.a(altera_up_avalon_audio.o)
 .debug_aranges
                0x0000000000000228       0x20 ../Lab2_Loop_Audio_bsp/\libhal_bsp.a(alt_alarm_start.o)
 .debug_aranges
                0x0000000000000248       0x20 ../Lab2_Loop_Audio_bsp/\libhal_bsp.a(alt_close.o)
 .debug_aranges
                0x0000000000000268       0x20 ../Lab2_Loop_Audio_bsp/\libhal_bsp.a(alt_dcache_flush_all.o)
 .debug_aranges
                0x0000000000000288       0x20 ../Lab2_Loop_Audio_bsp/\libhal_bsp.a(alt_dev.o)
 .debug_aranges
                0x00000000000002a8       0x20 ../Lab2_Loop_Audio_bsp/\libhal_bsp.a(alt_dev_llist_insert.o)
 .debug_aranges
                0x00000000000002c8       0x20 ../Lab2_Loop_Audio_bsp/\libhal_bsp.a(alt_do_ctors.o)
 .debug_aranges
                0x00000000000002e8       0x20 ../Lab2_Loop_Audio_bsp/\libhal_bsp.a(alt_do_dtors.o)
 .debug_aranges
                0x0000000000000308       0x18 ../Lab2_Loop_Audio_bsp/\libhal_bsp.a(alt_errno.o)
 .debug_aranges
                0x0000000000000320       0x20 ../Lab2_Loop_Audio_bsp/\libhal_bsp.a(alt_find_dev.o)
 .debug_aranges
                0x0000000000000340       0x20 ../Lab2_Loop_Audio_bsp/\libhal_bsp.a(alt_icache_flush_all.o)
 .debug_aranges
                0x0000000000000360       0x20 ../Lab2_Loop_Audio_bsp/\libhal_bsp.a(alt_io_redirect.o)
 .debug_aranges
                0x0000000000000380       0x20 ../Lab2_Loop_Audio_bsp/\libhal_bsp.a(alt_irq_register.o)
 .debug_aranges
                0x00000000000003a0       0x18 ../Lab2_Loop_Audio_bsp/\libhal_bsp.a(alt_irq_vars.o)
 .debug_aranges
                0x00000000000003b8       0x20 ../Lab2_Loop_Audio_bsp/\libhal_bsp.a(alt_open.o)
 .debug_aranges
                0x00000000000003d8       0x20 ../Lab2_Loop_Audio_bsp/\libhal_bsp.a(alt_release_fd.o)
 .debug_aranges
                0x00000000000003f8       0x20 ../Lab2_Loop_Audio_bsp/\libhal_bsp.a(alt_tick.o)
 .debug_aranges
                0x0000000000000418       0x20 ../Lab2_Loop_Audio_bsp/\libhal_bsp.a(alt_usleep.o)
 .debug_aranges
                0x0000000000000438       0x20 ../Lab2_Loop_Audio_bsp/\libhal_bsp.a(altera_nios2_gen2_irq.o)
 .debug_aranges
                0x0000000000000458       0x20 ../Lab2_Loop_Audio_bsp/\libhal_bsp.a(alt_busy_sleep.o)
 .debug_aranges
                0x0000000000000478       0x20 ../Lab2_Loop_Audio_bsp/\libhal_bsp.a(alt_find_file.o)
 .debug_aranges
                0x0000000000000498       0x20 ../Lab2_Loop_Audio_bsp/\libhal_bsp.a(alt_get_fd.o)
 .debug_aranges
                0x00000000000004b8       0x20 ../Lab2_Loop_Audio_bsp/\libhal_bsp.a(alt_icache_flush.o)
 .debug_aranges
                0x00000000000004d8       0x30 ../Lab2_Loop_Audio_bsp/\libhal_bsp.a(alt_irq_entry.o)
 .debug_aranges
                0x0000000000000508       0x20 ../Lab2_Loop_Audio_bsp/\libhal_bsp.a(alt_irq_handler.o)
 .debug_aranges
                0x0000000000000528       0x38 ../Lab2_Loop_Audio_bsp/\libhal_bsp.a(alt_exception_entry.o)
 .debug_aranges
                0x0000000000000560       0x28 ../Lab2_Loop_Audio_bsp/\libhal_bsp.a(alt_instruction_exception_entry.o)
 .debug_aranges
                0x0000000000000588       0x20 c:/software/altera/15.1/nios2eds/bin/gnu/h-x86_64-mingw32/bin/../lib/gcc/nios2-elf/4.9.2/../../../../../H-x86_64-mingw32/nios2-elf/lib\libc.a(lib_a-atexit.o)
 .debug_aranges
                0x00000000000005a8       0x18 c:/software/altera/15.1/nios2eds/bin/gnu/h-x86_64-mingw32/bin/../lib/gcc/nios2-elf/4.9.2/../../../../../H-x86_64-mingw32/nios2-elf/lib\libc.a(lib_a-ctype_.o)
 .debug_aranges
                0x00000000000005c0       0x20 c:/software/altera/15.1/nios2eds/bin/gnu/h-x86_64-mingw32/bin/../lib/gcc/nios2-elf/4.9.2/../../../../../H-x86_64-mingw32/nios2-elf/lib\libc.a(lib_a-exit.o)
 .debug_aranges
                0x00000000000005e0       0x18 c:/software/altera/15.1/nios2eds/bin/gnu/h-x86_64-mingw32/bin/../lib/gcc/nios2-elf/4.9.2/../../../../../H-x86_64-mingw32/nios2-elf/lib\libc.a(lib_a-impure.o)
 .debug_aranges
                0x00000000000005f8       0x18 c:/software/altera/15.1/nios2eds/bin/gnu/h-x86_64-mingw32/bin/../lib/gcc/nios2-elf/4.9.2/../../../../../H-x86_64-mingw32/nios2-elf/lib\libc.a(lib_a-int_errno.o)
 .debug_aranges
                0x0000000000000610       0x20 c:/software/altera/15.1/nios2eds/bin/gnu/h-x86_64-mingw32/bin/../lib/gcc/nios2-elf/4.9.2/../../../../../H-x86_64-mingw32/nios2-elf/lib\libc.a(lib_a-memcmp.o)
 .debug_aranges
                0x0000000000000630       0x20 c:/software/altera/15.1/nios2eds/bin/gnu/h-x86_64-mingw32/bin/../lib/gcc/nios2-elf/4.9.2/../../../../../H-x86_64-mingw32/nios2-elf/lib\libc.a(lib_a-memcpy.o)
 .debug_aranges
                0x0000000000000650       0x20 c:/software/altera/15.1/nios2eds/bin/gnu/h-x86_64-mingw32/bin/../lib/gcc/nios2-elf/4.9.2/../../../../../H-x86_64-mingw32/nios2-elf/lib\libc.a(lib_a-memset.o)
 .debug_aranges
                0x0000000000000670       0x28 c:/software/altera/15.1/nios2eds/bin/gnu/h-x86_64-mingw32/bin/../lib/gcc/nios2-elf/4.9.2/../../../../../H-x86_64-mingw32/nios2-elf/lib\libc.a(lib_a-putc.o)
 .debug_aranges
                0x0000000000000698       0x20 c:/software/altera/15.1/nios2eds/bin/gnu/h-x86_64-mingw32/bin/../lib/gcc/nios2-elf/4.9.2/../../../../../H-x86_64-mingw32/nios2-elf/lib\libc.a(lib_a-strlen.o)
 .debug_aranges
                0x00000000000006b8       0x28 c:/software/altera/15.1/nios2eds/bin/gnu/h-x86_64-mingw32/bin/../lib/gcc/nios2-elf/4.9.2/../../../../../H-x86_64-mingw32/nios2-elf/lib\libc.a(lib_a-wbuf.o)
 .debug_aranges
                0x00000000000006e0       0x20 c:/software/altera/15.1/nios2eds/bin/gnu/h-x86_64-mingw32/bin/../lib/gcc/nios2-elf/4.9.2/../../../../../H-x86_64-mingw32/nios2-elf/lib\libc.a(lib_a-wsetup.o)
 .debug_aranges
                0x0000000000000700       0x20 c:/software/altera/15.1/nios2eds/bin/gnu/h-x86_64-mingw32/bin/../lib/gcc/nios2-elf/4.9.2/../../../../../H-x86_64-mingw32/nios2-elf/lib\libc.a(lib_a-__atexit.o)
 .debug_aranges
                0x0000000000000720       0x20 c:/software/altera/15.1/nios2eds/bin/gnu/h-x86_64-mingw32/bin/../lib/gcc/nios2-elf/4.9.2/../../../../../H-x86_64-mingw32/nios2-elf/lib\libc.a(lib_a-__call_atexit.o)
 .debug_aranges
                0x0000000000000740       0x30 c:/software/altera/15.1/nios2eds/bin/gnu/h-x86_64-mingw32/bin/../lib/gcc/nios2-elf/4.9.2/../../../../../H-x86_64-mingw32/nios2-elf/lib\libc.a(lib_a-fflush.o)
 .debug_aranges
                0x0000000000000770       0x88 c:/software/altera/15.1/nios2eds/bin/gnu/h-x86_64-mingw32/bin/../lib/gcc/nios2-elf/4.9.2/../../../../../H-x86_64-mingw32/nios2-elf/lib\libc.a(lib_a-findfp.o)
 .debug_aranges
                0x00000000000007f8       0x28 c:/software/altera/15.1/nios2eds/bin/gnu/h-x86_64-mingw32/bin/../lib/gcc/nios2-elf/4.9.2/../../../../../H-x86_64-mingw32/nios2-elf/lib\libc.a(lib_a-freer.o)
 .debug_aranges
                0x0000000000000820       0x28 c:/software/altera/15.1/nios2eds/bin/gnu/h-x86_64-mingw32/bin/../lib/gcc/nios2-elf/4.9.2/../../../../../H-x86_64-mingw32/nios2-elf/lib\libc.a(lib_a-fwalk.o)
 .debug_aranges
                0x0000000000000848       0x20 c:/software/altera/15.1/nios2eds/bin/gnu/h-x86_64-mingw32/bin/../lib/gcc/nios2-elf/4.9.2/../../../../../H-x86_64-mingw32/nios2-elf/lib\libc.a(lib_a-makebuf.o)
 .debug_aranges
                0x0000000000000868       0x20 c:/software/altera/15.1/nios2eds/bin/gnu/h-x86_64-mingw32/bin/../lib/gcc/nios2-elf/4.9.2/../../../../../H-x86_64-mingw32/nios2-elf/lib\libc.a(lib_a-mallocr.o)
 .debug_aranges
                0x0000000000000888       0x20 c:/software/altera/15.1/nios2eds/bin/gnu/h-x86_64-mingw32/bin/../lib/gcc/nios2-elf/4.9.2/../../../../../H-x86_64-mingw32/nios2-elf/lib\libc.a(lib_a-sbrkr.o)
 .debug_aranges
                0x00000000000008a8       0x40 c:/software/altera/15.1/nios2eds/bin/gnu/h-x86_64-mingw32/bin/../lib/gcc/nios2-elf/4.9.2/../../../../../H-x86_64-mingw32/nios2-elf/lib\libc.a(lib_a-stdio.o)
 .debug_aranges
                0x00000000000008e8       0x20 c:/software/altera/15.1/nios2eds/bin/gnu/h-x86_64-mingw32/bin/../lib/gcc/nios2-elf/4.9.2/../../../../../H-x86_64-mingw32/nios2-elf/lib\libc.a(lib_a-writer.o)
 .debug_aranges
                0x0000000000000908       0x20 c:/software/altera/15.1/nios2eds/bin/gnu/h-x86_64-mingw32/bin/../lib/gcc/nios2-elf/4.9.2/../../../../../H-x86_64-mingw32/nios2-elf/lib\libc.a(closer.o)
 .debug_aranges
                0x0000000000000928       0x28 c:/software/altera/15.1/nios2eds/bin/gnu/h-x86_64-mingw32/bin/../lib/gcc/nios2-elf/4.9.2/../../../../../H-x86_64-mingw32/nios2-elf/lib\libc.a(lib_a-fclose.o)
 .debug_aranges
                0x0000000000000950       0x20 c:/software/altera/15.1/nios2eds/bin/gnu/h-x86_64-mingw32/bin/../lib/gcc/nios2-elf/4.9.2/../../../../../H-x86_64-mingw32/nios2-elf/lib\libc.a(lib_a-fstatr.o)
 .debug_aranges
                0x0000000000000970       0x20 c:/software/altera/15.1/nios2eds/bin/gnu/h-x86_64-mingw32/bin/../lib/gcc/nios2-elf/4.9.2/../../../../../H-x86_64-mingw32/nios2-elf/lib\libc.a(lib_a-isattyr.o)
 .debug_aranges
                0x0000000000000990       0x20 c:/software/altera/15.1/nios2eds/bin/gnu/h-x86_64-mingw32/bin/../lib/gcc/nios2-elf/4.9.2/../../../../../H-x86_64-mingw32/nios2-elf/lib\libc.a(lib_a-lseekr.o)
 .debug_aranges
                0x00000000000009b0       0x20 c:/software/altera/15.1/nios2eds/bin/gnu/h-x86_64-mingw32/bin/../lib/gcc/nios2-elf/4.9.2/../../../../../H-x86_64-mingw32/nios2-elf/lib\libc.a(lib_a-readr.o)
 .debug_aranges
                0x00000000000009d0       0x20 c:/software/altera/15.1/nios2eds/bin/gnu/h-x86_64-mingw32/bin/../lib/gcc/nios2-elf/4.9.2\libgcc.a(lib2-divmod.o)
 .debug_aranges
                0x00000000000009f0       0x20 ../Lab2_Loop_Audio_bsp/\libhal_bsp.a(alt_exit.o)
 .debug_aranges
                0x0000000000000a10       0x20 ../Lab2_Loop_Audio_bsp/\libhal_bsp.a(alt_fstat.o)
 .debug_aranges
                0x0000000000000a30       0x20 ../Lab2_Loop_Audio_bsp/\libhal_bsp.a(alt_isatty.o)
 .debug_aranges
                0x0000000000000a50       0x20 ../Lab2_Loop_Audio_bsp/\libhal_bsp.a(alt_lseek.o)
 .debug_aranges
                0x0000000000000a70       0x20 ../Lab2_Loop_Audio_bsp/\libhal_bsp.a(alt_malloc_lock.o)
 .debug_aranges
                0x0000000000000a90       0x20 ../Lab2_Loop_Audio_bsp/\libhal_bsp.a(alt_read.o)
 .debug_aranges
                0x0000000000000ab0       0x20 ../Lab2_Loop_Audio_bsp/\libhal_bsp.a(alt_sbrk.o)
 .debug_aranges
                0x0000000000000ad0       0x20 ../Lab2_Loop_Audio_bsp/\libhal_bsp.a(alt_write.o)

.debug_pubnames
 *(.debug_pubnames)

.debug_info     0x0000000000000000    0x177d9
 *(.debug_info .gnu.linkonce.wi.*)
 .debug_info    0x0000000000000000       0x75 ../Lab2_Loop_Audio_bsp//obj/HAL/src/crt0.o
 .debug_info    0x0000000000000075      0x334 obj/default/hello_world.o