Flow report for LogicalStep_top
Thu Sep 28 16:31:19 2017
Quartus Prime Version 15.1.0 Build 185 10/21/2015 SJ Standard Edition


---------------------
; Table of Contents ;
---------------------
  1. Legal Notice
  2. Flow Summary
  3. Flow Settings
  4. Flow Non-Default Global Settings
  5. Flow Elapsed Time
  6. Flow OS Summary
  7. Flow Log
  8. Flow Messages
  9. Flow Suppressed Messages



----------------
; Legal Notice ;
----------------
Copyright (C) 1991-2015 Altera Corporation. All rights reserved.
Your use of Altera Corporation's design tools, logic functions 
and other software and tools, and its AMPP partner logic 
functions, and any output files from any of the foregoing 
(including device programming or simulation files), and any 
associated documentation or information are expressly subject 
to the terms and conditions of the Altera Program License 
Subscription Agreement, the Altera Quartus Prime License Agreement,
the Altera MegaCore Function License Agreement, or other 
applicable license agreement, including, without limitation, 
that your use is for the sole purpose of programming logic 
devices manufactured by Altera and sold by Altera or its 
authorized distributors.  Please refer to the applicable 
agreement for further details.



+--------------------------------------------------------------------------------------+
; Flow Summary                                                                         ;
+------------------------------------+-------------------------------------------------+
; Flow Status                        ; Successful - Thu Sep 28 16:31:19 2017           ;
; Quartus Prime Version              ; 15.1.0 Build 185 10/21/2015 SJ Standard Edition ;
; Revision Name                      ; LogicalStep_top                                 ;
; Top-level Entity Name              ; LogicalStep_top                                 ;
; Family                             ; MAX 10                                          ;
; Device                             ; 10M08SAE144C8G                                  ;
; Timing Models                      ; Final                                           ;
; Total logic elements               ; 6,823 / 8,064 ( 85 % )                          ;
;     Total combinational functions  ; 5,881 / 8,064 ( 73 % )                          ;
;     Dedicated logic registers      ; 4,410 / 8,064 ( 55 % )                          ;
; Total registers                    ; 4478                                            ;
; Total pins                         ; 96 / 101 ( 95 % )                               ;
; Total virtual pins                 ; 0                                               ;
; Total memory bits                  ; 114,048 / 387,072 ( 29 % )                      ;
; Embedded Multiplier 9-bit elements ; 6 / 48 ( 13 % )                                 ;
; Total PLLs                         ; 1 / 1 ( 100 % )                                 ;
; UFM blocks                         ; 0 / 1 ( 0 % )                                   ;
; ADC blocks                         ; 0 / 1 ( 0 % )                                   ;
+------------------------------------+-------------------------------------------------+


+-----------------------------------------+
; Flow Settings                           ;
+-------------------+---------------------+
; Option            ; Setting             ;
+-------------------+---------------------+
; Start date & time ; 09/28/2017 16:28:52 ;
; Main task         ; Compilation         ;
; Revision Name     ; LogicalStep_top     ;
+-------------------+---------------------+


+------------------------------------------------------------------------------------------------------------------------------------------------------------------+
; Flow Non-Default Global Settings                                                                                                                                 ;
+-------------------------------------+-----------------------------------------------------------------------------+---------------+-------------+----------------+
; Assignment Name                     ; Value                                                                       ; Default Value ; Entity Name ; Section Id     ;
+-------------------------------------+-----------------------------------------------------------------------------+---------------+-------------+----------------+
; COMPILER_SIGNATURE_ID               ; 268612362186180.150663053206224                                             ; --            ; --          ; --             ;
; EDA_OUTPUT_DATA_FORMAT              ; Vhdl                                                                        ; --            ; --          ; eda_simulation ;
; EDA_SIMULATION_TOOL                 ; ModelSim-Altera (VHDL)                                                      ; <None>        ; --          ; --             ;
; ENABLE_SIGNALTAP                    ; On                                                                          ; --            ; --          ; --             ;
; FLOW_ENABLE_POWER_ANALYZER          ; On                                                                          ; Off           ; --          ; --             ;
; IOBANK_VCCIO                        ; 3.3V                                                                        ; --            ; --          ; 1A             ;
; IOBANK_VCCIO                        ; 3.3V                                                                        ; --            ; --          ; 1B             ;
; IOBANK_VCCIO                        ; 3.3V                                                                        ; --            ; --          ; 2              ;
; IOBANK_VCCIO                        ; 3.3V                                                                        ; --            ; --          ; 3              ;
; IOBANK_VCCIO                        ; 3.3V                                                                        ; --            ; --          ; 4              ;
; IOBANK_VCCIO                        ; 3.3V                                                                        ; --            ; --          ; 5              ;
; IOBANK_VCCIO                        ; 3.3V                                                                        ; --            ; --          ; 6              ;
; IOBANK_VCCIO                        ; 3.3V                                                                        ; --            ; --          ; 7              ;
; IOBANK_VCCIO                        ; 3.3V                                                                        ; --            ; --          ; 8              ;
; MAX_CORE_JUNCTION_TEMP              ; 85                                                                          ; --            ; --          ; --             ;
; MIN_CORE_JUNCTION_TEMP              ; 0                                                                           ; --            ; --          ; --             ;
; MISC_FILE                           ; QD1/synthesis/../QD1.cmp                                                    ; --            ; --          ; --             ;
; MISC_FILE                           ; QD1/synthesis/../../QD1.qsys                                                ; --            ; --          ; --             ;
; OUTPUT_IO_TIMING_FAR_END_VMEAS      ; Half Signal Swing                                                           ; --            ; --          ; --             ;
; OUTPUT_IO_TIMING_FAR_END_VMEAS      ; Half Signal Swing                                                           ; --            ; --          ; --             ;
; OUTPUT_IO_TIMING_NEAR_END_VMEAS     ; Half Vccio                                                                  ; --            ; --          ; --             ;
; OUTPUT_IO_TIMING_NEAR_END_VMEAS     ; Half Vccio                                                                  ; --            ; --          ; --             ;
; PARTITION_COLOR                     ; 16764057                                                                    ; --            ; --          ; Top            ;
; PARTITION_FITTER_PRESERVATION_LEVEL ; PLACEMENT_AND_ROUTING                                                       ; --            ; --          ; Top            ;
; PARTITION_NETLIST_TYPE              ; SOURCE                                                                      ; --            ; --          ; Top            ;
; POWER_BOARD_THERMAL_MODEL           ; None (CONSERVATIVE)                                                         ; --            ; --          ; --             ;
; POWER_DEFAULT_INPUT_IO_TOGGLE_RATE  ; 12.5 %                                                                      ; 12.5%         ; --          ; --             ;
; POWER_PRESET_COOLING_SOLUTION       ; 23 MM HEAT SINK WITH 200 LFPM AIRFLOW                                       ; --            ; --          ; --             ;
; PROJECT_OUTPUT_DIRECTORY            ; output_files                                                                ; --            ; --          ; --             ;
; SLD_FILE                            ; QD1/synthesis/QD1.regmap                                                    ; --            ; --          ; --             ;
; SLD_FILE                            ; QD1/synthesis/QD1.debuginfo                                                 ; --            ; --          ; --             ;
; SLD_FILE                            ; db/Lab1_auto_stripped.stp                                                   ; --            ; --          ; --             ;
; SLD_INFO                            ; QSYS_NAME QD1 HAS_SOPCINFO 1 GENERATION_ID 1505416343                       ; --            ; QD1         ; --             ;
; SLD_NODE_CREATOR_ID                 ; 110                                                                         ; --            ; --          ; Lab1           ;
; SLD_NODE_ENTITY_NAME                ; sld_signaltap                                                               ; --            ; --          ; Lab1           ;
; SLD_NODE_PARAMETER_ASSIGNMENT       ; SLD_RAM_BLOCK_TYPE=AUTO                                                     ; --            ; --          ; Lab1           ;
; SLD_NODE_PARAMETER_ASSIGNMENT       ; SLD_DATA_BITS=10                                                            ; --            ; --          ; Lab1           ;
; SLD_NODE_PARAMETER_ASSIGNMENT       ; SLD_TRIGGER_BITS=10                                                         ; --            ; --          ; Lab1           ;
; SLD_NODE_PARAMETER_ASSIGNMENT       ; SLD_STORAGE_QUALIFIER_BITS=10                                               ; --            ; --          ; Lab1           ;
; SLD_NODE_PARAMETER_ASSIGNMENT       ; SLD_NODE_INFO=805334528                                                     ; --            ; --          ; Lab1           ;
; SLD_NODE_PARAMETER_ASSIGNMENT       ; SLD_POWER_UP_TRIGGER=0                                                      ; --            ; --          ; Lab1           ;
; SLD_NODE_PARAMETER_ASSIGNMENT       ; SLD_INVERSION_MASK=00000000000000000000000000000000000000000000000000000000 ; --            ; --          ; Lab1           ;
; SLD_NODE_PARAMETER_ASSIGNMENT       ; SLD_INVERSION_MASK_LENGTH=56                                                ; --            ; --          ; Lab1           ;
; SLD_NODE_PARAMETER_ASSIGNMENT       ; SLD_STORAGE_QUALIFIER_INVERSION_MASK_LENGTH=0                               ; --            ; --          ; Lab1           ;
; SLD_NODE_PARAMETER_ASSIGNMENT       ; SLD_SEGMENT_SIZE=4096                                                       ; --            ; --          ; Lab1           ;
; SLD_NODE_PARAMETER_ASSIGNMENT       ; SLD_ATTRIBUTE_MEM_MODE=OFF                                                  ; --            ; --          ; Lab1           ;
; SLD_NODE_PARAMETER_ASSIGNMENT       ; SLD_STATE_FLOW_USE_GENERATED=0                                              ; --            ; --          ; Lab1           ;
; SLD_NODE_PARAMETER_ASSIGNMENT       ; SLD_STATE_BITS=11                                                           ; --            ; --          ; Lab1           ;
; SLD_NODE_PARAMETER_ASSIGNMENT       ; SLD_BUFFER_FULL_STOP=1                                                      ; --            ; --          ; Lab1           ;
; SLD_NODE_PARAMETER_ASSIGNMENT       ; SLD_CURRENT_RESOURCE_WIDTH=1                                                ; --            ; --          ; Lab1           ;
; SLD_NODE_PARAMETER_ASSIGNMENT       ; SLD_INCREMENTAL_ROUTING=1                                                   ; --            ; --          ; Lab1           ;
; SLD_NODE_PARAMETER_ASSIGNMENT       ; SLD_TRIGGER_LEVEL=1                                                         ; --            ; --          ; Lab1           ;
; SLD_NODE_PARAMETER_ASSIGNMENT       ; SLD_SAMPLE_DEPTH=4096                                                       ; --            ; --          ; Lab1           ;
; SLD_NODE_PARAMETER_ASSIGNMENT       ; SLD_TRIGGER_IN_ENABLED=0                                                    ; --            ; --          ; Lab1           ;
; SLD_NODE_PARAMETER_ASSIGNMENT       ; SLD_ADVANCED_TRIGGER_ENTITY=basic,1,                                        ; --            ; --          ; Lab1           ;
; SLD_NODE_PARAMETER_ASSIGNMENT       ; SLD_TRIGGER_LEVEL_PIPELINE=1                                                ; --            ; --          ; Lab1           ;
; SLD_NODE_PARAMETER_ASSIGNMENT       ; SLD_ENABLE_ADVANCED_TRIGGER=0                                               ; --            ; --          ; Lab1           ;
; SOPCINFO_FILE                       ; QD1/synthesis/../../QD1.sopcinfo                                            ; --            ; --          ; --             ;
; SYNTHESIS_ONLY_QIP                  ; On                                                                          ; --            ; --          ; --             ;
; TIMEQUEST_MULTICORNER_ANALYSIS      ; Off                                                                         ; On            ; --          ; --             ;
; USE_SIGNALTAP_FILE                  ; Lab1.stp                                                                    ; --            ; --          ; --             ;
+-------------------------------------+-----------------------------------------------------------------------------+---------------+-------------+----------------+


+-------------------------------------------------------------------------------------------------------------------------------+
; Flow Elapsed Time                                                                                                             ;
+---------------------------+--------------+-------------------------+---------------------+------------------------------------+
; Module Name               ; Elapsed Time ; Average Processors Used ; Peak Virtual Memory ; Total CPU Time (on all processors) ;
+---------------------------+--------------+-------------------------+---------------------+------------------------------------+
; Analysis & Synthesis      ; 00:01:02     ; 1.0                     ; 1109 MB             ; 00:01:17                           ;
; Fitter                    ; 00:00:45     ; 1.2                     ; 1599 MB             ; 00:00:55                           ;
; Assembler                 ; 00:00:02     ; 1.0                     ; 787 MB              ; 00:00:02                           ;
; PowerPlay Power Analyzer  ; 00:00:10     ; 1.4                     ; 928 MB              ; 00:00:13                           ;
; TimeQuest Timing Analyzer ; 00:00:02     ; 1.0                     ; 853 MB              ; 00:00:02                           ;
; EDA Netlist Writer        ; 00:00:02     ; 1.0                     ; 805 MB              ; 00:00:02                           ;
; Total                     ; 00:02:03     ; --                      ; --                  ; 00:02:31                           ;
+---------------------------+--------------+-------------------------+---------------------+------------------------------------+


+----------------------------------------------------------------------------------------+
; Flow OS Summary                                                                        ;
+---------------------------+------------------+-----------+------------+----------------+
; Module Name               ; Machine Hostname ; OS Name   ; OS Version ; Processor type ;
+---------------------------+------------------+-----------+------------+----------------+
; Analysis & Synthesis      ; ECE-NUC7i7-019   ; Windows 8 ; 6.2        ; x86_64         ;
; Fitter                    ; ECE-NUC7i7-019   ; Windows 8 ; 6.2        ; x86_64         ;
; Assembler                 ; ECE-NUC7i7-019   ; Windows 8 ; 6.2        ; x86_64         ;
; PowerPlay Power Analyzer  ; ECE-NUC7i7-019   ; Windows 8 ; 6.2        ; x86_64         ;
; TimeQuest Timing Analyzer ; ECE-NUC7i7-019   ; Windows 8 ; 6.2        ; x86_64         ;
; EDA Netlist Writer        ; ECE-NUC7i7-019   ; Windows 8 ; 6.2        ; x86_64         ;
+---------------------------+------------------+-----------+------------+----------------+


------------
; Flow Log ;
------------
quartus_map --read_settings_files=on --write_settings_files=off LogicalStep -c LogicalStep_top
quartus_fit --read_settings_files=off --write_settings_files=off LogicalStep -c LogicalStep_top
quartus_asm --read_settings_files=off --write_settings_files=off LogicalStep -c LogicalStep_top
quartus_pow --read_settings_files=off --write_settings_files=off LogicalStep -c LogicalStep_top
quartus_sta LogicalStep -c LogicalStep_top
quartus_eda --read_settings_files=off --write_settings_files=off LogicalStep -c LogicalStep_top



